Archive member included to satisfy reference by file (symbol)

.\CortexM3\ARM_GCC_541\Debug\WaveDAC8_Example01.a(WaveDAC8_1.o)
                              .\CortexM3\ARM_GCC_541\Debug\main.o (WaveDAC8_1_Start)
.\CortexM3\ARM_GCC_541\Debug\WaveDAC8_Example01.a(WaveDAC8_1_Wave1_DMA_dma.o)
                              .\CortexM3\ARM_GCC_541\Debug\WaveDAC8_Example01.a(WaveDAC8_1.o) (WaveDAC8_1_Wave1_DMA_DmaInitialize)
.\CortexM3\ARM_GCC_541\Debug\WaveDAC8_Example01.a(WaveDAC8_1_Wave2_DMA_dma.o)
                              .\CortexM3\ARM_GCC_541\Debug\WaveDAC8_Example01.a(WaveDAC8_1.o) (WaveDAC8_1_Wave2_DMA_DmaInitialize)
.\CortexM3\ARM_GCC_541\Debug\WaveDAC8_Example01.a(WaveDAC8_1_VDAC8.o)
                              .\CortexM3\ARM_GCC_541\Debug\WaveDAC8_Example01.a(WaveDAC8_1.o) (WaveDAC8_1_VDAC8_Init)
.\CortexM3\ARM_GCC_541\Debug\WaveDAC8_Example01.a(WaveDAC8_1_BuffAmp.o)
                              .\CortexM3\ARM_GCC_541\Debug\WaveDAC8_Example01.a(WaveDAC8_1.o) (WaveDAC8_1_BuffAmp_Init)
.\CortexM3\ARM_GCC_541\Debug\WaveDAC8_Example01.a(CyDmac.o)
                              .\CortexM3\ARM_GCC_541\Debug\Cm3Start.o (CyDmacConfigure)
.\CortexM3\ARM_GCC_541\Debug\WaveDAC8_Example01.a(CyLib.o)
                              .\CortexM3\ARM_GCC_541\Debug\Cm3Start.o (CyResetStatus)
.\CortexM3\ARM_GCC_541\Debug\WaveDAC8_Example01.a(cyPm.o)
                              .\CortexM3\ARM_GCC_541\Debug\WaveDAC8_Example01.a(CyLib.o) (CyPmReadStatus)
.\CortexM3\ARM_GCC_541\Debug\WaveDAC8_Example01.a(Clock_1.o)
                              .\CortexM3\ARM_GCC_541\Debug\main.o (Clock_1_SetDividerRegister)
.\CortexM3\ARM_GCC_541\Debug\WaveDAC8_Example01.a(CyBootAsmGnu.o)
                              .\CortexM3\ARM_GCC_541\Debug\cyfitter_cfg.o (CyDelayCycles)
.\CortexM3\ARM_GCC_541\Debug\WaveDAC8_Example01.a(CyFlash.o)
                              .\CortexM3\ARM_GCC_541\Debug\WaveDAC8_Example01.a(cyPm.o) (CyFlash_SetWaitCycles)
.\CortexM3\ARM_GCC_541\Debug\WaveDAC8_Example01.a(CySpc.o)
                              .\CortexM3\ARM_GCC_541\Debug\WaveDAC8_Example01.a(CyFlash.o) (CySpcStart)
c:/program files (x86)/cypress/psoc creator/4.4/psoc creator/import/gnu/arm/5.4.1/bin/../lib/gcc/arm-none-eabi/5.4.1/../../../../arm-none-eabi/lib/armv7-m\libg_nano.a(lib_a-errno.o)
                              .\CortexM3\ARM_GCC_541\Debug\Cm3Start.o (__errno)
c:/program files (x86)/cypress/psoc creator/4.4/psoc creator/import/gnu/arm/5.4.1/bin/../lib/gcc/arm-none-eabi/5.4.1/../../../../arm-none-eabi/lib/armv7-m\libg_nano.a(lib_a-exit.o)
                              c:/program files (x86)/cypress/psoc creator/4.4/psoc creator/import/gnu/arm/5.4.1/bin/../lib/gcc/arm-none-eabi/5.4.1/../../../../arm-none-eabi/lib/armv7-m/crt0.o (exit)
c:/program files (x86)/cypress/psoc creator/4.4/psoc creator/import/gnu/arm/5.4.1/bin/../lib/gcc/arm-none-eabi/5.4.1/../../../../arm-none-eabi/lib/armv7-m\libg_nano.a(lib_a-impure.o)
                              c:/program files (x86)/cypress/psoc creator/4.4/psoc creator/import/gnu/arm/5.4.1/bin/../lib/gcc/arm-none-eabi/5.4.1/../../../../arm-none-eabi/lib/armv7-m\libg_nano.a(lib_a-exit.o) (_global_impure_ptr)
c:/program files (x86)/cypress/psoc creator/4.4/psoc creator/import/gnu/arm/5.4.1/bin/../lib/gcc/arm-none-eabi/5.4.1/../../../../arm-none-eabi/lib/armv7-m\libg_nano.a(lib_a-init.o)
                              c:/program files (x86)/cypress/psoc creator/4.4/psoc creator/import/gnu/arm/5.4.1/bin/../lib/gcc/arm-none-eabi/5.4.1/../../../../arm-none-eabi/lib/armv7-m/crt0.o (__libc_init_array)
c:/program files (x86)/cypress/psoc creator/4.4/psoc creator/import/gnu/arm/5.4.1/bin/../lib/gcc/arm-none-eabi/5.4.1/../../../../arm-none-eabi/lib/armv7-m\libg_nano.a(lib_a-memcpy-stub.o)
                              .\CortexM3\ARM_GCC_541\Debug\cyfitter_cfg.o (memcpy)
c:/program files (x86)/cypress/psoc creator/4.4/psoc creator/import/gnu/arm/5.4.1/bin/../lib/gcc/arm-none-eabi/5.4.1/../../../../arm-none-eabi/lib/armv7-m\libg_nano.a(lib_a-memset.o)
                              c:/program files (x86)/cypress/psoc creator/4.4/psoc creator/import/gnu/arm/5.4.1/bin/../lib/gcc/arm-none-eabi/5.4.1/../../../../arm-none-eabi/lib/armv7-m/crt0.o (memset)

Allocating common symbols
Common symbol       size              file

dieTemperature      0x2               .\CortexM3\ARM_GCC_541\Debug\WaveDAC8_Example01.a(CyFlash.o)

Discarded input sections

 .text          0x00000000        0x0 c:/program files (x86)/cypress/psoc creator/4.4/psoc creator/import/gnu/arm/5.4.1/bin/../lib/gcc/arm-none-eabi/5.4.1/armv7-m/crti.o
 .data          0x00000000        0x0 c:/program files (x86)/cypress/psoc creator/4.4/psoc creator/import/gnu/arm/5.4.1/bin/../lib/gcc/arm-none-eabi/5.4.1/armv7-m/crti.o
 .bss           0x00000000        0x0 c:/program files (x86)/cypress/psoc creator/4.4/psoc creator/import/gnu/arm/5.4.1/bin/../lib/gcc/arm-none-eabi/5.4.1/armv7-m/crti.o
 .data          0x00000000        0x4 c:/program files (x86)/cypress/psoc creator/4.4/psoc creator/import/gnu/arm/5.4.1/bin/../lib/gcc/arm-none-eabi/5.4.1/armv7-m/crtbegin.o
 .text          0x00000000       0x74 c:/program files (x86)/cypress/psoc creator/4.4/psoc creator/import/gnu/arm/5.4.1/bin/../lib/gcc/arm-none-eabi/5.4.1/../../../../arm-none-eabi/lib/armv7-m/crt0.o
 .data          0x00000000        0x0 c:/program files (x86)/cypress/psoc creator/4.4/psoc creator/import/gnu/arm/5.4.1/bin/../lib/gcc/arm-none-eabi/5.4.1/../../../../arm-none-eabi/lib/armv7-m/crt0.o
 .bss           0x00000000        0x0 c:/program files (x86)/cypress/psoc creator/4.4/psoc creator/import/gnu/arm/5.4.1/bin/../lib/gcc/arm-none-eabi/5.4.1/../../../../arm-none-eabi/lib/armv7-m/crt0.o
 .ARM.extab     0x00000000        0x0 c:/program files (x86)/cypress/psoc creator/4.4/psoc creator/import/gnu/arm/5.4.1/bin/../lib/gcc/arm-none-eabi/5.4.1/../../../../arm-none-eabi/lib/armv7-m/crt0.o
 .ARM.exidx     0x00000000        0x8 c:/program files (x86)/cypress/psoc creator/4.4/psoc creator/import/gnu/arm/5.4.1/bin/../lib/gcc/arm-none-eabi/5.4.1/../../../../arm-none-eabi/lib/armv7-m/crt0.o
 .text          0x00000000        0x0 .\CortexM3\ARM_GCC_541\Debug\main.o
 .text          0x00000000        0x0 .\CortexM3\ARM_GCC_541\Debug\cyfitter_cfg.o
 .data          0x00000000        0x0 .\CortexM3\ARM_GCC_541\Debug\cyfitter_cfg.o
 .bss           0x00000000        0x0 .\CortexM3\ARM_GCC_541\Debug\cyfitter_cfg.o
 .text.CYCONFIGCPYCODE
                0x00000000       0x20 .\CortexM3\ARM_GCC_541\Debug\cyfitter_cfg.o
 .text.SetAnalogRoutingPumps
                0x00000000       0x3c .\CortexM3\ARM_GCC_541\Debug\cyfitter_cfg.o
 .text          0x00000000        0x0 .\CortexM3\ARM_GCC_541\Debug\cymetadata.o
 .data          0x00000000        0x0 .\CortexM3\ARM_GCC_541\Debug\cymetadata.o
 .bss           0x00000000        0x0 .\CortexM3\ARM_GCC_541\Debug\cymetadata.o
 .text          0x00000000        0x0 .\CortexM3\ARM_GCC_541\Debug\Cm3Start.o
 .data          0x00000000        0x4 .\CortexM3\ARM_GCC_541\Debug\Cm3Start.o
 .bss           0x00000000        0x0 .\CortexM3\ARM_GCC_541\Debug\Cm3Start.o
 .text._exit    0x00000000       0x14 .\CortexM3\ARM_GCC_541\Debug\Cm3Start.o
 .text._sbrk    0x00000000       0x54 .\CortexM3\ARM_GCC_541\Debug\Cm3Start.o
 .text          0x00000000        0x0 .\CortexM3\ARM_GCC_541\Debug\WaveDAC8_Example01.a(WaveDAC8_1.o)
 .data          0x00000000        0x0 .\CortexM3\ARM_GCC_541\Debug\WaveDAC8_Example01.a(WaveDAC8_1.o)
 .text.WaveDAC8_1_StartEx
                0x00000000       0x34 .\CortexM3\ARM_GCC_541\Debug\WaveDAC8_Example01.a(WaveDAC8_1.o)
 .text          0x00000000        0x0 .\CortexM3\ARM_GCC_541\Debug\WaveDAC8_Example01.a(WaveDAC8_1_Wave1_DMA_dma.o)
 .bss           0x00000000        0x0 .\CortexM3\ARM_GCC_541\Debug\WaveDAC8_Example01.a(WaveDAC8_1_Wave1_DMA_dma.o)
 .text.WaveDAC8_1_Wave1_DMA_DmaRelease
                0x00000000       0x18 .\CortexM3\ARM_GCC_541\Debug\WaveDAC8_Example01.a(WaveDAC8_1_Wave1_DMA_dma.o)
 .text          0x00000000        0x0 .\CortexM3\ARM_GCC_541\Debug\WaveDAC8_Example01.a(WaveDAC8_1_Wave2_DMA_dma.o)
 .bss           0x00000000        0x0 .\CortexM3\ARM_GCC_541\Debug\WaveDAC8_Example01.a(WaveDAC8_1_Wave2_DMA_dma.o)
 .text.WaveDAC8_1_Wave2_DMA_DmaRelease
                0x00000000       0x18 .\CortexM3\ARM_GCC_541\Debug\WaveDAC8_Example01.a(WaveDAC8_1_Wave2_DMA_dma.o)
 .text          0x00000000        0x0 .\CortexM3\ARM_GCC_541\Debug\WaveDAC8_Example01.a(WaveDAC8_1_VDAC8.o)
 .data          0x00000000        0x0 .\CortexM3\ARM_GCC_541\Debug\WaveDAC8_Example01.a(WaveDAC8_1_VDAC8.o)
 .bss           0x00000000        0x1 .\CortexM3\ARM_GCC_541\Debug\WaveDAC8_Example01.a(WaveDAC8_1_VDAC8.o)
 .text.WaveDAC8_1_VDAC8_Start
                0x00000000       0x28 .\CortexM3\ARM_GCC_541\Debug\WaveDAC8_Example01.a(WaveDAC8_1_VDAC8.o)
 .text          0x00000000        0x0 .\CortexM3\ARM_GCC_541\Debug\WaveDAC8_Example01.a(WaveDAC8_1_BuffAmp.o)
 .data          0x00000000        0x0 .\CortexM3\ARM_GCC_541\Debug\WaveDAC8_Example01.a(WaveDAC8_1_BuffAmp.o)
 .bss           0x00000000        0x1 .\CortexM3\ARM_GCC_541\Debug\WaveDAC8_Example01.a(WaveDAC8_1_BuffAmp.o)
 .text.WaveDAC8_1_BuffAmp_Start
                0x00000000       0x24 .\CortexM3\ARM_GCC_541\Debug\WaveDAC8_Example01.a(WaveDAC8_1_BuffAmp.o)
 .text.WaveDAC8_1_BuffAmp_Stop
                0x00000000       0x54 .\CortexM3\ARM_GCC_541\Debug\WaveDAC8_Example01.a(WaveDAC8_1_BuffAmp.o)
 .text          0x00000000        0x0 .\CortexM3\ARM_GCC_541\Debug\WaveDAC8_Example01.a(CyDmac.o)
 .bss           0x00000000        0x0 .\CortexM3\ARM_GCC_541\Debug\WaveDAC8_Example01.a(CyDmac.o)
 .text.CyDmacError
                0x00000000       0x1c .\CortexM3\ARM_GCC_541\Debug\WaveDAC8_Example01.a(CyDmac.o)
 .text.CyDmacClearError
                0x00000000       0x24 .\CortexM3\ARM_GCC_541\Debug\WaveDAC8_Example01.a(CyDmac.o)
 .text.CyDmacErrorAddress
                0x00000000       0x14 .\CortexM3\ARM_GCC_541\Debug\WaveDAC8_Example01.a(CyDmac.o)
 .text.CyDmaChAlloc
                0x00000000       0x64 .\CortexM3\ARM_GCC_541\Debug\WaveDAC8_Example01.a(CyDmac.o)
 .text.CyDmaChFree
                0x00000000       0x4c .\CortexM3\ARM_GCC_541\Debug\WaveDAC8_Example01.a(CyDmac.o)
 .text.CyDmaClearPendingDrq
                0x00000000       0x60 .\CortexM3\ARM_GCC_541\Debug\WaveDAC8_Example01.a(CyDmac.o)
 .text.CyDmaChSetRequest
                0x00000000       0x58 .\CortexM3\ARM_GCC_541\Debug\WaveDAC8_Example01.a(CyDmac.o)
 .text.CyDmaChGetRequest
                0x00000000       0x38 .\CortexM3\ARM_GCC_541\Debug\WaveDAC8_Example01.a(CyDmac.o)
 .text.CyDmaChStatus
                0x00000000       0x60 .\CortexM3\ARM_GCC_541\Debug\WaveDAC8_Example01.a(CyDmac.o)
 .text.CyDmaTdFree
                0x00000000       0x58 .\CortexM3\ARM_GCC_541\Debug\WaveDAC8_Example01.a(CyDmac.o)
 .text.CyDmaTdFreeCount
                0x00000000       0x18 .\CortexM3\ARM_GCC_541\Debug\WaveDAC8_Example01.a(CyDmac.o)
 .text.CyDmaTdGetConfiguration
                0x00000000       0x84 .\CortexM3\ARM_GCC_541\Debug\WaveDAC8_Example01.a(CyDmac.o)
 .text.CyDmaTdGetAddress
                0x00000000       0x6c .\CortexM3\ARM_GCC_541\Debug\WaveDAC8_Example01.a(CyDmac.o)
 .text.CyDmaChRoundRobin
                0x00000000       0x70 .\CortexM3\ARM_GCC_541\Debug\WaveDAC8_Example01.a(CyDmac.o)
 .text          0x00000000        0x0 .\CortexM3\ARM_GCC_541\Debug\WaveDAC8_Example01.a(CyLib.o)
 .bss           0x00000000       0x19 .\CortexM3\ARM_GCC_541\Debug\WaveDAC8_Example01.a(CyLib.o)
 .text.CyPLL_OUT_Start
                0x00000000       0xb0 .\CortexM3\ARM_GCC_541\Debug\WaveDAC8_Example01.a(CyLib.o)
 .text.CyPLL_OUT_Stop
                0x00000000       0x20 .\CortexM3\ARM_GCC_541\Debug\WaveDAC8_Example01.a(CyLib.o)
 .text.CyPLL_OUT_SetPQ
                0x00000000       0x94 .\CortexM3\ARM_GCC_541\Debug\WaveDAC8_Example01.a(CyLib.o)
 .text.CyPLL_OUT_SetSource
                0x00000000       0x58 .\CortexM3\ARM_GCC_541\Debug\WaveDAC8_Example01.a(CyLib.o)
 .text.CyIMO_Start
                0x00000000       0x94 .\CortexM3\ARM_GCC_541\Debug\WaveDAC8_Example01.a(CyLib.o)
 .text.CyIMO_Stop
                0x00000000       0x34 .\CortexM3\ARM_GCC_541\Debug\WaveDAC8_Example01.a(CyLib.o)
 .text.CyUSB_PowerOnCheck
                0x00000000       0x60 .\CortexM3\ARM_GCC_541\Debug\WaveDAC8_Example01.a(CyLib.o)
 .text.CyIMO_SetTrimValue
                0x00000000      0x108 .\CortexM3\ARM_GCC_541\Debug\WaveDAC8_Example01.a(CyLib.o)
 .text.CyIMO_SetFreq
                0x00000000      0x1b0 .\CortexM3\ARM_GCC_541\Debug\WaveDAC8_Example01.a(CyLib.o)
 .text.CyIMO_SetSource
                0x00000000       0x8c .\CortexM3\ARM_GCC_541\Debug\WaveDAC8_Example01.a(CyLib.o)
 .text.CyIMO_EnableDoubler
                0x00000000       0x20 .\CortexM3\ARM_GCC_541\Debug\WaveDAC8_Example01.a(CyLib.o)
 .text.CyIMO_DisableDoubler
                0x00000000       0x20 .\CortexM3\ARM_GCC_541\Debug\WaveDAC8_Example01.a(CyLib.o)
 .text.CyMasterClk_SetSource
                0x00000000       0x34 .\CortexM3\ARM_GCC_541\Debug\WaveDAC8_Example01.a(CyLib.o)
 .text.CyMasterClk_SetDivider
                0x00000000       0x20 .\CortexM3\ARM_GCC_541\Debug\WaveDAC8_Example01.a(CyLib.o)
 .text.CyBusClk_Internal_SetDivider
                0x00000000       0x78 .\CortexM3\ARM_GCC_541\Debug\WaveDAC8_Example01.a(CyLib.o)
 .text.CyBusClk_SetDivider
                0x00000000       0xb4 .\CortexM3\ARM_GCC_541\Debug\WaveDAC8_Example01.a(CyLib.o)
 .text.CyUsbClk_SetSource
                0x00000000       0x34 .\CortexM3\ARM_GCC_541\Debug\WaveDAC8_Example01.a(CyLib.o)
 .text.CyILO_Start1K
                0x00000000       0x20 .\CortexM3\ARM_GCC_541\Debug\WaveDAC8_Example01.a(CyLib.o)
 .text.CyILO_Stop1K
                0x00000000       0x20 .\CortexM3\ARM_GCC_541\Debug\WaveDAC8_Example01.a(CyLib.o)
 .text.CyILO_Start100K
                0x00000000       0x20 .\CortexM3\ARM_GCC_541\Debug\WaveDAC8_Example01.a(CyLib.o)
 .text.CyILO_Stop100K
                0x00000000       0x20 .\CortexM3\ARM_GCC_541\Debug\WaveDAC8_Example01.a(CyLib.o)
 .text.CyILO_Enable33K
                0x00000000       0x20 .\CortexM3\ARM_GCC_541\Debug\WaveDAC8_Example01.a(CyLib.o)
 .text.CyILO_Disable33K
                0x00000000       0x20 .\CortexM3\ARM_GCC_541\Debug\WaveDAC8_Example01.a(CyLib.o)
 .text.CyILO_SetSource
                0x00000000       0x38 .\CortexM3\ARM_GCC_541\Debug\WaveDAC8_Example01.a(CyLib.o)
 .text.CyILO_SetPowerMode
                0x00000000       0x4c .\CortexM3\ARM_GCC_541\Debug\WaveDAC8_Example01.a(CyLib.o)
 .text.CyXTAL_32KHZ_Start
                0x00000000       0x88 .\CortexM3\ARM_GCC_541\Debug\WaveDAC8_Example01.a(CyLib.o)
 .text.CyXTAL_32KHZ_Stop
                0x00000000       0x50 .\CortexM3\ARM_GCC_541\Debug\WaveDAC8_Example01.a(CyLib.o)
 .text.CyXTAL_32KHZ_ReadStatus
                0x00000000       0x1c .\CortexM3\ARM_GCC_541\Debug\WaveDAC8_Example01.a(CyLib.o)
 .text.CyXTAL_32KHZ_SetPowerMode
                0x00000000       0xb4 .\CortexM3\ARM_GCC_541\Debug\WaveDAC8_Example01.a(CyLib.o)
 .text.CyXTAL_Start
                0x00000000       0xd0 .\CortexM3\ARM_GCC_541\Debug\WaveDAC8_Example01.a(CyLib.o)
 .text.CyXTAL_Stop
                0x00000000       0x20 .\CortexM3\ARM_GCC_541\Debug\WaveDAC8_Example01.a(CyLib.o)
 .text.CyXTAL_EnableErrStatus
                0x00000000       0x20 .\CortexM3\ARM_GCC_541\Debug\WaveDAC8_Example01.a(CyLib.o)
 .text.CyXTAL_DisableErrStatus
                0x00000000       0x20 .\CortexM3\ARM_GCC_541\Debug\WaveDAC8_Example01.a(CyLib.o)
 .text.CyXTAL_ReadStatus
                0x00000000       0x24 .\CortexM3\ARM_GCC_541\Debug\WaveDAC8_Example01.a(CyLib.o)
 .text.CyXTAL_EnableFaultRecovery
                0x00000000       0x20 .\CortexM3\ARM_GCC_541\Debug\WaveDAC8_Example01.a(CyLib.o)
 .text.CyXTAL_DisableFaultRecovery
                0x00000000       0x20 .\CortexM3\ARM_GCC_541\Debug\WaveDAC8_Example01.a(CyLib.o)
 .text.CyXTAL_SetStartup
                0x00000000       0x34 .\CortexM3\ARM_GCC_541\Debug\WaveDAC8_Example01.a(CyLib.o)
 .text.CyXTAL_SetFbVoltage
                0x00000000       0x34 .\CortexM3\ARM_GCC_541\Debug\WaveDAC8_Example01.a(CyLib.o)
 .text.CyXTAL_SetWdVoltage
                0x00000000       0x38 .\CortexM3\ARM_GCC_541\Debug\WaveDAC8_Example01.a(CyLib.o)
 .text.CyHalt   0x00000000       0x18 .\CortexM3\ARM_GCC_541\Debug\WaveDAC8_Example01.a(CyLib.o)
 .text.CySoftwareReset
                0x00000000       0x20 .\CortexM3\ARM_GCC_541\Debug\WaveDAC8_Example01.a(CyLib.o)
 .text.CyDelayUs
                0x00000000       0x28 .\CortexM3\ARM_GCC_541\Debug\WaveDAC8_Example01.a(CyLib.o)
 .text.CyDelayFreq
                0x00000000       0x7c .\CortexM3\ARM_GCC_541\Debug\WaveDAC8_Example01.a(CyLib.o)
 .text.CyWdtStart
                0x00000000       0x8c .\CortexM3\ARM_GCC_541\Debug\WaveDAC8_Example01.a(CyLib.o)
 .text.CyWdtClear
                0x00000000       0x18 .\CortexM3\ARM_GCC_541\Debug\WaveDAC8_Example01.a(CyLib.o)
 .text.CyVdLvDigitEnable
                0x00000000       0xcc .\CortexM3\ARM_GCC_541\Debug\WaveDAC8_Example01.a(CyLib.o)
 .text.CyVdLvAnalogEnable
                0x00000000       0xcc .\CortexM3\ARM_GCC_541\Debug\WaveDAC8_Example01.a(CyLib.o)
 .text.CyVdLvDigitDisable
                0x00000000       0x48 .\CortexM3\ARM_GCC_541\Debug\WaveDAC8_Example01.a(CyLib.o)
 .text.CyVdLvAnalogDisable
                0x00000000       0x44 .\CortexM3\ARM_GCC_541\Debug\WaveDAC8_Example01.a(CyLib.o)
 .text.CyVdHvAnalogEnable
                0x00000000       0x7c .\CortexM3\ARM_GCC_541\Debug\WaveDAC8_Example01.a(CyLib.o)
 .text.CyVdHvAnalogDisable
                0x00000000       0x30 .\CortexM3\ARM_GCC_541\Debug\WaveDAC8_Example01.a(CyLib.o)
 .text.CyVdStickyStatus
                0x00000000       0x5c .\CortexM3\ARM_GCC_541\Debug\WaveDAC8_Example01.a(CyLib.o)
 .text.CyVdRealTimeStatus
                0x00000000       0x30 .\CortexM3\ARM_GCC_541\Debug\WaveDAC8_Example01.a(CyLib.o)
 .text.CyDisableInts
                0x00000000       0x34 .\CortexM3\ARM_GCC_541\Debug\WaveDAC8_Example01.a(CyLib.o)
 .text.CyEnableInts
                0x00000000       0x2c .\CortexM3\ARM_GCC_541\Debug\WaveDAC8_Example01.a(CyLib.o)
 .text.CyFlushCache
                0x00000000       0x5c .\CortexM3\ARM_GCC_541\Debug\WaveDAC8_Example01.a(CyLib.o)
 .text.CyIntSetSysVector
                0x00000000       0x4c .\CortexM3\ARM_GCC_541\Debug\WaveDAC8_Example01.a(CyLib.o)
 .text.CyIntGetSysVector
                0x00000000       0x38 .\CortexM3\ARM_GCC_541\Debug\WaveDAC8_Example01.a(CyLib.o)
 .text.CyIntSetVector
                0x00000000       0x50 .\CortexM3\ARM_GCC_541\Debug\WaveDAC8_Example01.a(CyLib.o)
 .text.CyIntGetVector
                0x00000000       0x38 .\CortexM3\ARM_GCC_541\Debug\WaveDAC8_Example01.a(CyLib.o)
 .text.CyIntSetPriority
                0x00000000       0x48 .\CortexM3\ARM_GCC_541\Debug\WaveDAC8_Example01.a(CyLib.o)
 .text.CyIntGetPriority
                0x00000000       0x38 .\CortexM3\ARM_GCC_541\Debug\WaveDAC8_Example01.a(CyLib.o)
 .text.CyIntGetState
                0x00000000       0x44 .\CortexM3\ARM_GCC_541\Debug\WaveDAC8_Example01.a(CyLib.o)
 .text.CySysTickStart
                0x00000000       0x24 .\CortexM3\ARM_GCC_541\Debug\WaveDAC8_Example01.a(CyLib.o)
 .text.CySysTickInit
                0x00000000       0x6c .\CortexM3\ARM_GCC_541\Debug\WaveDAC8_Example01.a(CyLib.o)
 .text.CySysTickEnable
                0x00000000       0x1c .\CortexM3\ARM_GCC_541\Debug\WaveDAC8_Example01.a(CyLib.o)
 .text.CySysTickStop
                0x00000000       0x1c .\CortexM3\ARM_GCC_541\Debug\WaveDAC8_Example01.a(CyLib.o)
 .text.CySysTickEnableInterrupt
                0x00000000       0x1c .\CortexM3\ARM_GCC_541\Debug\WaveDAC8_Example01.a(CyLib.o)
 .text.CySysTickDisableInterrupt
                0x00000000       0x1c .\CortexM3\ARM_GCC_541\Debug\WaveDAC8_Example01.a(CyLib.o)
 .text.CySysTickSetReload
                0x00000000       0x20 .\CortexM3\ARM_GCC_541\Debug\WaveDAC8_Example01.a(CyLib.o)
 .text.CySysTickGetReload
                0x00000000       0x18 .\CortexM3\ARM_GCC_541\Debug\WaveDAC8_Example01.a(CyLib.o)
 .text.CySysTickGetValue
                0x00000000       0x18 .\CortexM3\ARM_GCC_541\Debug\WaveDAC8_Example01.a(CyLib.o)
 .text.CySysTickSetClockSource
                0x00000000       0x38 .\CortexM3\ARM_GCC_541\Debug\WaveDAC8_Example01.a(CyLib.o)
 .text.CySysTickGetClockSource
                0x00000000       0x1c .\CortexM3\ARM_GCC_541\Debug\WaveDAC8_Example01.a(CyLib.o)
 .text.CySysTickGetCountFlag
                0x00000000       0x1c .\CortexM3\ARM_GCC_541\Debug\WaveDAC8_Example01.a(CyLib.o)
 .text.CySysTickClear
                0x00000000       0x18 .\CortexM3\ARM_GCC_541\Debug\WaveDAC8_Example01.a(CyLib.o)
 .text.CySysTickSetCallback
                0x00000000       0x30 .\CortexM3\ARM_GCC_541\Debug\WaveDAC8_Example01.a(CyLib.o)
 .text.CySysTickGetCallback
                0x00000000       0x20 .\CortexM3\ARM_GCC_541\Debug\WaveDAC8_Example01.a(CyLib.o)
 .text.CySysTickServiceCallbacks
                0x00000000       0x44 .\CortexM3\ARM_GCC_541\Debug\WaveDAC8_Example01.a(CyLib.o)
 .text.CyGetUniqueId
                0x00000000       0xc4 .\CortexM3\ARM_GCC_541\Debug\WaveDAC8_Example01.a(CyLib.o)
 .text          0x00000000        0x0 .\CortexM3\ARM_GCC_541\Debug\WaveDAC8_Example01.a(cyPm.o)
 .data          0x00000000        0x0 .\CortexM3\ARM_GCC_541\Debug\WaveDAC8_Example01.a(cyPm.o)
 .bss           0x00000000       0x43 .\CortexM3\ARM_GCC_541\Debug\WaveDAC8_Example01.a(cyPm.o)
 .rodata        0x00000000        0xf .\CortexM3\ARM_GCC_541\Debug\WaveDAC8_Example01.a(cyPm.o)
 .text.CyPmSaveClocks
                0x00000000      0x288 .\CortexM3\ARM_GCC_541\Debug\WaveDAC8_Example01.a(cyPm.o)
 .text.CyPmRestoreClocks
                0x00000000      0x2f0 .\CortexM3\ARM_GCC_541\Debug\WaveDAC8_Example01.a(cyPm.o)
 .text.CyPmAltAct
                0x00000000       0xbc .\CortexM3\ARM_GCC_541\Debug\WaveDAC8_Example01.a(cyPm.o)
 .text.CyPmSleep
                0x00000000      0x170 .\CortexM3\ARM_GCC_541\Debug\WaveDAC8_Example01.a(cyPm.o)
 .text.CyPmHibernate
                0x00000000       0x10 .\CortexM3\ARM_GCC_541\Debug\WaveDAC8_Example01.a(cyPm.o)
 .text.CyPmHibernateEx
                0x00000000      0x158 .\CortexM3\ARM_GCC_541\Debug\WaveDAC8_Example01.a(cyPm.o)
 .text.CyPmReadStatus
                0x00000000       0x5c .\CortexM3\ARM_GCC_541\Debug\WaveDAC8_Example01.a(cyPm.o)
 .text.CyPmHibSaveSet
                0x00000000       0xe8 .\CortexM3\ARM_GCC_541\Debug\WaveDAC8_Example01.a(cyPm.o)
 .text.CyPmHibRestore
                0x00000000       0x78 .\CortexM3\ARM_GCC_541\Debug\WaveDAC8_Example01.a(cyPm.o)
 .text.CyPmCtwSetInterval
                0x00000000       0x94 .\CortexM3\ARM_GCC_541\Debug\WaveDAC8_Example01.a(cyPm.o)
 .text.CyPmOppsSet
                0x00000000       0x44 .\CortexM3\ARM_GCC_541\Debug\WaveDAC8_Example01.a(cyPm.o)
 .text.CyPmFtwSetInterval
                0x00000000       0x94 .\CortexM3\ARM_GCC_541\Debug\WaveDAC8_Example01.a(cyPm.o)
 .text.CyPmHibSlpSaveSet
                0x00000000      0x280 .\CortexM3\ARM_GCC_541\Debug\WaveDAC8_Example01.a(cyPm.o)
 .text.CyPmHibSlpRestore
                0x00000000      0x18c .\CortexM3\ARM_GCC_541\Debug\WaveDAC8_Example01.a(cyPm.o)
 .text.CyPmHviLviSaveDisable
                0x00000000       0xd8 .\CortexM3\ARM_GCC_541\Debug\WaveDAC8_Example01.a(cyPm.o)
 .text.CyPmHviLviRestore
                0x00000000       0x58 .\CortexM3\ARM_GCC_541\Debug\WaveDAC8_Example01.a(cyPm.o)
 .text          0x00000000        0x0 .\CortexM3\ARM_GCC_541\Debug\WaveDAC8_Example01.a(Clock_1.o)
 .data          0x00000000        0x0 .\CortexM3\ARM_GCC_541\Debug\WaveDAC8_Example01.a(Clock_1.o)
 .bss           0x00000000        0x0 .\CortexM3\ARM_GCC_541\Debug\WaveDAC8_Example01.a(Clock_1.o)
 .text.Clock_1_Start
                0x00000000       0x34 .\CortexM3\ARM_GCC_541\Debug\WaveDAC8_Example01.a(Clock_1.o)
 .text.Clock_1_Stop
                0x00000000       0x34 .\CortexM3\ARM_GCC_541\Debug\WaveDAC8_Example01.a(Clock_1.o)
 .text.Clock_1_StopBlock
                0x00000000       0xb0 .\CortexM3\ARM_GCC_541\Debug\WaveDAC8_Example01.a(Clock_1.o)
 .text.Clock_1_StandbyPower
                0x00000000       0x40 .\CortexM3\ARM_GCC_541\Debug\WaveDAC8_Example01.a(Clock_1.o)
 .text.Clock_1_SetModeRegister
                0x00000000       0x34 .\CortexM3\ARM_GCC_541\Debug\WaveDAC8_Example01.a(Clock_1.o)
 .text.Clock_1_ClearModeRegister
                0x00000000       0x34 .\CortexM3\ARM_GCC_541\Debug\WaveDAC8_Example01.a(Clock_1.o)
 .text.Clock_1_GetModeRegister
                0x00000000       0x1c .\CortexM3\ARM_GCC_541\Debug\WaveDAC8_Example01.a(Clock_1.o)
 .text.Clock_1_SetSourceRegister
                0x00000000       0xc4 .\CortexM3\ARM_GCC_541\Debug\WaveDAC8_Example01.a(Clock_1.o)
 .data          0x00000000        0x0 .\CortexM3\ARM_GCC_541\Debug\WaveDAC8_Example01.a(CyBootAsmGnu.o)
 .bss           0x00000000        0x0 .\CortexM3\ARM_GCC_541\Debug\WaveDAC8_Example01.a(CyBootAsmGnu.o)
 .text          0x00000000        0x0 .\CortexM3\ARM_GCC_541\Debug\WaveDAC8_Example01.a(CyFlash.o)
 .data          0x00000000        0x0 .\CortexM3\ARM_GCC_541\Debug\WaveDAC8_Example01.a(CyFlash.o)
 .bss           0x00000000        0x4 .\CortexM3\ARM_GCC_541\Debug\WaveDAC8_Example01.a(CyFlash.o)
 .text.CyFlash_Start
                0x00000000       0x8c .\CortexM3\ARM_GCC_541\Debug\WaveDAC8_Example01.a(CyFlash.o)
 .text.CyFlash_Stop
                0x00000000       0x48 .\CortexM3\ARM_GCC_541\Debug\WaveDAC8_Example01.a(CyFlash.o)
 .text.CySetTempInt
                0x00000000       0x7c .\CortexM3\ARM_GCC_541\Debug\WaveDAC8_Example01.a(CyFlash.o)
 .text.CyFlashGetSpcAlgorithm
                0x00000000       0x70 .\CortexM3\ARM_GCC_541\Debug\WaveDAC8_Example01.a(CyFlash.o)
 .text.CySetTemp
                0x00000000       0x24 .\CortexM3\ARM_GCC_541\Debug\WaveDAC8_Example01.a(CyFlash.o)
 .text.CySetFlashEEBuffer
                0x00000000       0x54 .\CortexM3\ARM_GCC_541\Debug\WaveDAC8_Example01.a(CyFlash.o)
 .text.CyWriteRowData
                0x00000000       0x38 .\CortexM3\ARM_GCC_541\Debug\WaveDAC8_Example01.a(CyFlash.o)
 .text.CyWriteRowFull
                0x00000000      0x154 .\CortexM3\ARM_GCC_541\Debug\WaveDAC8_Example01.a(CyFlash.o)
 .text.CyFlash_SetWaitCycles
                0x00000000       0xbc .\CortexM3\ARM_GCC_541\Debug\WaveDAC8_Example01.a(CyFlash.o)
 .text.CyEEPROM_Start
                0x00000000       0x8c .\CortexM3\ARM_GCC_541\Debug\WaveDAC8_Example01.a(CyFlash.o)
 .text.CyEEPROM_Stop
                0x00000000       0x48 .\CortexM3\ARM_GCC_541\Debug\WaveDAC8_Example01.a(CyFlash.o)
 .text.CyEEPROM_ReadReserve
                0x00000000       0x30 .\CortexM3\ARM_GCC_541\Debug\WaveDAC8_Example01.a(CyFlash.o)
 .text.CyEEPROM_ReadRelease
                0x00000000       0x20 .\CortexM3\ARM_GCC_541\Debug\WaveDAC8_Example01.a(CyFlash.o)
 COMMON         0x00000000        0x2 .\CortexM3\ARM_GCC_541\Debug\WaveDAC8_Example01.a(CyFlash.o)
 .text          0x00000000        0x0 .\CortexM3\ARM_GCC_541\Debug\WaveDAC8_Example01.a(CySpc.o)
 .data          0x00000000        0x0 .\CortexM3\ARM_GCC_541\Debug\WaveDAC8_Example01.a(CySpc.o)
 .bss           0x00000000        0x8 .\CortexM3\ARM_GCC_541\Debug\WaveDAC8_Example01.a(CySpc.o)
 .text.CySpcStart
                0x00000000       0x48 .\CortexM3\ARM_GCC_541\Debug\WaveDAC8_Example01.a(CySpc.o)
 .text.CySpcStop
                0x00000000       0x48 .\CortexM3\ARM_GCC_541\Debug\WaveDAC8_Example01.a(CySpc.o)
 .text.CySpcReadData
                0x00000000       0x54 .\CortexM3\ARM_GCC_541\Debug\WaveDAC8_Example01.a(CySpc.o)
 .text.CySpcLoadMultiByte
                0x00000000       0xd0 .\CortexM3\ARM_GCC_541\Debug\WaveDAC8_Example01.a(CySpc.o)
 .text.CySpcLoadRow
                0x00000000       0x88 .\CortexM3\ARM_GCC_541\Debug\WaveDAC8_Example01.a(CySpc.o)
 .text.CySpcLoadRowFull
                0x00000000       0xcc .\CortexM3\ARM_GCC_541\Debug\WaveDAC8_Example01.a(CySpc.o)
 .text.CySpcWriteRow
                0x00000000       0x98 .\CortexM3\ARM_GCC_541\Debug\WaveDAC8_Example01.a(CySpc.o)
 .text.CySpcEraseSector
                0x00000000       0x70 .\CortexM3\ARM_GCC_541\Debug\WaveDAC8_Example01.a(CySpc.o)
 .text.CySpcGetTemp
                0x00000000       0x64 .\CortexM3\ARM_GCC_541\Debug\WaveDAC8_Example01.a(CySpc.o)
 .text.CySpcLock
                0x00000000       0x68 .\CortexM3\ARM_GCC_541\Debug\WaveDAC8_Example01.a(CySpc.o)
 .text.CySpcUnlock
                0x00000000       0x50 .\CortexM3\ARM_GCC_541\Debug\WaveDAC8_Example01.a(CySpc.o)
 .text.CySpcGetAlgorithm
                0x00000000       0x44 .\CortexM3\ARM_GCC_541\Debug\WaveDAC8_Example01.a(CySpc.o)
 .text          0x00000000        0x0 c:/program files (x86)/cypress/psoc creator/4.4/psoc creator/import/gnu/arm/5.4.1/bin/../lib/gcc/arm-none-eabi/5.4.1/../../../../arm-none-eabi/lib/armv7-m\libg_nano.a(lib_a-errno.o)
 .data          0x00000000        0x0 c:/program files (x86)/cypress/psoc creator/4.4/psoc creator/import/gnu/arm/5.4.1/bin/../lib/gcc/arm-none-eabi/5.4.1/../../../../arm-none-eabi/lib/armv7-m\libg_nano.a(lib_a-errno.o)
 .bss           0x00000000        0x0 c:/program files (x86)/cypress/psoc creator/4.4/psoc creator/import/gnu/arm/5.4.1/bin/../lib/gcc/arm-none-eabi/5.4.1/../../../../arm-none-eabi/lib/armv7-m\libg_nano.a(lib_a-errno.o)
 .text          0x00000000        0x0 c:/program files (x86)/cypress/psoc creator/4.4/psoc creator/import/gnu/arm/5.4.1/bin/../lib/gcc/arm-none-eabi/5.4.1/../../../../arm-none-eabi/lib/armv7-m\libg_nano.a(lib_a-exit.o)
 .data          0x00000000        0x0 c:/program files (x86)/cypress/psoc creator/4.4/psoc creator/import/gnu/arm/5.4.1/bin/../lib/gcc/arm-none-eabi/5.4.1/../../../../arm-none-eabi/lib/armv7-m\libg_nano.a(lib_a-exit.o)
 .bss           0x00000000        0x0 c:/program files (x86)/cypress/psoc creator/4.4/psoc creator/import/gnu/arm/5.4.1/bin/../lib/gcc/arm-none-eabi/5.4.1/../../../../arm-none-eabi/lib/armv7-m\libg_nano.a(lib_a-exit.o)
 .text.exit     0x00000000       0x28 c:/program files (x86)/cypress/psoc creator/4.4/psoc creator/import/gnu/arm/5.4.1/bin/../lib/gcc/arm-none-eabi/5.4.1/../../../../arm-none-eabi/lib/armv7-m\libg_nano.a(lib_a-exit.o)
 .text          0x00000000        0x0 c:/program files (x86)/cypress/psoc creator/4.4/psoc creator/import/gnu/arm/5.4.1/bin/../lib/gcc/arm-none-eabi/5.4.1/../../../../arm-none-eabi/lib/armv7-m\libg_nano.a(lib_a-impure.o)
 .data          0x00000000        0x0 c:/program files (x86)/cypress/psoc creator/4.4/psoc creator/import/gnu/arm/5.4.1/bin/../lib/gcc/arm-none-eabi/5.4.1/../../../../arm-none-eabi/lib/armv7-m\libg_nano.a(lib_a-impure.o)
 .bss           0x00000000        0x0 c:/program files (x86)/cypress/psoc creator/4.4/psoc creator/import/gnu/arm/5.4.1/bin/../lib/gcc/arm-none-eabi/5.4.1/../../../../arm-none-eabi/lib/armv7-m\libg_nano.a(lib_a-impure.o)
 .rodata._global_impure_ptr
                0x00000000        0x4 c:/program files (x86)/cypress/psoc creator/4.4/psoc creator/import/gnu/arm/5.4.1/bin/../lib/gcc/arm-none-eabi/5.4.1/../../../../arm-none-eabi/lib/armv7-m\libg_nano.a(lib_a-impure.o)
 .text          0x00000000        0x0 c:/program files (x86)/cypress/psoc creator/4.4/psoc creator/import/gnu/arm/5.4.1/bin/../lib/gcc/arm-none-eabi/5.4.1/../../../../arm-none-eabi/lib/armv7-m\libg_nano.a(lib_a-init.o)
 .data          0x00000000        0x0 c:/program files (x86)/cypress/psoc creator/4.4/psoc creator/import/gnu/arm/5.4.1/bin/../lib/gcc/arm-none-eabi/5.4.1/../../../../arm-none-eabi/lib/armv7-m\libg_nano.a(lib_a-init.o)
 .bss           0x00000000        0x0 c:/program files (x86)/cypress/psoc creator/4.4/psoc creator/import/gnu/arm/5.4.1/bin/../lib/gcc/arm-none-eabi/5.4.1/../../../../arm-none-eabi/lib/armv7-m\libg_nano.a(lib_a-init.o)
 .text          0x00000000        0x0 c:/program files (x86)/cypress/psoc creator/4.4/psoc creator/import/gnu/arm/5.4.1/bin/../lib/gcc/arm-none-eabi/5.4.1/../../../../arm-none-eabi/lib/armv7-m\libg_nano.a(lib_a-memcpy-stub.o)
 .data          0x00000000        0x0 c:/program files (x86)/cypress/psoc creator/4.4/psoc creator/import/gnu/arm/5.4.1/bin/../lib/gcc/arm-none-eabi/5.4.1/../../../../arm-none-eabi/lib/armv7-m\libg_nano.a(lib_a-memcpy-stub.o)
 .bss           0x00000000        0x0 c:/program files (x86)/cypress/psoc creator/4.4/psoc creator/import/gnu/arm/5.4.1/bin/../lib/gcc/arm-none-eabi/5.4.1/../../../../arm-none-eabi/lib/armv7-m\libg_nano.a(lib_a-memcpy-stub.o)
 .text          0x00000000        0x0 c:/program files (x86)/cypress/psoc creator/4.4/psoc creator/import/gnu/arm/5.4.1/bin/../lib/gcc/arm-none-eabi/5.4.1/../../../../arm-none-eabi/lib/armv7-m\libg_nano.a(lib_a-memset.o)
 .data          0x00000000        0x0 c:/program files (x86)/cypress/psoc creator/4.4/psoc creator/import/gnu/arm/5.4.1/bin/../lib/gcc/arm-none-eabi/5.4.1/../../../../arm-none-eabi/lib/armv7-m\libg_nano.a(lib_a-memset.o)
 .bss           0x00000000        0x0 c:/program files (x86)/cypress/psoc creator/4.4/psoc creator/import/gnu/arm/5.4.1/bin/../lib/gcc/arm-none-eabi/5.4.1/../../../../arm-none-eabi/lib/armv7-m\libg_nano.a(lib_a-memset.o)
 .text          0x00000000        0x0 c:/program files (x86)/cypress/psoc creator/4.4/psoc creator/import/gnu/arm/5.4.1/bin/../lib/gcc/arm-none-eabi/5.4.1/armv7-m/crtend.o
 .data          0x00000000        0x0 c:/program files (x86)/cypress/psoc creator/4.4/psoc creator/import/gnu/arm/5.4.1/bin/../lib/gcc/arm-none-eabi/5.4.1/armv7-m/crtend.o
 .bss           0x00000000        0x0 c:/program files (x86)/cypress/psoc creator/4.4/psoc creator/import/gnu/arm/5.4.1/bin/../lib/gcc/arm-none-eabi/5.4.1/armv7-m/crtend.o
 .text          0x00000000        0x0 c:/program files (x86)/cypress/psoc creator/4.4/psoc creator/import/gnu/arm/5.4.1/bin/../lib/gcc/arm-none-eabi/5.4.1/armv7-m/crtn.o
 .data          0x00000000        0x0 c:/program files (x86)/cypress/psoc creator/4.4/psoc creator/import/gnu/arm/5.4.1/bin/../lib/gcc/arm-none-eabi/5.4.1/armv7-m/crtn.o
 .bss           0x00000000        0x0 c:/program files (x86)/cypress/psoc creator/4.4/psoc creator/import/gnu/arm/5.4.1/bin/../lib/gcc/arm-none-eabi/5.4.1/armv7-m/crtn.o

Memory Configuration

Name             Origin             Length             Attributes
rom              0x00000000         0x00040000         xr
ram              0x1fff8000         0x00010000         xrw
*default*        0x00000000         0xffffffff

Linker script and memory map

LOAD c:/program files (x86)/cypress/psoc creator/4.4/psoc creator/import/gnu/arm/5.4.1/bin/../lib/gcc/arm-none-eabi/5.4.1/armv7-m/crti.o
LOAD c:/program files (x86)/cypress/psoc creator/4.4/psoc creator/import/gnu/arm/5.4.1/bin/../lib/gcc/arm-none-eabi/5.4.1/armv7-m/crtbegin.o
LOAD c:/program files (x86)/cypress/psoc creator/4.4/psoc creator/import/gnu/arm/5.4.1/bin/../lib/gcc/arm-none-eabi/5.4.1/../../../../arm-none-eabi/lib/armv7-m/crt0.o
START GROUP
LOAD .\CortexM3\ARM_GCC_541\Debug\main.o
LOAD .\CortexM3\ARM_GCC_541\Debug\cyfitter_cfg.o
LOAD .\CortexM3\ARM_GCC_541\Debug\cymetadata.o
LOAD .\CortexM3\ARM_GCC_541\Debug\Cm3Start.o
LOAD .\CortexM3\ARM_GCC_541\Debug\WaveDAC8_Example01.a
LOAD C:\Program Files (x86)\Cypress\PSoC Creator\4.4\PSoC Creator\psoc\content\cycomponentlibrary\CyComponentLibrary.cylib\CortexM3\ARM_GCC_541\Debug\CyComponentLibrary.a
END GROUP
START GROUP
LOAD c:/program files (x86)/cypress/psoc creator/4.4/psoc creator/import/gnu/arm/5.4.1/bin/../lib/gcc/arm-none-eabi/5.4.1/armv7-m\libgcc.a
LOAD c:/program files (x86)/cypress/psoc creator/4.4/psoc creator/import/gnu/arm/5.4.1/bin/../lib/gcc/arm-none-eabi/5.4.1/../../../../arm-none-eabi/lib/armv7-m\libg_nano.a
LOAD c:/program files (x86)/cypress/psoc creator/4.4/psoc creator/import/gnu/arm/5.4.1/bin/../lib/gcc/arm-none-eabi/5.4.1/../../../../arm-none-eabi/lib/armv7-m\libc_nano.a
END GROUP
START GROUP
LOAD c:/program files (x86)/cypress/psoc creator/4.4/psoc creator/import/gnu/arm/5.4.1/bin/../lib/gcc/arm-none-eabi/5.4.1/armv7-m\libgcc.a
LOAD c:/program files (x86)/cypress/psoc creator/4.4/psoc creator/import/gnu/arm/5.4.1/bin/../lib/gcc/arm-none-eabi/5.4.1/../../../../arm-none-eabi/lib/armv7-m\libc_nano.a
END GROUP
LOAD c:/program files (x86)/cypress/psoc creator/4.4/psoc creator/import/gnu/arm/5.4.1/bin/../lib/gcc/arm-none-eabi/5.4.1/armv7-m/crtend.o
LOAD c:/program files (x86)/cypress/psoc creator/4.4/psoc creator/import/gnu/arm/5.4.1/bin/../lib/gcc/arm-none-eabi/5.4.1/armv7-m/crtn.o
START GROUP
LOAD c:/program files (x86)/cypress/psoc creator/4.4/psoc creator/import/gnu/arm/5.4.1/bin/../lib/gcc/arm-none-eabi/5.4.1/armv7-m\libgcc.a
LOAD c:/program files (x86)/cypress/psoc creator/4.4/psoc creator/import/gnu/arm/5.4.1/bin/../lib/gcc/arm-none-eabi/5.4.1/../../../../arm-none-eabi/lib/armv7-m\libc.a
LOAD c:/program files (x86)/cypress/psoc creator/4.4/psoc creator/import/gnu/arm/5.4.1/bin/../lib/gcc/arm-none-eabi/5.4.1/../../../../arm-none-eabi/lib/armv7-m\libnosys.a
END GROUP
                0x00000000                CY_APPL_ORIGIN = 0x0
                0x00000100                CY_FLASH_ROW_SIZE = 0x100
                0x00000020                CY_ECC_ROW_SIZE = 0x20
                0x00000000                CY_EE_IN_BTLDR = 0x0
                0x00000000                CY_APPL_LOADABLE = 0x0
                0x00000800                CY_EE_SIZE = 0x800
                0x00000001                CY_APPL_NUM = 0x1
                0x00000001                CY_APPL_MAX = 0x1
                0x00000040                CY_METADATA_SIZE = 0x40
                0x00000000                CY_APPL_LOADABLE = 0x0
                0x00000000                CY_CHECKSUM_EXCLUDE_SIZE = ALIGN (0x0, CY_FLASH_ROW_SIZE)
                [!provide]                PROVIDE (__cy_heap_start, _end)
                0x00000001                PROVIDE (__cy_region_num, ((__cy_regions_end - __cy_regions) / 0x10))
                0x20008000                PROVIDE (__cy_stack, (ORIGIN (ram) + LENGTH (ram)))
                [!provide]                PROVIDE (__cy_heap_end, (__cy_stack - 0x4000))

.cybootloader   0x00000000        0x0
 *(.cybootloader)
                0x00000000                appl1_start = CY_APPL_ORIGIN?CY_APPL_ORIGIN:ALIGN (CY_FLASH_ROW_SIZE)
                0x0001ff00                appl2_start = (appl1_start + ALIGN ((((LENGTH (rom) - appl1_start) - (0x2 * CY_FLASH_ROW_SIZE)) / 0x2), CY_FLASH_ROW_SIZE))
                0x00000000                appl_start = (CY_APPL_NUM == 0x1)?appl1_start:appl2_start
                0x00000000                ecc_offset = ((appl_start / CY_FLASH_ROW_SIZE) * CY_ECC_ROW_SIZE)
                0x00000000                ee_offset = (CY_APPL_LOADABLE && ! (CY_EE_IN_BTLDR))?((CY_EE_SIZE / CY_APPL_MAX) * (CY_APPL_NUM - 0x1)):0x0
                0x00000800                ee_size = (CY_APPL_LOADABLE && ! (CY_EE_IN_BTLDR))?(CY_EE_SIZE / CY_APPL_MAX):CY_EE_SIZE
                [!provide]                PROVIDE (CY_ECC_OFFSET, ecc_offset)

.text           0x00000000     0x10d6
 CREATE_OBJECT_SYMBOLS
                0x00000000                PROVIDE (__cy_interrupt_vector, RomVectors)
 *(.romvectors)
 .romvectors    0x00000000       0x10 .\CortexM3\ARM_GCC_541\Debug\Cm3Start.o
                0x00000000                RomVectors
                0x00000001                ASSERT ((. != __cy_interrupt_vector), No interrupt vector)
                0x00000001                ASSERT (CY_APPL_ORIGIN?(SIZEOF (.cybootloader) <= CY_APPL_ORIGIN):0x1, Wrong image location)
                0x00000010                PROVIDE (__cy_reset, Reset)
 *(.text.Reset)
 .text.Reset    0x00000010       0x18 .\CortexM3\ARM_GCC_541\Debug\Cm3Start.o
                0x00000010                Reset
                0x00000001                ASSERT ((. != __cy_reset), No reset code)
 *(.dma_init)
                0x00000001                ASSERT ((((appl_start + .) <= 0x10000) || 0x1), DMA Init must be within the first 64k of flash)
 *(.text .text.* .gnu.linkonce.t.*)
 .text          0x00000028       0x5c c:/program files (x86)/cypress/psoc creator/4.4/psoc creator/import/gnu/arm/5.4.1/bin/../lib/gcc/arm-none-eabi/5.4.1/armv7-m/crtbegin.o
 .text.main     0x00000084       0xa8 .\CortexM3\ARM_GCC_541\Debug\main.o
                0x00000084                main
 .text.CYMEMZERO
                0x0000012c       0x1c .\CortexM3\ARM_GCC_541\Debug\cyfitter_cfg.o
 .text.CYCONFIGCPY
                0x00000148       0x20 .\CortexM3\ARM_GCC_541\Debug\cyfitter_cfg.o
 .text.CyClockStartupError
                0x00000168        0xc .\CortexM3\ARM_GCC_541\Debug\cyfitter_cfg.o
 .text.cfg_write_bytes32
                0x00000174       0x74 .\CortexM3\ARM_GCC_541\Debug\cyfitter_cfg.o
 .text.ClockSetup
                0x000001e8      0x100 .\CortexM3\ARM_GCC_541\Debug\cyfitter_cfg.o
 .text.AnalogSetDefault
                0x000002e8       0x58 .\CortexM3\ARM_GCC_541\Debug\cyfitter_cfg.o
 .text.cyfitter_cfg
                0x00000340      0x118 .\CortexM3\ARM_GCC_541\Debug\cyfitter_cfg.o
                0x00000340                cyfitter_cfg
 .text.IntDefaultHandler
                0x00000458       0x14 .\CortexM3\ARM_GCC_541\Debug\Cm3Start.o
                0x00000458                IntDefaultHandler
 .text.Start_c  0x0000046c       0x98 .\CortexM3\ARM_GCC_541\Debug\Cm3Start.o
                0x0000046c                Start_c
 .text.initialize_psoc
                0x00000504       0x94 .\CortexM3\ARM_GCC_541\Debug\Cm3Start.o
                0x00000504                initialize_psoc
 .text.WaveDAC8_1_Init
                0x00000598       0x54 .\CortexM3\ARM_GCC_541\Debug\WaveDAC8_Example01.a(WaveDAC8_1.o)
                0x00000598                WaveDAC8_1_Init
 .text.WaveDAC8_1_Enable
                0x000005ec       0x38 .\CortexM3\ARM_GCC_541\Debug\WaveDAC8_Example01.a(WaveDAC8_1.o)
                0x000005ec                WaveDAC8_1_Enable
 .text.WaveDAC8_1_Start
                0x00000624       0x24 .\CortexM3\ARM_GCC_541\Debug\WaveDAC8_Example01.a(WaveDAC8_1.o)
                0x00000624                WaveDAC8_1_Start
 .text.WaveDAC8_1_Stop
                0x00000648       0x28 .\CortexM3\ARM_GCC_541\Debug\WaveDAC8_Example01.a(WaveDAC8_1.o)
                0x00000648                WaveDAC8_1_Stop
 .text.WaveDAC8_1_Wave1Setup
                0x00000670       0x68 .\CortexM3\ARM_GCC_541\Debug\WaveDAC8_Example01.a(WaveDAC8_1.o)
                0x00000670                WaveDAC8_1_Wave1Setup
 .text.WaveDAC8_1_Wave2Setup
                0x000006d8       0x68 .\CortexM3\ARM_GCC_541\Debug\WaveDAC8_Example01.a(WaveDAC8_1.o)
                0x000006d8                WaveDAC8_1_Wave2Setup
 .text.WaveDAC8_1_Wave1_DMA_DmaInitialize
                0x00000740       0x64 .\CortexM3\ARM_GCC_541\Debug\WaveDAC8_Example01.a(WaveDAC8_1_Wave1_DMA_dma.o)
                0x00000740                WaveDAC8_1_Wave1_DMA_DmaInitialize
 .text.WaveDAC8_1_Wave2_DMA_DmaInitialize
                0x000007a4       0x64 .\CortexM3\ARM_GCC_541\Debug\WaveDAC8_Example01.a(WaveDAC8_1_Wave2_DMA_dma.o)
                0x000007a4                WaveDAC8_1_Wave2_DMA_DmaInitialize
 .text.WaveDAC8_1_VDAC8_Init
                0x00000808       0x3c .\CortexM3\ARM_GCC_541\Debug\WaveDAC8_Example01.a(WaveDAC8_1_VDAC8.o)
                0x00000808                WaveDAC8_1_VDAC8_Init
 .text.WaveDAC8_1_VDAC8_Enable
                0x00000844       0x34 .\CortexM3\ARM_GCC_541\Debug\WaveDAC8_Example01.a(WaveDAC8_1_VDAC8.o)
                0x00000844                WaveDAC8_1_VDAC8_Enable
 .text.WaveDAC8_1_VDAC8_Stop
                0x00000878       0x34 .\CortexM3\ARM_GCC_541\Debug\WaveDAC8_Example01.a(WaveDAC8_1_VDAC8.o)
                0x00000878                WaveDAC8_1_VDAC8_Stop
 .text.WaveDAC8_1_VDAC8_SetSpeed
                0x000008ac       0x40 .\CortexM3\ARM_GCC_541\Debug\WaveDAC8_Example01.a(WaveDAC8_1_VDAC8.o)
                0x000008ac                WaveDAC8_1_VDAC8_SetSpeed
 .text.WaveDAC8_1_VDAC8_SetRange
                0x000008ec       0x40 .\CortexM3\ARM_GCC_541\Debug\WaveDAC8_Example01.a(WaveDAC8_1_VDAC8.o)
                0x000008ec                WaveDAC8_1_VDAC8_SetRange
 .text.WaveDAC8_1_VDAC8_SetValue
                0x0000092c       0x20 .\CortexM3\ARM_GCC_541\Debug\WaveDAC8_Example01.a(WaveDAC8_1_VDAC8.o)
                0x0000092c                WaveDAC8_1_VDAC8_SetValue
 .text.WaveDAC8_1_VDAC8_DacTrim
                0x0000094c       0x3c .\CortexM3\ARM_GCC_541\Debug\WaveDAC8_Example01.a(WaveDAC8_1_VDAC8.o)
                0x0000094c                WaveDAC8_1_VDAC8_DacTrim
 .text.WaveDAC8_1_BuffAmp_Init
                0x00000988       0x10 .\CortexM3\ARM_GCC_541\Debug\WaveDAC8_Example01.a(WaveDAC8_1_BuffAmp.o)
                0x00000988                WaveDAC8_1_BuffAmp_Init
 .text.WaveDAC8_1_BuffAmp_Enable
                0x00000998       0x48 .\CortexM3\ARM_GCC_541\Debug\WaveDAC8_Example01.a(WaveDAC8_1_BuffAmp.o)
                0x00000998                WaveDAC8_1_BuffAmp_Enable
 .text.WaveDAC8_1_BuffAmp_SetPower
                0x000009e0       0x40 .\CortexM3\ARM_GCC_541\Debug\WaveDAC8_Example01.a(WaveDAC8_1_BuffAmp.o)
                0x000009e0                WaveDAC8_1_BuffAmp_SetPower
 .text.CyDmacConfigure
                0x00000a20       0x5c .\CortexM3\ARM_GCC_541\Debug\WaveDAC8_Example01.a(CyDmac.o)
                0x00000a20                CyDmacConfigure
 .text.CyDmaChEnable
                0x00000a7c       0x8c .\CortexM3\ARM_GCC_541\Debug\WaveDAC8_Example01.a(CyDmac.o)
                0x00000a7c                CyDmaChEnable
 .text.CyDmaChDisable
                0x00000b08       0x60 .\CortexM3\ARM_GCC_541\Debug\WaveDAC8_Example01.a(CyDmac.o)
                0x00000b08                CyDmaChDisable
 .text.CyDmaChPriority
                0x00000b68       0x64 .\CortexM3\ARM_GCC_541\Debug\WaveDAC8_Example01.a(CyDmac.o)
                0x00000b68                CyDmaChPriority
 .text.CyDmaChSetExtendedAddress
                0x00000bcc       0x78 .\CortexM3\ARM_GCC_541\Debug\WaveDAC8_Example01.a(CyDmac.o)
                0x00000bcc                CyDmaChSetExtendedAddress
 .text.CyDmaChSetInitialTd
                0x00000c44       0x3c .\CortexM3\ARM_GCC_541\Debug\WaveDAC8_Example01.a(CyDmac.o)
                0x00000c44                CyDmaChSetInitialTd
 .text.CyDmaChSetConfiguration
                0x00000c80       0xa0 .\CortexM3\ARM_GCC_541\Debug\WaveDAC8_Example01.a(CyDmac.o)
                0x00000c80                CyDmaChSetConfiguration
 .text.CyDmaTdAllocate
                0x00000d20       0x5c .\CortexM3\ARM_GCC_541\Debug\WaveDAC8_Example01.a(CyDmac.o)
                0x00000d20                CyDmaTdAllocate
 .text.CyDmaTdSetConfiguration
                0x00000d7c       0x80 .\CortexM3\ARM_GCC_541\Debug\WaveDAC8_Example01.a(CyDmac.o)
                0x00000d7c                CyDmaTdSetConfiguration
 .text.CyDmaTdSetAddress
                0x00000dfc       0x5c .\CortexM3\ARM_GCC_541\Debug\WaveDAC8_Example01.a(CyDmac.o)
                0x00000dfc                CyDmaTdSetAddress
 .text.CyDelay  0x00000e58       0x44 .\CortexM3\ARM_GCC_541\Debug\WaveDAC8_Example01.a(CyLib.o)
                0x00000e58                CyDelay
 .text.Clock_1_SetDividerRegister
                0x00000e9c      0x164 .\CortexM3\ARM_GCC_541\Debug\WaveDAC8_Example01.a(Clock_1.o)
                0x00000e9c                Clock_1_SetDividerRegister
 .text.Clock_1_GetDividerRegister
                0x00001000       0x18 .\CortexM3\ARM_GCC_541\Debug\WaveDAC8_Example01.a(Clock_1.o)
                0x00001000                Clock_1_GetDividerRegister
 .text.Clock_1_GetSourceRegister
                0x00001018       0x1c .\CortexM3\ARM_GCC_541\Debug\WaveDAC8_Example01.a(Clock_1.o)
                0x00001018                Clock_1_GetSourceRegister
 *fill*         0x00001034        0x4 
 .text          0x00001038       0x20 .\CortexM3\ARM_GCC_541\Debug\WaveDAC8_Example01.a(CyBootAsmGnu.o)
                0x00001038                CyDelayCycles
                0x00001048                CyEnterCriticalSection
                0x00001050                CyExitCriticalSection
 .text.__errno  0x00001058        0xc c:/program files (x86)/cypress/psoc creator/4.4/psoc creator/import/gnu/arm/5.4.1/bin/../lib/gcc/arm-none-eabi/5.4.1/../../../../arm-none-eabi/lib/armv7-m\libg_nano.a(lib_a-errno.o)
                0x00001058                __errno
 .text.__libc_init_array
                0x00001064       0x4c c:/program files (x86)/cypress/psoc creator/4.4/psoc creator/import/gnu/arm/5.4.1/bin/../lib/gcc/arm-none-eabi/5.4.1/../../../../arm-none-eabi/lib/armv7-m\libg_nano.a(lib_a-init.o)
                0x00001064                __libc_init_array
 .text.memcpy   0x000010b0       0x16 c:/program files (x86)/cypress/psoc creator/4.4/psoc creator/import/gnu/arm/5.4.1/bin/../lib/gcc/arm-none-eabi/5.4.1/../../../../arm-none-eabi/lib/armv7-m\libg_nano.a(lib_a-memcpy-stub.o)
                0x000010b0                memcpy
 .text.memset   0x000010c6       0x10 c:/program files (x86)/cypress/psoc creator/4.4/psoc creator/import/gnu/arm/5.4.1/bin/../lib/gcc/arm-none-eabi/5.4.1/../../../../arm-none-eabi/lib/armv7-m\libg_nano.a(lib_a-memset.o)
                0x000010c6                memset
 *(.plt)
 *(.gnu.warning)
 *(.glue_7t)
 .glue_7t       0x000010d6        0x0 linker stubs
 *(.glue_7)
 .glue_7        0x000010d6        0x0 linker stubs
 *(.vfp11_veneer)
 .vfp11_veneer  0x000010d6        0x0 linker stubs
 *(.bootloader)
 *(.ARM.extab* .gnu.linkonce.armextab.*)
 *(.gcc_except_table)

.v4_bx          0x000010d8        0x0
 .v4_bx         0x000010d8        0x0 linker stubs

.iplt           0x000010d8        0x0
 .iplt          0x000010d8        0x0 c:/program files (x86)/cypress/psoc creator/4.4/psoc creator/import/gnu/arm/5.4.1/bin/../lib/gcc/arm-none-eabi/5.4.1/armv7-m/crtbegin.o

.eh_frame_hdr
 *(.eh_frame_hdr)

.eh_frame       0x000010d8        0x4
 *(.eh_frame)
 .eh_frame      0x000010d8        0x0 c:/program files (x86)/cypress/psoc creator/4.4/psoc creator/import/gnu/arm/5.4.1/bin/../lib/gcc/arm-none-eabi/5.4.1/armv7-m/crtbegin.o
 .eh_frame      0x000010d8        0x4 c:/program files (x86)/cypress/psoc creator/4.4/psoc creator/import/gnu/arm/5.4.1/bin/../lib/gcc/arm-none-eabi/5.4.1/armv7-m/crtend.o
                [!provide]                PROVIDE (__exidx_start, .)

.ARM.exidx
 *(.ARM.exidx* .gnu.linkonce.armexidx.*)
                0x000010dc                __exidx_end = .

.rodata         0x000010dc      0x10c
 *(.rodata .rodata.* .gnu.linkonce.r.*)
 .rodata        0x000010dc       0x3c .\CortexM3\ARM_GCC_541\Debug\cyfitter_cfg.o
 .rodata        0x00001118       0x96 .\CortexM3\ARM_GCC_541\Debug\WaveDAC8_Example01.a(WaveDAC8_1.o)
                0x00001118                WaveDAC8_1_wave1
                0x0000117c                WaveDAC8_1_wave2
 .rodata.str1.1
                0x000011ae        0x2 c:/program files (x86)/cypress/psoc creator/4.4/psoc creator/import/gnu/arm/5.4.1/bin/../lib/gcc/arm-none-eabi/5.4.1/../../../../arm-none-eabi/lib/armv7-m\libg_nano.a(lib_a-impure.o)
                0x000011b0                . = ALIGN (0x4)
 *(.init)
 .init          0x000011b0        0x4 c:/program files (x86)/cypress/psoc creator/4.4/psoc creator/import/gnu/arm/5.4.1/bin/../lib/gcc/arm-none-eabi/5.4.1/armv7-m/crti.o
                0x000011b0                _init
 .init          0x000011b4        0x8 c:/program files (x86)/cypress/psoc creator/4.4/psoc creator/import/gnu/arm/5.4.1/bin/../lib/gcc/arm-none-eabi/5.4.1/armv7-m/crtn.o
                0x000011bc                . = ALIGN (0x4)
                0x000011bc                __preinit_array_start = .
 *(.preinit_array)
                0x000011bc                __preinit_array_end = .
                0x000011bc                . = ALIGN (0x4)
                0x000011bc                __init_array_start = .
 *(SORT(.init_array.*))
 *(.init_array)
 .init_array    0x000011bc        0x4 c:/program files (x86)/cypress/psoc creator/4.4/psoc creator/import/gnu/arm/5.4.1/bin/../lib/gcc/arm-none-eabi/5.4.1/armv7-m/crtbegin.o
 .init_array    0x000011c0        0x4 .\CortexM3\ARM_GCC_541\Debug\Cm3Start.o
                0x000011c4                __init_array_end = .
                0x000011c4                . = ALIGN (0x4)
 *(.fini)
 .fini          0x000011c4        0x4 c:/program files (x86)/cypress/psoc creator/4.4/psoc creator/import/gnu/arm/5.4.1/bin/../lib/gcc/arm-none-eabi/5.4.1/armv7-m/crti.o
                0x000011c4                _fini
 .fini          0x000011c8        0x8 c:/program files (x86)/cypress/psoc creator/4.4/psoc creator/import/gnu/arm/5.4.1/bin/../lib/gcc/arm-none-eabi/5.4.1/armv7-m/crtn.o
                0x000011d0                . = ALIGN (0x4)
                0x000011d0                __fini_array_start = .
 *(.fini_array)
 .fini_array    0x000011d0        0x4 c:/program files (x86)/cypress/psoc creator/4.4/psoc creator/import/gnu/arm/5.4.1/bin/../lib/gcc/arm-none-eabi/5.4.1/armv7-m/crtbegin.o
 *(SORT(.fini_array.*))
                0x000011d4                __fini_array_end = .
                0x000011d4                . = ALIGN (0x4)
 *crtbegin.o(.ctors)
 *(EXCLUDE_FILE(*crtend.o) .ctors)
 *(SORT(.ctors.*))
 *crtend.o(.ctors)
                0x000011d4                . = ALIGN (0x4)
 *crtbegin.o(.dtors)
 *(EXCLUDE_FILE(*crtend.o) .dtors)
 *(SORT(.dtors.*))
 *crtend.o(.dtors)
                0x000011d4                . = ALIGN (0x4)
                0x000011d4                __cy_regions = .
                0x000011d4        0x4 LONG 0x11e8 __cy_region_init_ram
                0x000011d8        0x4 LONG 0x1fff80c8 __cy_region_start_data
                0x000011dc        0x4 LONG 0x88 __cy_region_init_size_ram
                0x000011e0        0x4 LONG 0x28 __cy_region_zero_size_ram
                0x000011e4                __cy_regions_end = .
                0x000011e8                . = ALIGN (0x8)
 *fill*         0x000011e4        0x4 
                0x000011e8                _etext = .

.cy_checksum_exclude
                0x000011e8        0x0
 *(.cy_checksum_exclude)

.ramvectors     0x1fff8000       0xc0
                0x1fff8000                __cy_region_start_ram = .
 *(.ramvectors)
 .ramvectors    0x1fff8000       0xc0 .\CortexM3\ARM_GCC_541\Debug\Cm3Start.o
                0x1fff8000                CyRamVectors

.noinit         0x1fff80c0        0x5
 *(.noinit)
 .noinit        0x1fff80c0        0x4 .\CortexM3\ARM_GCC_541\Debug\Cm3Start.o
 .noinit        0x1fff80c4        0x1 .\CortexM3\ARM_GCC_541\Debug\WaveDAC8_Example01.a(CyLib.o)
                0x1fff80c4                CyResetStatus

.data           0x1fff80c8       0x88 load address 0x000011e8
                0x1fff80c8                __cy_region_start_data = .
 *(.jcr)
 .jcr           0x1fff80c8        0x0 c:/program files (x86)/cypress/psoc creator/4.4/psoc creator/import/gnu/arm/5.4.1/bin/../lib/gcc/arm-none-eabi/5.4.1/armv7-m/crtbegin.o
 .jcr           0x1fff80c8        0x4 c:/program files (x86)/cypress/psoc creator/4.4/psoc creator/import/gnu/arm/5.4.1/bin/../lib/gcc/arm-none-eabi/5.4.1/armv7-m/crtend.o
 *(.got.plt)
 *(.got)
 *(.shdata)
 *(.data .data.* .gnu.linkonce.d.*)
 .data          0x1fff80cc        0x2 .\CortexM3\ARM_GCC_541\Debug\main.o
                0x1fff80cc                delayMS
 .data          0x1fff80ce        0x1 .\CortexM3\ARM_GCC_541\Debug\WaveDAC8_Example01.a(WaveDAC8_1_Wave1_DMA_dma.o)
                0x1fff80ce                WaveDAC8_1_Wave1_DMA_DmaHandle
 .data          0x1fff80cf        0x1 .\CortexM3\ARM_GCC_541\Debug\WaveDAC8_Example01.a(WaveDAC8_1_Wave2_DMA_dma.o)
                0x1fff80cf                WaveDAC8_1_Wave2_DMA_DmaHandle
 .data          0x1fff80d0        0x8 .\CortexM3\ARM_GCC_541\Debug\WaveDAC8_Example01.a(CyDmac.o)
 .data          0x1fff80d8       0x10 .\CortexM3\ARM_GCC_541\Debug\WaveDAC8_Example01.a(CyLib.o)
                0x1fff80d8                cydelay_freq_hz
                0x1fff80dc                cydelay_freq_khz
                0x1fff80e0                cydelay_freq_mhz
                0x1fff80e4                cydelay_32k_ms
 .data.impure_data
                0x1fff80e8       0x60 c:/program files (x86)/cypress/psoc creator/4.4/psoc creator/import/gnu/arm/5.4.1/bin/../lib/gcc/arm-none-eabi/5.4.1/../../../../arm-none-eabi/lib/armv7-m\libg_nano.a(lib_a-impure.o)
 .data._impure_ptr
                0x1fff8148        0x4 c:/program files (x86)/cypress/psoc creator/4.4/psoc creator/import/gnu/arm/5.4.1/bin/../lib/gcc/arm-none-eabi/5.4.1/../../../../arm-none-eabi/lib/armv7-m\libg_nano.a(lib_a-impure.o)
                0x1fff8148                _impure_ptr
                0x1fff8150                . = ALIGN (0x8)
 *fill*         0x1fff814c        0x4 
 *(.ram)
                0x1fff8150                _edata = .

.igot.plt       0x1fff8150        0x0 load address 0x00001270
 .igot.plt      0x1fff8150        0x0 c:/program files (x86)/cypress/psoc creator/4.4/psoc creator/import/gnu/arm/5.4.1/bin/../lib/gcc/arm-none-eabi/5.4.1/armv7-m/crtbegin.o

.bss            0x1fff8150       0x28 load address 0x00001270
                0x1fff8150                PROVIDE (__bss_start__, .)
 *(.shbss)
 *(.bss .bss.* .gnu.linkonce.b.*)
 .bss           0x1fff8150       0x1c c:/program files (x86)/cypress/psoc creator/4.4/psoc creator/import/gnu/arm/5.4.1/bin/../lib/gcc/arm-none-eabi/5.4.1/armv7-m/crtbegin.o
 .bss           0x1fff816c        0x1 .\CortexM3\ARM_GCC_541\Debug\main.o
                0x1fff816c                onOffCount
 .bss           0x1fff816d        0x5 .\CortexM3\ARM_GCC_541\Debug\WaveDAC8_Example01.a(WaveDAC8_1.o)
                0x1fff816d                WaveDAC8_1_initVar
 *(COMMON)
                0x1fff8178                . = ALIGN (0x8)
 *fill*         0x1fff8172        0x6 
 *(.ram.b)
                0x1fff8178                _end = .
                0x1fff8178                __end = .
                0x1fff8178                PROVIDE (end, .)
                0x1fff8178                PROVIDE (__bss_end__, .)
                0x000011e8                __cy_region_init_ram = LOADADDR (.data)
                0x00000088                __cy_region_init_size_ram = (_edata - ADDR (.data))
                0x00000028                __cy_region_zero_size_ram = (_end - _edata)

.heap           0x1fff8178     0x1000 load address 0x00001270
                0x1fff8178                . = _end
                0x1fff9178                . = (. + 0x1000)
 *fill*         0x1fff8178     0x1000 
                0x1fff9178                __cy_heap_limit = .

.stack          0x20004000     0x4000
                0x20004000                __cy_stack_limit = .
                0x20008000                . = (. + 0x4000)
 *fill*         0x20004000     0x4000 
                0x00000001                ASSERT ((__cy_stack_limit >= __cy_heap_limit), region RAM overflowed with stack)
                0x00000000                cy_checksum_exclude_size = (CY_APPL_LOADABLE == 0x1)?SIZEOF (.cy_checksum_exclude):0x0
                0x00000001                ASSERT ((cy_checksum_exclude_size <= CY_CHECKSUM_EXCLUDE_SIZE), CY_BOOT: Section .cy_checksum_exclude size exceedes specified limit.)

.cyloadermeta
 *(.cyloadermeta)

.cyloadablemeta
 *(.cyloadablemeta)

.cyconfigecc    0x80000000       0x68
 *(.cyconfigecc)
 .cyconfigecc   0x80000000       0x68 .\CortexM3\ARM_GCC_541\Debug\cymetadata.o
                0x80000000                cy_meta_configecc

.cycustnvl      0x90000000        0x4
 *(.cycustnvl)
 .cycustnvl     0x90000000        0x4 .\CortexM3\ARM_GCC_541\Debug\cymetadata.o
                0x90000000                cy_meta_custnvl

.cywolatch      0x90100000        0x4
 *(.cywolatch)
 .cywolatch     0x90100000        0x4 .\CortexM3\ARM_GCC_541\Debug\cymetadata.o
                0x90100000                cy_meta_wonvl

.cyeeprom       0x90200000        0x0
 *(.cyeeprom)
                0x00000001                ASSERT ((. <= ((0x90200000 + ee_offset) + ee_size)), .cyeeprom data will not fit in EEPROM)

.cyflashprotect
                0x90400000      0x100
 *(.cyflashprotect)
 .cyflashprotect
                0x90400000      0x100 .\CortexM3\ARM_GCC_541\Debug\cymetadata.o
                0x90400000                cy_meta_flashprotect

.cymeta         0x90500000        0xc
 *(.cymeta)
 .cymeta        0x90500000        0xc .\CortexM3\ARM_GCC_541\Debug\cymetadata.o
                0x90500000                cy_metadata

.rel.dyn        0x00001270        0x0 load address 0x9050000c
 .rel.iplt      0x00001270        0x0 c:/program files (x86)/cypress/psoc creator/4.4/psoc creator/import/gnu/arm/5.4.1/bin/../lib/gcc/arm-none-eabi/5.4.1/armv7-m/crtbegin.o

.stab
 *(.stab)

.stabstr
 *(.stabstr)

.debug
 *(.debug)

.line
 *(.line)

.debug_srcinfo
 *(.debug_srcinfo)

.debug_sfnames
 *(.debug_sfnames)

.debug_aranges  0x00000000      0x7b0
 *(.debug_aranges)
 .debug_aranges
                0x00000000       0x20 .\CortexM3\ARM_GCC_541\Debug\main.o
 .debug_aranges
                0x00000020       0x60 .\CortexM3\ARM_GCC_541\Debug\cyfitter_cfg.o
 .debug_aranges
                0x00000080       0x18 .\CortexM3\ARM_GCC_541\Debug\cymetadata.o
 .debug_aranges
                0x00000098       0x48 .\CortexM3\ARM_GCC_541\Debug\Cm3Start.o
 .debug_aranges
                0x000000e0       0x50 .\CortexM3\ARM_GCC_541\Debug\WaveDAC8_Example01.a(WaveDAC8_1.o)
 .debug_aranges
                0x00000130       0x28 .\CortexM3\ARM_GCC_541\Debug\WaveDAC8_Example01.a(WaveDAC8_1_Wave1_DMA_dma.o)
 .debug_aranges
                0x00000158       0x28 .\CortexM3\ARM_GCC_541\Debug\WaveDAC8_Example01.a(WaveDAC8_1_Wave2_DMA_dma.o)
 .debug_aranges
                0x00000180       0x58 .\CortexM3\ARM_GCC_541\Debug\WaveDAC8_Example01.a(WaveDAC8_1_VDAC8.o)
 .debug_aranges
                0x000001d8       0x40 .\CortexM3\ARM_GCC_541\Debug\WaveDAC8_Example01.a(WaveDAC8_1_BuffAmp.o)
 .debug_aranges
                0x00000218       0xd8 .\CortexM3\ARM_GCC_541\Debug\WaveDAC8_Example01.a(CyDmac.o)
 .debug_aranges
                0x000002f0      0x2a0 .\CortexM3\ARM_GCC_541\Debug\WaveDAC8_Example01.a(CyLib.o)
 .debug_aranges
                0x00000590       0x98 .\CortexM3\ARM_GCC_541\Debug\WaveDAC8_Example01.a(cyPm.o)
 .debug_aranges
                0x00000628       0x70 .\CortexM3\ARM_GCC_541\Debug\WaveDAC8_Example01.a(Clock_1.o)
 .debug_aranges
                0x00000698       0x20 .\CortexM3\ARM_GCC_541\Debug\WaveDAC8_Example01.a(CyBootAsmGnu.o)
 .debug_aranges
                0x000006b8       0x80 .\CortexM3\ARM_GCC_541\Debug\WaveDAC8_Example01.a(CyFlash.o)
 .debug_aranges
                0x00000738       0x78 .\CortexM3\ARM_GCC_541\Debug\WaveDAC8_Example01.a(CySpc.o)

.debug_pubnames
 *(.debug_pubnames)

.debug_info     0x00000000     0x37b5
 *(.debug_info .gnu.linkonce.wi.*)
 .debug_info    0x00000000      0x122 .\CortexM3\ARM_GCC_541\Debug\main.o
 .debug_info    0x00000122      0x39a .\CortexM3\ARM_GCC_541\Debug\cyfitter_cfg.o
 .debug_info    0x000004bc      0x134 .\CortexM3\ARM_GCC_541\Debug\cymetadata.o
 .debug_info    0x000005f0      0x32b .\CortexM3\ARM_GCC_541\Debug\Cm3Start.o
 .debug_info    0x0000091b      0x258 .\CortexM3\ARM_GCC_541\Debug\WaveDAC8_Example01.a(WaveDAC8_1.o)
 .debug_info    0x00000b73      0x11b .\CortexM3\ARM_GCC_541\Debug\WaveDAC8_Example01.a(WaveDAC8_1_Wave1_DMA_dma.o)
 .debug_info    0x00000c8e      0x11b .\CortexM3\ARM_GCC_541\Debug\WaveDAC8_Example01.a(WaveDAC8_1_Wave2_DMA_dma.o)
 .debug_info    0x00000da9      0x185 .\CortexM3\ARM_GCC_541\Debug\WaveDAC8_Example01.a(WaveDAC8_1_VDAC8.o)
 .debug_info    0x00000f2e      0x125 .\CortexM3\ARM_GCC_541\Debug\WaveDAC8_Example01.a(WaveDAC8_1_BuffAmp.o)
 .debug_info    0x00001053      0x8c0 .\CortexM3\ARM_GCC_541\Debug\WaveDAC8_Example01.a(CyDmac.o)
 .debug_info    0x00001913      0xe51 .\CortexM3\ARM_GCC_541\Debug\WaveDAC8_Example01.a(CyLib.o)
 .debug_info    0x00002764      0x57a .\CortexM3\ARM_GCC_541\Debug\WaveDAC8_Example01.a(cyPm.o)
 .debug_info    0x00002cde      0x25d .\CortexM3\ARM_GCC_541\Debug\WaveDAC8_Example01.a(Clock_1.o)
 .debug_info    0x00002f3b       0xaf .\CortexM3\ARM_GCC_541\Debug\WaveDAC8_Example01.a(CyBootAsmGnu.o)
 .debug_info    0x00002fea      0x371 .\CortexM3\ARM_GCC_541\Debug\WaveDAC8_Example01.a(CyFlash.o)
 .debug_info    0x0000335b      0x45a .\CortexM3\ARM_GCC_541\Debug\WaveDAC8_Example01.a(CySpc.o)

.debug_abbrev   0x00000000     0x10d7
 *(.debug_abbrev)
 .debug_abbrev  0x00000000       0x96 .\CortexM3\ARM_GCC_541\Debug\main.o
 .debug_abbrev  0x00000096      0x19d .\CortexM3\ARM_GCC_541\Debug\cyfitter_cfg.o
 .debug_abbrev  0x00000233       0x5d .\CortexM3\ARM_GCC_541\Debug\cymetadata.o
 .debug_abbrev  0x00000290      0x1d6 .\CortexM3\ARM_GCC_541\Debug\Cm3Start.o
 .debug_abbrev  0x00000466       0xe3 .\CortexM3\ARM_GCC_541\Debug\WaveDAC8_Example01.a(WaveDAC8_1.o)
 .debug_abbrev  0x00000549       0x8b .\CortexM3\ARM_GCC_541\Debug\WaveDAC8_Example01.a(WaveDAC8_1_Wave1_DMA_dma.o)
 .debug_abbrev  0x000005d4       0x8b .\CortexM3\ARM_GCC_541\Debug\WaveDAC8_Example01.a(WaveDAC8_1_Wave2_DMA_dma.o)
 .debug_abbrev  0x0000065f       0xeb .\CortexM3\ARM_GCC_541\Debug\WaveDAC8_Example01.a(WaveDAC8_1_VDAC8.o)
 .debug_abbrev  0x0000074a       0xa8 .\CortexM3\ARM_GCC_541\Debug\WaveDAC8_Example01.a(WaveDAC8_1_BuffAmp.o)
 .debug_abbrev  0x000007f2      0x194 .\CortexM3\ARM_GCC_541\Debug\WaveDAC8_Example01.a(CyDmac.o)
 .debug_abbrev  0x00000986      0x217 .\CortexM3\ARM_GCC_541\Debug\WaveDAC8_Example01.a(CyLib.o)
 .debug_abbrev  0x00000b9d      0x161 .\CortexM3\ARM_GCC_541\Debug\WaveDAC8_Example01.a(cyPm.o)
 .debug_abbrev  0x00000cfe      0x11d .\CortexM3\ARM_GCC_541\Debug\WaveDAC8_Example01.a(Clock_1.o)
 .debug_abbrev  0x00000e1b       0x14 .\CortexM3\ARM_GCC_541\Debug\WaveDAC8_Example01.a(CyBootAsmGnu.o)
 .debug_abbrev  0x00000e2f      0x13c .\CortexM3\ARM_GCC_541\Debug\WaveDAC8_Example01.a(CyFlash.o)
 .debug_abbrev  0x00000f6b      0x16c .\CortexM3\ARM_GCC_541\Debug\WaveDAC8_Example01.a(CySpc.o)

.debug_line     0x00000000     0x1f1c
 *(.debug_line)
 .debug_line    0x00000000      0x176 .\CortexM3\ARM_GCC_541\Debug\main.o
 .debug_line    0x00000176      0x1f0 .\CortexM3\ARM_GCC_541\Debug\cyfitter_cfg.o
 .debug_line    0x00000366      0x141 .\CortexM3\ARM_GCC_541\Debug\cymetadata.o
 .debug_line    0x000004a7      0x1db .\CortexM3\ARM_GCC_541\Debug\Cm3Start.o
 .debug_line    0x00000682       0xf0 .\CortexM3\ARM_GCC_541\Debug\WaveDAC8_Example01.a(WaveDAC8_1.o)
 .debug_line    0x00000772       0x87 .\CortexM3\ARM_GCC_541\Debug\WaveDAC8_Example01.a(WaveDAC8_1_Wave1_DMA_dma.o)
 .debug_line    0x000007f9       0x87 .\CortexM3\ARM_GCC_541\Debug\WaveDAC8_Example01.a(WaveDAC8_1_Wave2_DMA_dma.o)
 .debug_line    0x00000880       0xf8 .\CortexM3\ARM_GCC_541\Debug\WaveDAC8_Example01.a(WaveDAC8_1_VDAC8.o)
 .debug_line    0x00000978       0xba .\CortexM3\ARM_GCC_541\Debug\WaveDAC8_Example01.a(WaveDAC8_1_BuffAmp.o)
 .debug_line    0x00000a32      0x2b6 .\CortexM3\ARM_GCC_541\Debug\WaveDAC8_Example01.a(CyDmac.o)
 .debug_line    0x00000ce8      0x883 .\CortexM3\ARM_GCC_541\Debug\WaveDAC8_Example01.a(CyLib.o)
 .debug_line    0x0000156b      0x38e .\CortexM3\ARM_GCC_541\Debug\WaveDAC8_Example01.a(cyPm.o)
 .debug_line    0x000018f9      0x1a6 .\CortexM3\ARM_GCC_541\Debug\WaveDAC8_Example01.a(Clock_1.o)
 .debug_line    0x00001a9f       0x66 .\CortexM3\ARM_GCC_541\Debug\WaveDAC8_Example01.a(CyBootAsmGnu.o)
 .debug_line    0x00001b05      0x205 .\CortexM3\ARM_GCC_541\Debug\WaveDAC8_Example01.a(CyFlash.o)
 .debug_line    0x00001d0a      0x212 .\CortexM3\ARM_GCC_541\Debug\WaveDAC8_Example01.a(CySpc.o)

.debug_frame    0x00000000     0x1e8c
 *(.debug_frame)
 .debug_frame   0x00000000       0x30 .\CortexM3\ARM_GCC_541\Debug\main.o
 .debug_frame   0x00000030      0x16c .\CortexM3\ARM_GCC_541\Debug\cyfitter_cfg.o
 .debug_frame   0x0000019c       0xd8 .\CortexM3\ARM_GCC_541\Debug\Cm3Start.o
 .debug_frame   0x00000274       0xf8 .\CortexM3\ARM_GCC_541\Debug\WaveDAC8_Example01.a(WaveDAC8_1.o)
 .debug_frame   0x0000036c       0x58 .\CortexM3\ARM_GCC_541\Debug\WaveDAC8_Example01.a(WaveDAC8_1_Wave1_DMA_dma.o)
 .debug_frame   0x000003c4       0x58 .\CortexM3\ARM_GCC_541\Debug\WaveDAC8_Example01.a(WaveDAC8_1_Wave2_DMA_dma.o)
 .debug_frame   0x0000041c      0x130 .\CortexM3\ARM_GCC_541\Debug\WaveDAC8_Example01.a(WaveDAC8_1_VDAC8.o)
 .debug_frame   0x0000054c       0xb8 .\CortexM3\ARM_GCC_541\Debug\WaveDAC8_Example01.a(WaveDAC8_1_BuffAmp.o)
 .debug_frame   0x00000604      0x3d0 .\CortexM3\ARM_GCC_541\Debug\WaveDAC8_Example01.a(CyDmac.o)
 .debug_frame   0x000009d4      0xc0c .\CortexM3\ARM_GCC_541\Debug\WaveDAC8_Example01.a(CyLib.o)
 .debug_frame   0x000015e0      0x234 .\CortexM3\ARM_GCC_541\Debug\WaveDAC8_Example01.a(cyPm.o)
 .debug_frame   0x00001814      0x1b4 .\CortexM3\ARM_GCC_541\Debug\WaveDAC8_Example01.a(Clock_1.o)
 .debug_frame   0x000019c8      0x210 .\CortexM3\ARM_GCC_541\Debug\WaveDAC8_Example01.a(CyFlash.o)
 .debug_frame   0x00001bd8      0x1f8 .\CortexM3\ARM_GCC_541\Debug\WaveDAC8_Example01.a(CySpc.o)
 .debug_frame   0x00001dd0       0x20 c:/program files (x86)/cypress/psoc creator/4.4/psoc creator/import/gnu/arm/5.4.1/bin/../lib/gcc/arm-none-eabi/5.4.1/../../../../arm-none-eabi/lib/armv7-m\libg_nano.a(lib_a-errno.o)
 .debug_frame   0x00001df0       0x28 c:/program files (x86)/cypress/psoc creator/4.4/psoc creator/import/gnu/arm/5.4.1/bin/../lib/gcc/arm-none-eabi/5.4.1/../../../../arm-none-eabi/lib/armv7-m\libg_nano.a(lib_a-exit.o)
 .debug_frame   0x00001e18       0x2c c:/program files (x86)/cypress/psoc creator/4.4/psoc creator/import/gnu/arm/5.4.1/bin/../lib/gcc/arm-none-eabi/5.4.1/../../../../arm-none-eabi/lib/armv7-m\libg_nano.a(lib_a-init.o)
 .debug_frame   0x00001e44       0x28 c:/program files (x86)/cypress/psoc creator/4.4/psoc creator/import/gnu/arm/5.4.1/bin/../lib/gcc/arm-none-eabi/5.4.1/../../../../arm-none-eabi/lib/armv7-m\libg_nano.a(lib_a-memcpy-stub.o)
 .debug_frame   0x00001e6c       0x20 c:/program files (x86)/cypress/psoc creator/4.4/psoc creator/import/gnu/arm/5.4.1/bin/../lib/gcc/arm-none-eabi/5.4.1/../../../../arm-none-eabi/lib/armv7-m\libg_nano.a(lib_a-memset.o)

.debug_str      0x00000000     0x1c4f
 *(.debug_str)
 .debug_str     0x00000000      0x1b1 .\CortexM3\ARM_GCC_541\Debug\main.o
                                0x1f9 (size before relaxing)
 .debug_str     0x000001b1      0x16e .\CortexM3\ARM_GCC_541\Debug\cyfitter_cfg.o
                                0x322 (size before relaxing)
 .debug_str     0x0000031f       0xdb .\CortexM3\ARM_GCC_541\Debug\cymetadata.o
                                0x1fe (size before relaxing)
 .debug_str     0x000003fa      0x123 .\CortexM3\ARM_GCC_541\Debug\Cm3Start.o
                                0x2f6 (size before relaxing)
 .debug_str     0x0000051d      0x168 .\CortexM3\ARM_GCC_541\Debug\WaveDAC8_Example01.a(WaveDAC8_1.o)
                                0x316 (size before relaxing)
 .debug_str     0x00000685       0xcf .\CortexM3\ARM_GCC_541\Debug\WaveDAC8_Example01.a(WaveDAC8_1_Wave1_DMA_dma.o)
                                0x276 (size before relaxing)
 .debug_str     0x00000754       0x94 .\CortexM3\ARM_GCC_541\Debug\WaveDAC8_Example01.a(WaveDAC8_1_Wave2_DMA_dma.o)
                                0x276 (size before relaxing)
 .debug_str     0x000007e8      0x116 .\CortexM3\ARM_GCC_541\Debug\WaveDAC8_Example01.a(WaveDAC8_1_VDAC8.o)
                                0x2ac (size before relaxing)
 .debug_str     0x000008fe       0xcc .\CortexM3\ARM_GCC_541\Debug\WaveDAC8_Example01.a(WaveDAC8_1_BuffAmp.o)
                                0x271 (size before relaxing)
 .debug_str     0x000009ca      0x375 .\CortexM3\ARM_GCC_541\Debug\WaveDAC8_Example01.a(CyDmac.o)
                                0x53c (size before relaxing)
 .debug_str     0x00000d3f      0x7d9 .\CortexM3\ARM_GCC_541\Debug\WaveDAC8_Example01.a(CyLib.o)
                                0xa09 (size before relaxing)
 .debug_str     0x00001518      0x371 .\CortexM3\ARM_GCC_541\Debug\WaveDAC8_Example01.a(cyPm.o)
                                0x562 (size before relaxing)
 .debug_str     0x00001889      0x162 .\CortexM3\ARM_GCC_541\Debug\WaveDAC8_Example01.a(Clock_1.o)
                                0x30d (size before relaxing)
 .debug_str     0x000019eb      0x145 .\CortexM3\ARM_GCC_541\Debug\WaveDAC8_Example01.a(CyFlash.o)
                                0x315 (size before relaxing)
 .debug_str     0x00001b30      0x11f .\CortexM3\ARM_GCC_541\Debug\WaveDAC8_Example01.a(CySpc.o)
                                0x312 (size before relaxing)

.debug_loc
 *(.debug_loc)

.debug_macinfo
 *(.debug_macinfo)

.debug_ranges   0x00000000      0x698
 *(.debug_ranges)
 .debug_ranges  0x00000000       0x10 .\CortexM3\ARM_GCC_541\Debug\main.o
 .debug_ranges  0x00000010       0x50 .\CortexM3\ARM_GCC_541\Debug\cyfitter_cfg.o
 .debug_ranges  0x00000060       0x38 .\CortexM3\ARM_GCC_541\Debug\Cm3Start.o
 .debug_ranges  0x00000098       0x40 .\CortexM3\ARM_GCC_541\Debug\WaveDAC8_Example01.a(WaveDAC8_1.o)
 .debug_ranges  0x000000d8       0x18 .\CortexM3\ARM_GCC_541\Debug\WaveDAC8_Example01.a(WaveDAC8_1_Wave1_DMA_dma.o)
 .debug_ranges  0x000000f0       0x18 .\CortexM3\ARM_GCC_541\Debug\WaveDAC8_Example01.a(WaveDAC8_1_Wave2_DMA_dma.o)
 .debug_ranges  0x00000108       0x48 .\CortexM3\ARM_GCC_541\Debug\WaveDAC8_Example01.a(WaveDAC8_1_VDAC8.o)
 .debug_ranges  0x00000150       0x30 .\CortexM3\ARM_GCC_541\Debug\WaveDAC8_Example01.a(WaveDAC8_1_BuffAmp.o)
 .debug_ranges  0x00000180       0xc8 .\CortexM3\ARM_GCC_541\Debug\WaveDAC8_Example01.a(CyDmac.o)
 .debug_ranges  0x00000248      0x290 .\CortexM3\ARM_GCC_541\Debug\WaveDAC8_Example01.a(CyLib.o)
 .debug_ranges  0x000004d8       0x88 .\CortexM3\ARM_GCC_541\Debug\WaveDAC8_Example01.a(cyPm.o)
 .debug_ranges  0x00000560       0x60 .\CortexM3\ARM_GCC_541\Debug\WaveDAC8_Example01.a(Clock_1.o)
 .debug_ranges  0x000005c0       0x70 .\CortexM3\ARM_GCC_541\Debug\WaveDAC8_Example01.a(CyFlash.o)
 .debug_ranges  0x00000630       0x68 .\CortexM3\ARM_GCC_541\Debug\WaveDAC8_Example01.a(CySpc.o)

.comment        0x00000000       0x6e
 .comment       0x00000000       0x6e .\CortexM3\ARM_GCC_541\Debug\main.o
                                 0x6f (size before relaxing)
 .comment       0x0000006e       0x6f .\CortexM3\ARM_GCC_541\Debug\cyfitter_cfg.o
 .comment       0x0000006e       0x6f .\CortexM3\ARM_GCC_541\Debug\cymetadata.o
 .comment       0x0000006e       0x6f .\CortexM3\ARM_GCC_541\Debug\Cm3Start.o
 .comment       0x0000006e       0x6f .\CortexM3\ARM_GCC_541\Debug\WaveDAC8_Example01.a(WaveDAC8_1.o)
 .comment       0x0000006e       0x6f .\CortexM3\ARM_GCC_541\Debug\WaveDAC8_Example01.a(WaveDAC8_1_Wave1_DMA_dma.o)
 .comment       0x0000006e       0x6f .\CortexM3\ARM_GCC_541\Debug\WaveDAC8_Example01.a(WaveDAC8_1_Wave2_DMA_dma.o)
 .comment       0x0000006e       0x6f .\CortexM3\ARM_GCC_541\Debug\WaveDAC8_Example01.a(WaveDAC8_1_VDAC8.o)
 .comment       0x0000006e       0x6f .\CortexM3\ARM_GCC_541\Debug\WaveDAC8_Example01.a(WaveDAC8_1_BuffAmp.o)
 .comment       0x0000006e       0x6f .\CortexM3\ARM_GCC_541\Debug\WaveDAC8_Example01.a(CyDmac.o)
 .comment       0x0000006e       0x6f .\CortexM3\ARM_GCC_541\Debug\WaveDAC8_Example01.a(CyLib.o)
 .comment       0x0000006e       0x6f .\CortexM3\ARM_GCC_541\Debug\WaveDAC8_Example01.a(cyPm.o)
 .comment       0x0000006e       0x6f .\CortexM3\ARM_GCC_541\Debug\WaveDAC8_Example01.a(Clock_1.o)
 .comment       0x0000006e       0x6f .\CortexM3\ARM_GCC_541\Debug\WaveDAC8_Example01.a(CyFlash.o)
 .comment       0x0000006e       0x6f .\CortexM3\ARM_GCC_541\Debug\WaveDAC8_Example01.a(CySpc.o)

.debug_weaknames
 *(.debug_weaknames)

.debug_funcnames
 *(.debug_funcnames)

.debug_typenames
 *(.debug_typenames)

.debug_varnames
 *(.debug_varnames)

.note.gnu.arm.ident
 *(.note.gnu.arm.ident)

.ARM.attributes
                0x00000000       0x29
 *(.ARM.attributes)
 .ARM.attributes
                0x00000000       0x1d c:/program files (x86)/cypress/psoc creator/4.4/psoc creator/import/gnu/arm/5.4.1/bin/../lib/gcc/arm-none-eabi/5.4.1/armv7-m/crti.o
 .ARM.attributes
                0x0000001d       0x2d c:/program files (x86)/cypress/psoc creator/4.4/psoc creator/import/gnu/arm/5.4.1/bin/../lib/gcc/arm-none-eabi/5.4.1/armv7-m/crtbegin.o
 .ARM.attributes
                0x0000004a       0x1b c:/program files (x86)/cypress/psoc creator/4.4/psoc creator/import/gnu/arm/5.4.1/bin/../lib/gcc/arm-none-eabi/5.4.1/../../../../arm-none-eabi/lib/armv7-m/crt0.o
 .ARM.attributes
                0x00000065       0x33 .\CortexM3\ARM_GCC_541\Debug\main.o
 .ARM.attributes
                0x00000098       0x33 .\CortexM3\ARM_GCC_541\Debug\cyfitter_cfg.o
 .ARM.attributes
                0x000000cb       0x33 .\CortexM3\ARM_GCC_541\Debug\cymetadata.o
 .ARM.attributes
                0x000000fe       0x33 .\CortexM3\ARM_GCC_541\Debug\Cm3Start.o
 .ARM.attributes
                0x00000131       0x33 .\CortexM3\ARM_GCC_541\Debug\WaveDAC8_Example01.a(WaveDAC8_1.o)
 .ARM.attributes
                0x00000164       0x33 .\CortexM3\ARM_GCC_541\Debug\WaveDAC8_Example01.a(WaveDAC8_1_Wave1_DMA_dma.o)
 .ARM.attributes
                0x00000197       0x33 .\CortexM3\ARM_GCC_541\Debug\WaveDAC8_Example01.a(WaveDAC8_1_Wave2_DMA_dma.o)
 .ARM.attributes
                0x000001ca       0x33 .\CortexM3\ARM_GCC_541\Debug\WaveDAC8_Example01.a(WaveDAC8_1_VDAC8.o)
 .ARM.attributes
                0x000001fd       0x33 .\CortexM3\ARM_GCC_541\Debug\WaveDAC8_Example01.a(WaveDAC8_1_BuffAmp.o)
 .ARM.attributes
                0x00000230       0x33 .\CortexM3\ARM_GCC_541\Debug\WaveDAC8_Example01.a(CyDmac.o)
 .ARM.attributes
                0x00000263       0x33 .\CortexM3\ARM_GCC_541\Debug\WaveDAC8_Example01.a(CyLib.o)
 .ARM.attributes
                0x00000296       0x33 .\CortexM3\ARM_GCC_541\Debug\WaveDAC8_Example01.a(cyPm.o)
 .ARM.attributes
                0x000002c9       0x33 .\CortexM3\ARM_GCC_541\Debug\WaveDAC8_Example01.a(Clock_1.o)
 .ARM.attributes
                0x000002fc       0x21 .\CortexM3\ARM_GCC_541\Debug\WaveDAC8_Example01.a(CyBootAsmGnu.o)
 .ARM.attributes
                0x0000031d       0x33 .\CortexM3\ARM_GCC_541\Debug\WaveDAC8_Example01.a(CyFlash.o)
 .ARM.attributes
                0x00000350       0x33 .\CortexM3\ARM_GCC_541\Debug\WaveDAC8_Example01.a(CySpc.o)
 .ARM.attributes
                0x00000383       0x2d c:/program files (x86)/cypress/psoc creator/4.4/psoc creator/import/gnu/arm/5.4.1/bin/../lib/gcc/arm-none-eabi/5.4.1/../../../../arm-none-eabi/lib/armv7-m\libg_nano.a(lib_a-errno.o)
 .ARM.attributes
                0x000003b0       0x2d c:/program files (x86)/cypress/psoc creator/4.4/psoc creator/import/gnu/arm/5.4.1/bin/../lib/gcc/arm-none-eabi/5.4.1/../../../../arm-none-eabi/lib/armv7-m\libg_nano.a(lib_a-exit.o)
 .ARM.attributes
                0x000003dd       0x2d c:/program files (x86)/cypress/psoc creator/4.4/psoc creator/import/gnu/arm/5.4.1/bin/../lib/gcc/arm-none-eabi/5.4.1/../../../../arm-none-eabi/lib/armv7-m\libg_nano.a(lib_a-impure.o)
 .ARM.attributes
                0x0000040a       0x2d c:/program files (x86)/cypress/psoc creator/4.4/psoc creator/import/gnu/arm/5.4.1/bin/../lib/gcc/arm-none-eabi/5.4.1/../../../../arm-none-eabi/lib/armv7-m\libg_nano.a(lib_a-init.o)
 .ARM.attributes
                0x00000437       0x2d c:/program files (x86)/cypress/psoc creator/4.4/psoc creator/import/gnu/arm/5.4.1/bin/../lib/gcc/arm-none-eabi/5.4.1/../../../../arm-none-eabi/lib/armv7-m\libg_nano.a(lib_a-memcpy-stub.o)
 .ARM.attributes
                0x00000464       0x2d c:/program files (x86)/cypress/psoc creator/4.4/psoc creator/import/gnu/arm/5.4.1/bin/../lib/gcc/arm-none-eabi/5.4.1/../../../../arm-none-eabi/lib/armv7-m\libg_nano.a(lib_a-memset.o)
 .ARM.attributes
                0x00000491       0x2d c:/program files (x86)/cypress/psoc creator/4.4/psoc creator/import/gnu/arm/5.4.1/bin/../lib/gcc/arm-none-eabi/5.4.1/armv7-m/crtend.o
 .ARM.attributes
                0x000004be       0x1d c:/program files (x86)/cypress/psoc creator/4.4/psoc creator/import/gnu/arm/5.4.1/bin/../lib/gcc/arm-none-eabi/5.4.1/armv7-m/crtn.o

/DISCARD/
 *(.note.GNU-stack)
OUTPUT(C:\Users\Silvan\OneDrive\GitHubRepos\PSoC_Audio_MIDI\WaveDAC8_Example01\WaveDAC8_Example01.cydsn\CortexM3\ARM_GCC_541\Debug\WaveDAC8_Example01.elf elf32-littlearm)
