Archive member included to satisfy reference by file (symbol)

.\CortexM3\ARM_GCC_541\Debug\WaveDAC8_Example01.a(WaveDAC8_1.o)
                              .\CortexM3\ARM_GCC_541\Debug\main.o (WaveDAC8_1_Start)
.\CortexM3\ARM_GCC_541\Debug\WaveDAC8_Example01.a(WaveDAC8_1_Wave1_DMA_dma.o)
                              .\CortexM3\ARM_GCC_541\Debug\WaveDAC8_Example01.a(WaveDAC8_1.o) (WaveDAC8_1_Wave1_DMA_DmaInitialize)
.\CortexM3\ARM_GCC_541\Debug\WaveDAC8_Example01.a(WaveDAC8_1_Wave2_DMA_dma.o)
                              .\CortexM3\ARM_GCC_541\Debug\WaveDAC8_Example01.a(WaveDAC8_1.o) (WaveDAC8_1_Wave2_DMA_DmaInitialize)
.\CortexM3\ARM_GCC_541\Debug\WaveDAC8_Example01.a(WaveDAC8_1_VDAC8.o)
                              .\CortexM3\ARM_GCC_541\Debug\WaveDAC8_Example01.a(WaveDAC8_1.o) (WaveDAC8_1_VDAC8_Init)
.\CortexM3\ARM_GCC_541\Debug\WaveDAC8_Example01.a(WaveDAC8_1_BuffAmp.o)
                              .\CortexM3\ARM_GCC_541\Debug\WaveDAC8_Example01.a(WaveDAC8_1.o) (WaveDAC8_1_BuffAmp_Init)
.\CortexM3\ARM_GCC_541\Debug\WaveDAC8_Example01.a(CyDmac.o)
                              .\CortexM3\ARM_GCC_541\Debug\Cm3Start.o (CyDmacConfigure)
.\CortexM3\ARM_GCC_541\Debug\WaveDAC8_Example01.a(CyLib.o)
                              .\CortexM3\ARM_GCC_541\Debug\Cm3Start.o (CyResetStatus)
.\CortexM3\ARM_GCC_541\Debug\WaveDAC8_Example01.a(cyPm.o)
                              .\CortexM3\ARM_GCC_541\Debug\WaveDAC8_Example01.a(CyLib.o) (CyPmReadStatus)
.\CortexM3\ARM_GCC_541\Debug\WaveDAC8_Example01.a(Clock_1.o)
                              .\CortexM3\ARM_GCC_541\Debug\main.o (Clock_1_SetDividerRegister)
.\CortexM3\ARM_GCC_541\Debug\WaveDAC8_Example01.a(UART_1.o)
                              .\CortexM3\ARM_GCC_541\Debug\main.o (UART_1_Start)
.\CortexM3\ARM_GCC_541\Debug\WaveDAC8_Example01.a(UART_1_IntClock.o)
                              .\CortexM3\ARM_GCC_541\Debug\WaveDAC8_Example01.a(UART_1.o) (UART_1_IntClock_Start)
.\CortexM3\ARM_GCC_541\Debug\WaveDAC8_Example01.a(CyBootAsmGnu.o)
                              .\CortexM3\ARM_GCC_541\Debug\cyfitter_cfg.o (CyDelayCycles)
.\CortexM3\ARM_GCC_541\Debug\WaveDAC8_Example01.a(CyFlash.o)
                              .\CortexM3\ARM_GCC_541\Debug\WaveDAC8_Example01.a(cyPm.o) (CyFlash_SetWaitCycles)
.\CortexM3\ARM_GCC_541\Debug\WaveDAC8_Example01.a(CySpc.o)
                              .\CortexM3\ARM_GCC_541\Debug\WaveDAC8_Example01.a(CyFlash.o) (CySpcStart)
c:/program files (x86)/cypress/psoc creator/4.4/psoc creator/import/gnu/arm/5.4.1/bin/../lib/gcc/arm-none-eabi/5.4.1/../../../../arm-none-eabi/lib/armv7-m\libg_nano.a(lib_a-errno.o)
                              .\CortexM3\ARM_GCC_541\Debug\Cm3Start.o (__errno)
c:/program files (x86)/cypress/psoc creator/4.4/psoc creator/import/gnu/arm/5.4.1/bin/../lib/gcc/arm-none-eabi/5.4.1/../../../../arm-none-eabi/lib/armv7-m\libg_nano.a(lib_a-exit.o)
                              c:/program files (x86)/cypress/psoc creator/4.4/psoc creator/import/gnu/arm/5.4.1/bin/../lib/gcc/arm-none-eabi/5.4.1/../../../../arm-none-eabi/lib/armv7-m/crt0.o (exit)
c:/program files (x86)/cypress/psoc creator/4.4/psoc creator/import/gnu/arm/5.4.1/bin/../lib/gcc/arm-none-eabi/5.4.1/../../../../arm-none-eabi/lib/armv7-m\libg_nano.a(lib_a-impure.o)
                              c:/program files (x86)/cypress/psoc creator/4.4/psoc creator/import/gnu/arm/5.4.1/bin/../lib/gcc/arm-none-eabi/5.4.1/../../../../arm-none-eabi/lib/armv7-m\libg_nano.a(lib_a-exit.o) (_global_impure_ptr)
c:/program files (x86)/cypress/psoc creator/4.4/psoc creator/import/gnu/arm/5.4.1/bin/../lib/gcc/arm-none-eabi/5.4.1/../../../../arm-none-eabi/lib/armv7-m\libg_nano.a(lib_a-init.o)
                              c:/program files (x86)/cypress/psoc creator/4.4/psoc creator/import/gnu/arm/5.4.1/bin/../lib/gcc/arm-none-eabi/5.4.1/../../../../arm-none-eabi/lib/armv7-m/crt0.o (__libc_init_array)
c:/program files (x86)/cypress/psoc creator/4.4/psoc creator/import/gnu/arm/5.4.1/bin/../lib/gcc/arm-none-eabi/5.4.1/../../../../arm-none-eabi/lib/armv7-m\libg_nano.a(lib_a-memcpy-stub.o)
                              .\CortexM3\ARM_GCC_541\Debug\cyfitter_cfg.o (memcpy)
c:/program files (x86)/cypress/psoc creator/4.4/psoc creator/import/gnu/arm/5.4.1/bin/../lib/gcc/arm-none-eabi/5.4.1/../../../../arm-none-eabi/lib/armv7-m\libg_nano.a(lib_a-memset.o)
                              c:/program files (x86)/cypress/psoc creator/4.4/psoc creator/import/gnu/arm/5.4.1/bin/../lib/gcc/arm-none-eabi/5.4.1/../../../../arm-none-eabi/lib/armv7-m/crt0.o (memset)
c:/program files (x86)/cypress/psoc creator/4.4/psoc creator/import/gnu/arm/5.4.1/bin/../lib/gcc/arm-none-eabi/5.4.1/../../../../arm-none-eabi/lib/armv7-m\libg_nano.a(lib_a-sprintf.o)
                              .\CortexM3\ARM_GCC_541\Debug\main.o (sprintf)
c:/program files (x86)/cypress/psoc creator/4.4/psoc creator/import/gnu/arm/5.4.1/bin/../lib/gcc/arm-none-eabi/5.4.1/../../../../arm-none-eabi/lib/armv7-m\libg_nano.a(lib_a-nano-svfprintf.o)
[...]
Memory Configuration

Name             Origin             Length             Attributes
rom              0x00000000         0x00040000         xr
ram              0x1fff8000         0x00010000         xrw
*default*        0x00000000         0xffffffff

Linker script and memory map

LOAD c:/program files (x86)/cypress/psoc creator/4.4/psoc creator/import/gnu/arm/5.4.1/bin/../lib/gcc/arm-none-eabi/5.4.1/armv7-m/crti.o
LOAD c:/program files (x86)/cypress/psoc creator/4.4/psoc creator/import/gnu/arm/5.4.1/bin/../lib/gcc/arm-none-eabi/5.4.1/armv7-m/crtbegin.o
LOAD c:/program files (x86)/cypress/psoc creator/4.4/psoc creator/import/gnu/arm/5.4.1/bin/../lib/gcc/arm-none-eabi/5.4.1/../../../../arm-none-eabi/lib/armv7-m/crt0.o
START GROUP
LOAD .\CortexM3\ARM_GCC_541\Debug\main.o
LOAD .\CortexM3\ARM_GCC_541\Debug\cyfitter_cfg.o
LOAD .\CortexM3\ARM_GCC_541\Debug\cymetadata.o
LOAD .\CortexM3\ARM_GCC_541\Debug\Cm3Start.o
LOAD .\CortexM3\ARM_GCC_541\Debug\WaveDAC8_Example01.a
LOAD C:\Program Files (x86)\Cypress\PSoC Creator\4.4\PSoC Creator\psoc\content\cycomponentlibrary\CyComponentLibrary.cylib\CortexM3\ARM_GCC_541\Debug\CyComponentLibrary.a
END GROUP
START GROUP
LOAD c:/program files (x86)/cypress/psoc creator/4.4/psoc creator/import/gnu/arm/5.4.1/bin/../lib/gcc/arm-none-eabi/5.4.1/armv7-m\libgcc.a
LOAD c:/program files (x86)/cypress/psoc creator/4.4/psoc creator/import/gnu/arm/5.4.1/bin/../lib/gcc/arm-none-eabi/5.4.1/../../../../arm-none-eabi/lib/armv7-m\libg_nano.a
LOAD c:/program files (x86)/cypress/psoc creator/4.4/psoc creator/import/gnu/arm/5.4.1/bin/../lib/gcc/arm-none-eabi/5.4.1/../../../../arm-none-eabi/lib/armv7-m\libc_nano.a
END GROUP
START GROUP
LOAD c:/program files (x86)/cypress/psoc creator/4.4/psoc creator/import/gnu/arm/5.4.1/bin/../lib/gcc/arm-none-eabi/5.4.1/armv7-m\libgcc.a
LOAD c:/program files (x86)/cypress/psoc creator/4.4/psoc creator/import/gnu/arm/5.4.1/bin/../lib/gcc/arm-none-eabi/5.4.1/../../../../arm-none-eabi/lib/armv7-m\libc_nano.a
END GROUP
LOAD c:/program files (x86)/cypress/psoc creator/4.4/psoc creator/import/gnu/arm/5.4.1/bin/../lib/gcc/arm-none-eabi/5.4.1/armv7-m/crtend.o
LOAD c:/program files (x86)/cypress/psoc creator/4.4/psoc creator/import/gnu/arm/5.4.1/bin/../lib/gcc/arm-none-eabi/5.4.1/armv7-m/crtn.o
START GROUP
LOAD c:/program files (x86)/cypress/psoc creator/4.4/psoc creator/import/gnu/arm/5.4.1/bin/../lib/gcc/arm-none-eabi/5.4.1/armv7-m\libgcc.a
LOAD c:/program files (x86)/cypress/psoc creator/4.4/psoc creator/import/gnu/arm/5.4.1/bin/../lib/gcc/arm-none-eabi/5.4.1/../../../../arm-none-eabi/lib/armv7-m\libc.a
LOAD c:/program files (x86)/cypress/psoc creator/4.4/psoc creator/import/gnu/arm/5.4.1/bin/../lib/gcc/arm-none-eabi/5.4.1/../../../../arm-none-eabi/lib/armv7-m\libnosys.a
END GROUP
                0x00000000                CY_APPL_ORIGIN = 0x0
                0x00000100                CY_FLASH_ROW_SIZE = 0x100
                0x00000020                CY_ECC_ROW_SIZE = 0x20
                0x00000000                CY_EE_IN_BTLDR = 0x0
                0x00000000                CY_APPL_LOADABLE = 0x0
                0x00000800                CY_EE_SIZE = 0x800
                0x00000001                CY_APPL_NUM = 0x1
                0x00000001                CY_APPL_MAX = 0x1
                0x00000040                CY_METADATA_SIZE = 0x40
                0x00000000                CY_APPL_LOADABLE = 0x0
                0x00000000                CY_CHECKSUM_EXCLUDE_SIZE = ALIGN (0x0, CY_FLASH_ROW_SIZE)
                [!provide]                PROVIDE (__cy_heap_start, _end)
                0x00000001                PROVIDE (__cy_region_num, ((__cy_regions_end - __cy_regions) / 0x10))
                0x20008000                PROVIDE (__cy_stack, (ORIGIN (ram) + LENGTH (ram)))
                [!provide]                PROVIDE (__cy_heap_end, (__cy_stack - 0x4000))

.cybootloader   0x00000000        0x0
 *(.cybootloader)
                0x00000000                appl1_start = CY_APPL_ORIGIN?CY_APPL_ORIGIN:ALIGN (CY_FLASH_ROW_SIZE)
                0x0001ff00                appl2_start = (appl1_start + ALIGN ((((LENGTH (rom) - appl1_start) - (0x2 * CY_FLASH_ROW_SIZE)) / 0x2), CY_FLASH_ROW_SIZE))
                0x00000000                appl_start = (CY_APPL_NUM == 0x1)?appl1_start:appl2_start
                0x00000000                ecc_offset = ((appl_start / CY_FLASH_ROW_SIZE) * CY_ECC_ROW_SIZE)
                0x00000000                ee_offset = (CY_APPL_LOADABLE && ! (CY_EE_IN_BTLDR))?((CY_EE_SIZE / CY_APPL_MAX) * (CY_APPL_NUM - 0x1)):0x0
                0x00000800                ee_size = (CY_APPL_LOADABLE && ! (CY_EE_IN_BTLDR))?(CY_EE_SIZE / CY_APPL_MAX):CY_EE_SIZE
                [!provide]                PROVIDE (CY_ECC_OFFSET, ecc_offset)

.text           0x00000000     0x1c40
 CREATE_OBJECT_SYMBOLS
                0x00000000                PROVIDE (__cy_interrupt_vector, RomVectors)
 *(.romvectors)
 .romvectors    0x00000000       0x10 .\CortexM3\ARM_GCC_541\Debug\Cm3Start.o
                0x00000000                RomVectors
                0x00000001                ASSERT ((. != __cy_interrupt_vector), No interrupt vector)
                0x00000001                ASSERT (CY_APPL_ORIGIN?(SIZEOF (.cybootloader) <= CY_APPL_ORIGIN):0x1, Wrong image location)
                0x00000010                PROVIDE (__cy_reset, Reset)
 *(.text.Reset)
 .text.Reset    0x00000010       0x18 .\CortexM3\ARM_GCC_541\Debug\Cm3Start.o
                0x00000010                Reset
                0x00000001                ASSERT ((. != __cy_reset), No reset code)
 *(.dma_init)
                0x00000001                ASSERT ((((appl_start + .) <= 0x10000) || 0x1), DMA Init must be within the first 64k of flash)
 *(.text .text.* .gnu.linkonce.t.*)
 .text          0x00000028       0x5c c:/program files (x86)/cypress/psoc creator/4.4/psoc creator/import/gnu/arm/5.4.1/bin/../lib/gcc/arm-none-eabi/5.4.1/armv7-m/crtbegin.o
 .text.main     0x00000084      0x170 .\CortexM3\ARM_GCC_541\Debug\main.o
                0x00000084                main
 .text.CYMEMZERO
                0x000001f4       0x1c .\CortexM3\ARM_GCC_541\Debug\cyfitter_cfg.o
 .text.CYCONFIGCPY
                0x00000210       0x20 .\CortexM3\ARM_GCC_541\Debug\cyfitter_cfg.o
 .text.CyClockStartupError
                0x00000230        0xc .\CortexM3\ARM_GCC_541\Debug\cyfitter_cfg.o
 .text.cfg_write_bytes32
                0x0000023c       0x74 .\CortexM3\ARM_GCC_541\Debug\cyfitter_cfg.o
 .text.ClockSetup
                0x000002b0      0x114 .\CortexM3\ARM_GCC_541\Debug\cyfitter_cfg.o
 .text.AnalogSetDefault
                0x000003c4       0x58 .\CortexM3\ARM_GCC_541\Debug\cyfitter_cfg.o
 .text.cyfitter_cfg
                0x0000041c      0x198 .\CortexM3\ARM_GCC_541\Debug\cyfitter_cfg.o
                0x0000041c                cyfitter_cfg
 .text.IntDefaultHandler
                0x000005b4       0x14 .\CortexM3\ARM_GCC_541\Debug\Cm3Start.o
                0x000005b4                IntDefaultHandler
 .text._sbrk    0x000005c8       0x54 .\CortexM3\ARM_GCC_541\Debug\Cm3Start.o
                0x000005c8                _sbrk
 .text.Start_c  0x0000061c       0x98 .\CortexM3\ARM_GCC_541\Debug\Cm3Start.o
                0x0000061c                Start_c
 .text.initialize_psoc
                0x000006b4       0x94 .\CortexM3\ARM_GCC_541\Debug\Cm3Start.o
                0x000006b4                initialize_psoc
 .text.WaveDAC8_1_Init
                0x00000748       0x54 .\CortexM3\ARM_GCC_541\Debug\WaveDAC8_Example01.a(WaveDAC8_1.o)
                0x00000748                WaveDAC8_1_Init
 .text.WaveDAC8_1_Enable
                0x0000079c       0x38 .\CortexM3\ARM_GCC_541\Debug\WaveDAC8_Example01.a(WaveDAC8_1.o)
                0x0000079c                WaveDAC8_1_Enable
 .text.WaveDAC8_1_Start
                0x000007d4       0x24 .\CortexM3\ARM_GCC_541\Debug\WaveDAC8_Example01.a(WaveDAC8_1.o)
                0x000007d4                WaveDAC8_1_Start
 .text.WaveDAC8_1_Stop
                0x000007f8       0x28 .\CortexM3\ARM_GCC_541\Debug\WaveDAC8_Example01.a(WaveDAC8_1.o)
                0x000007f8                WaveDAC8_1_Stop
 .text.WaveDAC8_1_Wave1Setup
                0x00000820       0x68 .\CortexM3\ARM_GCC_541\Debug\WaveDAC8_Example01.a(WaveDAC8_1.o)
                0x00000820                WaveDAC8_1_Wave1Setup
 .text.WaveDAC8_1_Wave2Setup
                0x00000888       0x68 .\CortexM3\ARM_GCC_541\Debug\WaveDAC8_Example01.a(WaveDAC8_1.o)
                0x00000888                WaveDAC8_1_Wave2Setup
 .text.WaveDAC8_1_Wave1_DMA_DmaInitialize
                0x000008f0       0x64 .\CortexM3\ARM_GCC_541\Debug\WaveDAC8_Example01.a(WaveDAC8_1_Wave1_DMA_dma.o)
                0x000008f0                WaveDAC8_1_Wave1_DMA_DmaInitialize
 .text.WaveDAC8_1_Wave2_DMA_DmaInitialize
                0x00000954       0x64 .\CortexM3\ARM_GCC_541\Debug\WaveDAC8_Example01.a(WaveDAC8_1_Wave2_DMA_dma.o)
                0x00000954                WaveDAC8_1_Wave2_DMA_DmaInitialize
 .text.WaveDAC8_1_VDAC8_Init
                0x000009b8       0x3c .\CortexM3\ARM_GCC_541\Debug\WaveDAC8_Example01.a(WaveDAC8_1_VDAC8.o)
                0x000009b8                WaveDAC8_1_VDAC8_Init
 .text.WaveDAC8_1_VDAC8_Enable
                0x000009f4       0x34 .\CortexM3\ARM_GCC_541\Debug\WaveDAC8_Example01.a(WaveDAC8_1_VDAC8.o)
                0x000009f4                WaveDAC8_1_VDAC8_Enable
 .text.WaveDAC8_1_VDAC8_Stop
                0x00000a28       0x34 .\CortexM3\ARM_GCC_541\Debug\WaveDAC8_Example01.a(WaveDAC8_1_VDAC8.o)
                0x00000a28                WaveDAC8_1_VDAC8_Stop
 .text.WaveDAC8_1_VDAC8_SetSpeed
                0x00000a5c       0x40 .\CortexM3\ARM_GCC_541\Debug\WaveDAC8_Example01.a(WaveDAC8_1_VDAC8.o)
                0x00000a5c                WaveDAC8_1_VDAC8_SetSpeed
 .text.WaveDAC8_1_VDAC8_SetRange
                0x00000a9c       0x40 .\CortexM3\ARM_GCC_541\Debug\WaveDAC8_Example01.a(WaveDAC8_1_VDAC8.o)
                0x00000a9c                WaveDAC8_1_VDAC8_SetRange
 .text.WaveDAC8_1_VDAC8_SetValue
                0x00000adc       0x20 .\CortexM3\ARM_GCC_541\Debug\WaveDAC8_Example01.a(WaveDAC8_1_VDAC8.o)
                0x00000adc                WaveDAC8_1_VDAC8_SetValue
 .text.WaveDAC8_1_VDAC8_DacTrim
                0x00000afc       0x3c .\CortexM3\ARM_GCC_541\Debug\WaveDAC8_Example01.a(WaveDAC8_1_VDAC8.o)
                0x00000afc                WaveDAC8_1_VDAC8_DacTrim
 .text.WaveDAC8_1_BuffAmp_Init
                0x00000b38       0x10 .\CortexM3\ARM_GCC_541\Debug\WaveDAC8_Example01.a(WaveDAC8_1_BuffAmp.o)
                0x00000b38                WaveDAC8_1_BuffAmp_Init
 .text.WaveDAC8_1_BuffAmp_Enable
                0x00000b48       0x48 .\CortexM3\ARM_GCC_541\Debug\WaveDAC8_Example01.a(WaveDAC8_1_BuffAmp.o)
                0x00000b48                WaveDAC8_1_BuffAmp_Enable
 .text.WaveDAC8_1_BuffAmp_SetPower
                0x00000b90       0x40 .\CortexM3\ARM_GCC_541\Debug\WaveDAC8_Example01.a(WaveDAC8_1_BuffAmp.o)
                0x00000b90                WaveDAC8_1_BuffAmp_SetPower
 .text.CyDmacConfigure
                0x00000bd0       0x5c .\CortexM3\ARM_GCC_541\Debug\WaveDAC8_Example01.a(CyDmac.o)
                0x00000bd0                CyDmacConfigure
 .text.CyDmaChEnable
                0x00000c2c       0x8c .\CortexM3\ARM_GCC_541\Debug\WaveDAC8_Example01.a(CyDmac.o)
                0x00000c2c                CyDmaChEnable
 .text.CyDmaChDisable
                0x00000cb8       0x60 .\CortexM3\ARM_GCC_541\Debug\WaveDAC8_Example01.a(CyDmac.o)
                0x00000cb8                CyDmaChDisable
 .text.CyDmaChPriority
                0x00000d18       0x64 .\CortexM3\ARM_GCC_541\Debug\WaveDAC8_Example01.a(CyDmac.o)
                0x00000d18                CyDmaChPriority
 .text.CyDmaChSetExtendedAddress
                0x00000d7c       0x78 .\CortexM3\ARM_GCC_541\Debug\WaveDAC8_Example01.a(CyDmac.o)
                0x00000d7c                CyDmaChSetExtendedAddress
 .text.CyDmaChSetInitialTd
                0x00000df4       0x3c .\CortexM3\ARM_GCC_541\Debug\WaveDAC8_Example01.a(CyDmac.o)
                0x00000df4                CyDmaChSetInitialTd
 .text.CyDmaChSetConfiguration
                0x00000e30       0xa0 .\CortexM3\ARM_GCC_541\Debug\WaveDAC8_Example01.a(CyDmac.o)
                0x00000e30                CyDmaChSetConfiguration
 .text.CyDmaTdAllocate
                0x00000ed0       0x5c .\CortexM3\ARM_GCC_541\Debug\WaveDAC8_Example01.a(CyDmac.o)
                0x00000ed0                CyDmaTdAllocate
 .text.CyDmaTdSetConfiguration
                0x00000f2c       0x80 .\CortexM3\ARM_GCC_541\Debug\WaveDAC8_Example01.a(CyDmac.o)
                0x00000f2c                CyDmaTdSetConfiguration
 .text.CyDmaTdSetAddress
                0x00000fac       0x5c .\CortexM3\ARM_GCC_541\Debug\WaveDAC8_Example01.a(CyDmac.o)
                0x00000fac                CyDmaTdSetAddress
 .text.CyDelay  0x00001008       0x44 .\CortexM3\ARM_GCC_541\Debug\WaveDAC8_Example01.a(CyLib.o)
                0x00001008                CyDelay
 .text.Clock_1_SetDividerRegister
                0x0000104c      0x164 .\CortexM3\ARM_GCC_541\Debug\WaveDAC8_Example01.a(Clock_1.o)
                0x0000104c                Clock_1_SetDividerRegister
 .text.Clock_1_GetDividerRegister
                0x000011b0       0x18 .\CortexM3\ARM_GCC_541\Debug\WaveDAC8_Example01.a(Clock_1.o)
                0x000011b0                Clock_1_GetDividerRegister
 .text.Clock_1_GetSourceRegister
                0x000011c8       0x1c .\CortexM3\ARM_GCC_541\Debug\WaveDAC8_Example01.a(Clock_1.o)
                0x000011c8                Clock_1_GetSourceRegister
 .text.UART_1_Start
                0x000011e4       0x24 .\CortexM3\ARM_GCC_541\Debug\WaveDAC8_Example01.a(UART_1.o)
                0x000011e4                UART_1_Start
 .text.UART_1_Init
                0x00001208       0x40 .\CortexM3\ARM_GCC_541\Debug\WaveDAC8_Example01.a(UART_1.o)
                0x00001208                UART_1_Init
 .text.UART_1_Enable
                0x00001248       0x60 .\CortexM3\ARM_GCC_541\Debug\WaveDAC8_Example01.a(UART_1.o)
                0x00001248                UART_1_Enable
 .text.UART_1_PutChar
                0x000012a8       0x34 .\CortexM3\ARM_GCC_541\Debug\WaveDAC8_Example01.a(UART_1.o)
                0x000012a8                UART_1_PutChar
 .text.UART_1_PutString
                0x000012dc       0x44 .\CortexM3\ARM_GCC_541\Debug\WaveDAC8_Example01.a(UART_1.o)
                0x000012dc                UART_1_PutString
 .text.UART_1_IntClock_Start
                0x00001320       0x34 .\CortexM3\ARM_GCC_541\Debug\WaveDAC8_Example01.a(UART_1_IntClock.o)
                0x00001320                UART_1_IntClock_Start
 *fill*         0x00001354        0x4 
 .text          0x00001358       0x20 .\CortexM3\ARM_GCC_541\Debug\WaveDAC8_Example01.a(CyBootAsmGnu.o)
                0x00001358                CyDelayCycles
                0x00001368                CyEnterCriticalSection
                0x00001370                CyExitCriticalSection
 .text.__errno  0x00001378        0xc c:/program files (x86)/cypress/psoc creator/4.4/psoc creator/import/gnu/arm/5.4.1/bin/../lib/gcc/arm-none-eabi/5.4.1/../../../../arm-none-eabi/lib/armv7-m\libg_nano.a(lib_a-errno.o)
                0x00001378                __errno
 .text.__libc_init_array
                0x00001384       0x4c c:/program files (x86)/cypress/psoc creator/4.4/psoc creator/import/gnu/arm/5.4.1/bin/../lib/gcc/arm-none-eabi/5.4.1/../../../../arm-none-eabi/lib/armv7-m\libg_nano.a(lib_a-init.o)
                0x00001384                __libc_init_array
 .text.memcpy   0x000013d0       0x16 c:/program files (x86)/cypress/psoc creator/4.4/psoc creator/import/gnu/arm/5.4.1/bin/../lib/gcc/arm-none-eabi/5.4.1/../../../../arm-none-eabi/lib/armv7-m\libg_nano.a(lib_a-memcpy-stub.o)
                0x000013d0                memcpy
 .text.memset   0x000013e6       0x10 c:/program files (x86)/cypress/psoc creator/4.4/psoc creator/import/gnu/arm/5.4.1/bin/../lib/gcc/arm-none-eabi/5.4.1/../../../../arm-none-eabi/lib/armv7-m\libg_nano.a(lib_a-memset.o)
                0x000013e6                memset
 *fill*         0x000013f6        0x2 
 .text.sprintf  0x000013f8       0x48 c:/program files (x86)/cypress/psoc creator/4.4/psoc creator/import/gnu/arm/5.4.1/bin/../lib/gcc/arm-none-eabi/5.4.1/../../../../arm-none-eabi/lib/armv7-m\libg_nano.a(lib_a-sprintf.o)
                0x000013f8                siprintf
                0x000013f8                sprintf
 .text.__ssputs_r
                0x00001440       0xb2 c:/program files (x86)/cypress/psoc creator/4.4/psoc creator/import/gnu/arm/5.4.1/bin/../lib/gcc/arm-none-eabi/5.4.1/../../../../arm-none-eabi/lib/armv7-m\libg_nano.a(lib_a-nano-svfprintf.o)
                0x00001440                __ssputs_r
 *fill*         0x000014f2        0x2 
 .text._svfprintf_r
                0x000014f4      0x1e8 c:/program files (x86)/cypress/psoc creator/4.4/psoc creator/import/gnu/arm/5.4.1/bin/../lib/gcc/arm-none-eabi/5.4.1/../../../../arm-none-eabi/lib/armv7-m\libg_nano.a(lib_a-nano-svfprintf.o)
                0x000014f4                _svfiprintf_r
                0x000014f4                _svfprintf_r
 .text._printf_common
                0x000016dc       0xec c:/program files (x86)/cypress/psoc creator/4.4/psoc creator/import/gnu/arm/5.4.1/bin/../lib/gcc/arm-none-eabi/5.4.1/../../../../arm-none-eabi/lib/armv7-m\libg_nano.a(lib_a-nano-vfprintf_i.o)
                0x000016dc                _printf_common
 .text._printf_i
                0x000017c8      0x24c c:/program files (x86)/cypress/psoc creator/4.4/psoc creator/import/gnu/arm/5.4.1/bin/../lib/gcc/arm-none-eabi/5.4.1/../../../../arm-none-eabi/lib/armv7-m\libg_nano.a(lib_a-nano-vfprintf_i.o)
                0x000017c8                _printf_i
 .text.memchr   0x00001a14       0x1c c:/program files (x86)/cypress/psoc creator/4.4/psoc creator/import/gnu/arm/5.4.1/bin/../lib/gcc/arm-none-eabi/5.4.1/../../../../arm-none-eabi/lib/armv7-m\libg_nano.a(lib_a-memchr-stub.o)
                0x00001a14                memchr
 .text.memmove  0x00001a30       0x36 c:/program files (x86)/cypress/psoc creator/4.4/psoc creator/import/gnu/arm/5.4.1/bin/../lib/gcc/arm-none-eabi/5.4.1/../../../../arm-none-eabi/lib/armv7-m\libg_nano.a(lib_a-memmove.o)
                0x00001a30                memmove
 *fill*         0x00001a66        0x2 
 .text._free_r  0x00001a68       0x98 c:/program files (x86)/cypress/psoc creator/4.4/psoc creator/import/gnu/arm/5.4.1/bin/../lib/gcc/arm-none-eabi/5.4.1/../../../../arm-none-eabi/lib/armv7-m\libg_nano.a(lib_a-nano-freer.o)
                0x00001a68                _free_r
 .text._malloc_r
                0x00001b00       0xbc c:/program files (x86)/cypress/psoc creator/4.4/psoc creator/import/gnu/arm/5.4.1/bin/../lib/gcc/arm-none-eabi/5.4.1/../../../../arm-none-eabi/lib/armv7-m\libg_nano.a(lib_a-nano-mallocr.o)
                0x00001b00                _malloc_r
 .text._realloc_r
                0x00001bbc       0x4c c:/program files (x86)/cypress/psoc creator/4.4/psoc creator/import/gnu/arm/5.4.1/bin/../lib/gcc/arm-none-eabi/5.4.1/../../../../arm-none-eabi/lib/armv7-m\libg_nano.a(lib_a-nano-reallocr.o)
                0x00001bbc                _realloc_r
 .text._sbrk_r  0x00001c08       0x20 c:/program files (x86)/cypress/psoc creator/4.4/psoc creator/import/gnu/arm/5.4.1/bin/../lib/gcc/arm-none-eabi/5.4.1/../../../../arm-none-eabi/lib/armv7-m\libg_nano.a(lib_a-sbrkr.o)
                0x00001c08                _sbrk_r
 .text.__malloc_lock
                0x00001c28        0x2 c:/program files (x86)/cypress/psoc creator/4.4/psoc creator/import/gnu/arm/5.4.1/bin/../lib/gcc/arm-none-eabi/5.4.1/../../../../arm-none-eabi/lib/armv7-m\libg_nano.a(lib_a-mlock.o)
                0x00001c28                __malloc_lock
 .text.__malloc_unlock
                0x00001c2a        0x2 c:/program files (x86)/cypress/psoc creator/4.4/psoc creator/import/gnu/arm/5.4.1/bin/../lib/gcc/arm-none-eabi/5.4.1/../../../../arm-none-eabi/lib/armv7-m\libg_nano.a(lib_a-mlock.o)
                0x00001c2a                __malloc_unlock
 .text._malloc_usable_size_r
                0x00001c2c       0x14 c:/program files (x86)/cypress/psoc creator/4.4/psoc creator/import/gnu/arm/5.4.1/bin/../lib/gcc/arm-none-eabi/5.4.1/../../../../arm-none-eabi/lib/armv7-m\libg_nano.a(lib_a-nano-msizer.o)
                0x00001c2c                _malloc_usable_size_r
 *(.plt)
 *(.gnu.warning)
 *(.glue_7t)
 .glue_7t       0x00001c40        0x0 linker stubs
 *(.glue_7)
 .glue_7        0x00001c40        0x0 linker stubs
 *(.vfp11_veneer)
 .vfp11_veneer  0x00001c40        0x0 linker stubs
 *(.bootloader)
 *(.ARM.extab* .gnu.linkonce.armextab.*)
 *(.gcc_except_table)

.v4_bx          0x00001c40        0x0
 .v4_bx         0x00001c40        0x0 linker stubs

.iplt           0x00001c40        0x0
 .iplt          0x00001c40        0x0 c:/program files (x86)/cypress/psoc creator/4.4/psoc creator/import/gnu/arm/5.4.1/bin/../lib/gcc/arm-none-eabi/5.4.1/armv7-m/crtbegin.o

.eh_frame_hdr
 *(.eh_frame_hdr)

.eh_frame       0x00001c40        0x4
 *(.eh_frame)
 .eh_frame      0x00001c40        0x0 c:/program files (x86)/cypress/psoc creator/4.4/psoc creator/import/gnu/arm/5.4.1/bin/../lib/gcc/arm-none-eabi/5.4.1/armv7-m/crtbegin.o
 .eh_frame      0x00001c40        0x4 c:/program files (x86)/cypress/psoc creator/4.4/psoc creator/import/gnu/arm/5.4.1/bin/../lib/gcc/arm-none-eabi/5.4.1/armv7-m/crtend.o
                [!provide]                PROVIDE (__exidx_start, .)

.ARM.exidx
 *(.ARM.exidx* .gnu.linkonce.armexidx.*)
                0x00001c44                __exidx_end = .

.rodata         0x00001c48      0x748
 *(.rodata .rodata.* .gnu.linkonce.r.*)
 .rodata        0x00001c48      0x5f7 .\CortexM3\ARM_GCC_541\Debug\main.o
                0x00001c48                notes
                0x00001df8                intFrequency
                0x00001ed0                frequency
 *fill*         0x0000223f        0x1 
 .rodata        0x00002240       0x50 .\CortexM3\ARM_GCC_541\Debug\cyfitter_cfg.o
 .rodata        0x00002290       0x96 .\CortexM3\ARM_GCC_541\Debug\WaveDAC8_Example01.a(WaveDAC8_1.o)
                0x00002290                WaveDAC8_1_wave1
                0x000022f4                WaveDAC8_1_wave2
 .rodata.str1.1
                0x00002326        0x2 c:/program files (x86)/cypress/psoc creator/4.4/psoc creator/import/gnu/arm/5.4.1/bin/../lib/gcc/arm-none-eabi/5.4.1/../../../../arm-none-eabi/lib/armv7-m\libg_nano.a(lib_a-impure.o)
 .rodata.str1.1
                0x00002328       0x11 c:/program files (x86)/cypress/psoc creator/4.4/psoc creator/import/gnu/arm/5.4.1/bin/../lib/gcc/arm-none-eabi/5.4.1/../../../../arm-none-eabi/lib/armv7-m\libg_nano.a(lib_a-nano-svfprintf.o)
 .rodata.str1.1
                0x00002339       0x22 c:/program files (x86)/cypress/psoc creator/4.4/psoc creator/import/gnu/arm/5.4.1/bin/../lib/gcc/arm-none-eabi/5.4.1/../../../../arm-none-eabi/lib/armv7-m\libg_nano.a(lib_a-nano-vfprintf_i.o)
                0x0000235c                . = ALIGN (0x4)
 *fill*         0x0000235b        0x1 
 *(.init)
 .init          0x0000235c        0x4 c:/program files (x86)/cypress/psoc creator/4.4/psoc creator/import/gnu/arm/5.4.1/bin/../lib/gcc/arm-none-eabi/5.4.1/armv7-m/crti.o
                0x0000235c                _init
 .init          0x00002360        0x8 c:/program files (x86)/cypress/psoc creator/4.4/psoc creator/import/gnu/arm/5.4.1/bin/../lib/gcc/arm-none-eabi/5.4.1/armv7-m/crtn.o
                0x00002368                . = ALIGN (0x4)
                0x00002368                __preinit_array_start = .
 *(.preinit_array)
                0x00002368                __preinit_array_end = .
                0x00002368                . = ALIGN (0x4)
                0x00002368                __init_array_start = .
 *(SORT(.init_array.*))
 *(.init_array)
 .init_array    0x00002368        0x4 c:/program files (x86)/cypress/psoc creator/4.4/psoc creator/import/gnu/arm/5.4.1/bin/../lib/gcc/arm-none-eabi/5.4.1/armv7-m/crtbegin.o
 .init_array    0x0000236c        0x4 .\CortexM3\ARM_GCC_541\Debug\Cm3Start.o
                0x00002370                __init_array_end = .
                0x00002370                . = ALIGN (0x4)
 *(.fini)
 .fini          0x00002370        0x4 c:/program files (x86)/cypress/psoc creator/4.4/psoc creator/import/gnu/arm/5.4.1/bin/../lib/gcc/arm-none-eabi/5.4.1/armv7-m/crti.o
                0x00002370                _fini
 .fini          0x00002374        0x8 c:/program files (x86)/cypress/psoc creator/4.4/psoc creator/import/gnu/arm/5.4.1/bin/../lib/gcc/arm-none-eabi/5.4.1/armv7-m/crtn.o
                0x0000237c                . = ALIGN (0x4)
                0x0000237c                __fini_array_start = .
 *(.fini_array)
 .fini_array    0x0000237c        0x4 c:/program files (x86)/cypress/psoc creator/4.4/psoc creator/import/gnu/arm/5.4.1/bin/../lib/gcc/arm-none-eabi/5.4.1/armv7-m/crtbegin.o
 *(SORT(.fini_array.*))
                0x00002380                __fini_array_end = .
                0x00002380                . = ALIGN (0x4)
 *crtbegin.o(.ctors)
 *(EXCLUDE_FILE(*crtend.o) .ctors)
 *(SORT(.ctors.*))
 *crtend.o(.ctors)
                0x00002380                . = ALIGN (0x4)
 *crtbegin.o(.dtors)
 *(EXCLUDE_FILE(*crtend.o) .dtors)
 *(SORT(.dtors.*))
 *crtend.o(.dtors)
                0x00002380                . = ALIGN (0x4)
                0x00002380                __cy_regions = .
                0x00002380        0x4 LONG 0x2390 __cy_region_init_ram
                0x00002384        0x4 LONG 0x1fff80c8 __cy_region_start_data
                0x00002388        0x4 LONG 0x90 __cy_region_init_size_ram
                0x0000238c        0x4 LONG 0xa0 __cy_region_zero_size_ram
                0x00002390                __cy_regions_end = .
                0x00002390                . = ALIGN (0x8)
                0x00002390                _etext = .

.cy_checksum_exclude
                0x00002390        0x0
 *(.cy_checksum_exclude)

.ramvectors     0x1fff8000       0xc0
                0x1fff8000                __cy_region_start_ram = .
 *(.ramvectors)
 .ramvectors    0x1fff8000       0xc0 .\CortexM3\ARM_GCC_541\Debug\Cm3Start.o
                0x1fff8000                CyRamVectors

.noinit         0x1fff80c0        0x5
 *(.noinit)
 .noinit        0x1fff80c0        0x4 .\CortexM3\ARM_GCC_541\Debug\Cm3Start.o
 .noinit        0x1fff80c4        0x1 .\CortexM3\ARM_GCC_541\Debug\WaveDAC8_Example01.a(CyLib.o)
                0x1fff80c4                CyResetStatus

.data           0x1fff80c8       0x90 load address 0x00002390
                0x1fff80c8                __cy_region_start_data = .
 *(.jcr)
 .jcr           0x1fff80c8        0x0 c:/program files (x86)/cypress/psoc creator/4.4/psoc creator/import/gnu/arm/5.4.1/bin/../lib/gcc/arm-none-eabi/5.4.1/armv7-m/crtbegin.o
 .jcr           0x1fff80c8        0x4 c:/program files (x86)/cypress/psoc creator/4.4/psoc creator/import/gnu/arm/5.4.1/bin/../lib/gcc/arm-none-eabi/5.4.1/armv7-m/crtend.o
 *(.got.plt)
 *(.got)
 *(.shdata)
 *(.data .data.* .gnu.linkonce.d.*)
 .data          0x1fff80cc        0x2 .\CortexM3\ARM_GCC_541\Debug\main.o
                0x1fff80cc                delayMS
 *fill*         0x1fff80ce        0x2 
 .data          0x1fff80d0        0x4 .\CortexM3\ARM_GCC_541\Debug\Cm3Start.o
 .data          0x1fff80d4        0x1 .\CortexM3\ARM_GCC_541\Debug\WaveDAC8_Example01.a(WaveDAC8_1_Wave1_DMA_dma.o)
                0x1fff80d4                WaveDAC8_1_Wave1_DMA_DmaHandle
 .data          0x1fff80d5        0x1 .\CortexM3\ARM_GCC_541\Debug\WaveDAC8_Example01.a(WaveDAC8_1_Wave2_DMA_dma.o)
                0x1fff80d5                WaveDAC8_1_Wave2_DMA_DmaHandle
 *fill*         0x1fff80d6        0x2 
 .data          0x1fff80d8        0x8 .\CortexM3\ARM_GCC_541\Debug\WaveDAC8_Example01.a(CyDmac.o)
 .data          0x1fff80e0       0x10 .\CortexM3\ARM_GCC_541\Debug\WaveDAC8_Example01.a(CyLib.o)
                0x1fff80e0                cydelay_freq_hz
                0x1fff80e4                cydelay_freq_khz
                0x1fff80e8                cydelay_freq_mhz
                0x1fff80ec                cydelay_32k_ms
 .data.impure_data
                0x1fff80f0       0x60 c:/program files (x86)/cypress/psoc creator/4.4/psoc creator/import/gnu/arm/5.4.1/bin/../lib/gcc/arm-none-eabi/5.4.1/../../../../arm-none-eabi/lib/armv7-m\libg_nano.a(lib_a-impure.o)
 .data._impure_ptr
                0x1fff8150        0x4 c:/program files (x86)/cypress/psoc creator/4.4/psoc creator/import/gnu/arm/5.4.1/bin/../lib/gcc/arm-none-eabi/5.4.1/../../../../arm-none-eabi/lib/armv7-m\libg_nano.a(lib_a-impure.o)
                0x1fff8150                _impure_ptr
                0x1fff8158                . = ALIGN (0x8)
 *fill*         0x1fff8154        0x4 
 *(.ram)
                0x1fff8158                _edata = .

.igot.plt       0x1fff8158        0x0 load address 0x00002420
 .igot.plt      0x1fff8158        0x0 c:/program files (x86)/cypress/psoc creator/4.4/psoc creator/import/gnu/arm/5.4.1/bin/../lib/gcc/arm-none-eabi/5.4.1/armv7-m/crtbegin.o

.bss            0x1fff8158       0xa0 load address 0x00002420
                0x1fff8158                PROVIDE (__bss_start__, .)
 *(.shbss)
 *(.bss .bss.* .gnu.linkonce.b.*)
 .bss           0x1fff8158       0x1c c:/program files (x86)/cypress/psoc creator/4.4/psoc creator/import/gnu/arm/5.4.1/bin/../lib/gcc/arm-none-eabi/5.4.1/armv7-m/crtbegin.o
 .bss           0x1fff8174        0x1 .\CortexM3\ARM_GCC_541\Debug\main.o
                0x1fff8174                onOffCount
 .bss           0x1fff8175        0x5 .\CortexM3\ARM_GCC_541\Debug\WaveDAC8_Example01.a(WaveDAC8_1.o)
                0x1fff8175                WaveDAC8_1_initVar
 .bss           0x1fff817a        0x2 .\CortexM3\ARM_GCC_541\Debug\WaveDAC8_Example01.a(UART_1.o)
                0x1fff817a                UART_1_initVar
 .bss.__malloc_sbrk_start
                0x1fff817c        0x4 c:/program files (x86)/cypress/psoc creator/4.4/psoc creator/import/gnu/arm/5.4.1/bin/../lib/gcc/arm-none-eabi/5.4.1/../../../../arm-none-eabi/lib/armv7-m\libg_nano.a(lib_a-nano-mallocr.o)
                0x1fff817c                __malloc_sbrk_start
 .bss.__malloc_free_list
                0x1fff8180        0x4 c:/program files (x86)/cypress/psoc creator/4.4/psoc creator/import/gnu/arm/5.4.1/bin/../lib/gcc/arm-none-eabi/5.4.1/../../../../arm-none-eabi/lib/armv7-m\libg_nano.a(lib_a-nano-mallocr.o)
                0x1fff8180                __malloc_free_list
 *(COMMON)
 COMMON         0x1fff8184       0x6c .\CortexM3\ARM_GCC_541\Debug\main.o
                0x1fff8184                freq
                0x1fff8186                playing
                0x1fff8188                note
                0x1fff818b                noteIndex
                0x1fff818c                transmitBuffer
 COMMON         0x1fff81f0        0x4 c:/program files (x86)/cypress/psoc creator/4.4/psoc creator/import/gnu/arm/5.4.1/bin/../lib/gcc/arm-none-eabi/5.4.1/../../../../arm-none-eabi/lib/armv7-m\libg_nano.a(lib_a-reent.o)
                0x1fff81f0                errno
                0x1fff81f8                . = ALIGN (0x8)
 *fill*         0x1fff81f4        0x4 
 *(.ram.b)
                0x1fff81f8                _end = .
                0x1fff81f8                __end = .
                0x1fff81f8                PROVIDE (end, .)
                0x1fff81f8                PROVIDE (__bss_end__, .)
                0x00002390                __cy_region_init_ram = LOADADDR (.data)
                0x00000090                __cy_region_init_size_ram = (_edata - ADDR (.data))
                0x000000a0                __cy_region_zero_size_ram = (_end - _edata)

.heap           0x1fff81f8     0x1000 load address 0x00002420
                0x1fff81f8                . = _end
                0x1fff91f8                . = (. + 0x1000)
 *fill*         0x1fff81f8     0x1000 
                0x1fff91f8                __cy_heap_limit = .

.stack          0x20004000     0x4000
                0x20004000                __cy_stack_limit = .
                0x20008000                . = (. + 0x4000)
 *fill*         0x20004000     0x4000 
                0x00000001                ASSERT ((__cy_stack_limit >= __cy_heap_limit), region RAM overflowed with stack)
                0x00000000                cy_checksum_exclude_size = (CY_APPL_LOADABLE == 0x1)?SIZEOF (.cy_checksum_exclude):0x0
                0x00000001                ASSERT ((cy_checksum_exclude_size <= CY_CHECKSUM_EXCLUDE_SIZE), CY_BOOT: Section .cy_checksum_exclude size exceedes specified limit.)

.cyloadermeta
 *(.cyloadermeta)

.cyloadablemeta
 *(.cyloadablemeta)

.cyconfigecc    0x80000000      0x364
 *(.cyconfigecc)
 .cyconfigecc   0x80000000      0x364 .\CortexM3\ARM_GCC_541\Debug\cymetadata.o
                0x80000000                cy_meta_configecc

.cycustnvl      0x90000000        0x4
 *(.cycustnvl)
 .cycustnvl     0x90000000        0x4 .\CortexM3\ARM_GCC_541\Debug\cymetadata.o
                0x90000000                cy_meta_custnvl

.cywolatch      0x90100000        0x4
 *(.cywolatch)
 .cywolatch     0x90100000        0x4 .\CortexM3\ARM_GCC_541\Debug\cymetadata.o
                0x90100000                cy_meta_wonvl

.cyeeprom       0x90200000        0x0
 *(.cyeeprom)
                0x00000001                ASSERT ((. <= ((0x90200000 + ee_offset) + ee_size)), .cyeeprom data will not fit in EEPROM)

.cyflashprotect
                0x90400000      0x100
 *(.cyflashprotect)
 .cyflashprotect
                0x90400000      0x100 .\CortexM3\ARM_GCC_541\Debug\cymetadata.o
                0x90400000                cy_meta_flashprotect

.cymeta         0x90500000        0xc
 *(.cymeta)
 .cymeta        0x90500000        0xc .\CortexM3\ARM_GCC_541\Debug\cymetadata.o
                0x90500000                cy_metadata

.rel.dyn        0x00002420        0x0 load address 0x9050000c
 .rel.iplt      0x00002420        0x0 c:/program files (x86)/cypress/psoc creator/4.4/psoc creator/import/gnu/arm/5.4.1/bin/../lib/gcc/arm-none-eabi/5.4.1/armv7-m/crtbegin.o

.stab
 *(.stab)

.stabstr
 *(.stabstr)

.debug
 *(.debug)

.line
 *(.line)

.debug_srcinfo
 *(.debug_srcinfo)

.debug_sfnames
 *(.debug_sfnames)

.debug_aranges  0x00000000      0x910
 *(.debug_aranges)
 .debug_aranges
                0x00000000       0x20 .\CortexM3\ARM_GCC_541\Debug\main.o
 .debug_aranges
                0x00000020       0x60 .\CortexM3\ARM_GCC_541\Debug\cyfitter_cfg.o
 .debug_aranges
                0x00000080       0x18 .\CortexM3\ARM_GCC_541\Debug\cymetadata.o
 .debug_aranges
                0x00000098       0x48 .\CortexM3\ARM_GCC_541\Debug\Cm3Start.o
 .debug_aranges
                0x000000e0       0x50 .\CortexM3\ARM_GCC_541\Debug\WaveDAC8_Example01.a(WaveDAC8_1.o)
 .debug_aranges
                0x00000130       0x28 .\CortexM3\ARM_GCC_541\Debug\WaveDAC8_Example01.a(WaveDAC8_1_Wave1_DMA_dma.o)
 .debug_aranges
                0x00000158       0x28 .\CortexM3\ARM_GCC_541\Debug\WaveDAC8_Example01.a(WaveDAC8_1_Wave2_DMA_dma.o)
 .debug_aranges
                0x00000180       0x58 .\CortexM3\ARM_GCC_541\Debug\WaveDAC8_Example01.a(WaveDAC8_1_VDAC8.o)
 .debug_aranges
                0x000001d8       0x40 .\CortexM3\ARM_GCC_541\Debug\WaveDAC8_Example01.a(WaveDAC8_1_BuffAmp.o)
 .debug_aranges
                0x00000218       0xd8 .\CortexM3\ARM_GCC_541\Debug\WaveDAC8_Example01.a(CyDmac.o)
 .debug_aranges
                0x000002f0      0x2a0 .\CortexM3\ARM_GCC_541\Debug\WaveDAC8_Example01.a(CyLib.o)
 .debug_aranges
                0x00000590       0x98 .\CortexM3\ARM_GCC_541\Debug\WaveDAC8_Example01.a(cyPm.o)
 .debug_aranges
                0x00000628       0x70 .\CortexM3\ARM_GCC_541\Debug\WaveDAC8_Example01.a(Clock_1.o)
 .debug_aranges
                0x00000698       0xf0 .\CortexM3\ARM_GCC_541\Debug\WaveDAC8_Example01.a(UART_1.o)
 .debug_aranges
                0x00000788       0x70 .\CortexM3\ARM_GCC_541\Debug\WaveDAC8_Example01.a(UART_1_IntClock.o)
 .debug_aranges
                0x000007f8       0x20 .\CortexM3\ARM_GCC_541\Debug\WaveDAC8_Example01.a(CyBootAsmGnu.o)
 .debug_aranges
                0x00000818       0x80 .\CortexM3\ARM_GCC_541\Debug\WaveDAC8_Example01.a(CyFlash.o)
 .debug_aranges
                0x00000898       0x78 .\CortexM3\ARM_GCC_541\Debug\WaveDAC8_Example01.a(CySpc.o)

.debug_pubnames
 *(.debug_pubnames)

.debug_info     0x00000000     0x40f1
 *(.debug_info .gnu.linkonce.wi.*)
 .debug_info    0x00000000      0x23e .\CortexM3\ARM_GCC_541\Debug\main.o
 .debug_info    0x0000023e      0x452 .\CortexM3\ARM_GCC_541\Debug\cyfitter_cfg.o
 .debug_info    0x00000690      0x135 .\CortexM3\ARM_GCC_541\Debug\cymetadata.o
 .debug_info    0x000007c5      0x32b .\CortexM3\ARM_GCC_541\Debug\Cm3Start.o
 .debug_info    0x00000af0      0x258 .\CortexM3\ARM_GCC_541\Debug\WaveDAC8_Example01.a(WaveDAC8_1.o)
 .debug_info    0x00000d48      0x11b .\CortexM3\ARM_GCC_541\Debug\WaveDAC8_Example01.a(WaveDAC8_1_Wave1_DMA_dma.o)
 .debug_info    0x00000e63      0x11b .\CortexM3\ARM_GCC_541\Debug\WaveDAC8_Example01.a(WaveDAC8_1_Wave2_DMA_dma.o)
 .debug_info    0x00000f7e      0x185 .\CortexM3\ARM_GCC_541\Debug\WaveDAC8_Example01.a(WaveDAC8_1_VDAC8.o)
 .debug_info    0x00001103      0x125 .\CortexM3\ARM_GCC_541\Debug\WaveDAC8_Example01.a(WaveDAC8_1_BuffAmp.o)
 .debug_info    0x00001228      0x8c0 .\CortexM3\ARM_GCC_541\Debug\WaveDAC8_Example01.a(CyDmac.o)
 .debug_info    0x00001ae8      0xe51 .\CortexM3\ARM_GCC_541\Debug\WaveDAC8_Example01.a(CyLib.o)
 .debug_info    0x00002939      0x57a .\CortexM3\ARM_GCC_541\Debug\WaveDAC8_Example01.a(cyPm.o)
 .debug_info    0x00002eb3      0x25d .\CortexM3\ARM_GCC_541\Debug\WaveDAC8_Example01.a(Clock_1.o)
 .debug_info    0x00003110      0x50a .\CortexM3\ARM_GCC_541\Debug\WaveDAC8_Example01.a(UART_1.o)
 .debug_info    0x0000361a      0x25d .\CortexM3\ARM_GCC_541\Debug\WaveDAC8_Example01.a(UART_1_IntClock.o)
 .debug_info    0x00003877       0xaf .\CortexM3\ARM_GCC_541\Debug\WaveDAC8_Example01.a(CyBootAsmGnu.o)
 .debug_info    0x00003926      0x371 .\CortexM3\ARM_GCC_541\Debug\WaveDAC8_Example01.a(CyFlash.o)
 .debug_info    0x00003c97      0x45a .\CortexM3\ARM_GCC_541\Debug\WaveDAC8_Example01.a(CySpc.o)

.debug_abbrev   0x00000000     0x13ab
 *(.debug_abbrev)
 .debug_abbrev  0x00000000       0xc7 .\CortexM3\ARM_GCC_541\Debug\main.o
 .debug_abbrev  0x000000c7      0x1b7 .\CortexM3\ARM_GCC_541\Debug\cyfitter_cfg.o
 .debug_abbrev  0x0000027e       0x66 .\CortexM3\ARM_GCC_541\Debug\cymetadata.o
 .debug_abbrev  0x000002e4      0x1d6 .\CortexM3\ARM_GCC_541\Debug\Cm3Start.o
 .debug_abbrev  0x000004ba       0xe3 .\CortexM3\ARM_GCC_541\Debug\WaveDAC8_Example01.a(WaveDAC8_1.o)
 .debug_abbrev  0x0000059d       0x8b .\CortexM3\ARM_GCC_541\Debug\WaveDAC8_Example01.a(WaveDAC8_1_Wave1_DMA_dma.o)
 .debug_abbrev  0x00000628       0x8b .\CortexM3\ARM_GCC_541\Debug\WaveDAC8_Example01.a(WaveDAC8_1_Wave2_DMA_dma.o)
 .debug_abbrev  0x000006b3       0xeb .\CortexM3\ARM_GCC_541\Debug\WaveDAC8_Example01.a(WaveDAC8_1_VDAC8.o)
 .debug_abbrev  0x0000079e       0xa8 .\CortexM3\ARM_GCC_541\Debug\WaveDAC8_Example01.a(WaveDAC8_1_BuffAmp.o)
 .debug_abbrev  0x00000846      0x194 .\CortexM3\ARM_GCC_541\Debug\WaveDAC8_Example01.a(CyDmac.o)
 .debug_abbrev  0x000009da      0x217 .\CortexM3\ARM_GCC_541\Debug\WaveDAC8_Example01.a(CyLib.o)
 .debug_abbrev  0x00000bf1      0x161 .\CortexM3\ARM_GCC_541\Debug\WaveDAC8_Example01.a(cyPm.o)
 .debug_abbrev  0x00000d52      0x11d .\CortexM3\ARM_GCC_541\Debug\WaveDAC8_Example01.a(Clock_1.o)
 .debug_abbrev  0x00000e6f      0x163 .\CortexM3\ARM_GCC_541\Debug\WaveDAC8_Example01.a(UART_1.o)
 .debug_abbrev  0x00000fd2      0x11d .\CortexM3\ARM_GCC_541\Debug\WaveDAC8_Example01.a(UART_1_IntClock.o)
 .debug_abbrev  0x000010ef       0x14 .\CortexM3\ARM_GCC_541\Debug\WaveDAC8_Example01.a(CyBootAsmGnu.o)
 .debug_abbrev  0x00001103      0x13c .\CortexM3\ARM_GCC_541\Debug\WaveDAC8_Example01.a(CyFlash.o)
 .debug_abbrev  0x0000123f      0x16c .\CortexM3\ARM_GCC_541\Debug\WaveDAC8_Example01.a(CySpc.o)

.debug_line     0x00000000     0x23fb
 *(.debug_line)
 .debug_line    0x00000000      0x194 .\CortexM3\ARM_GCC_541\Debug\main.o
 .debug_line    0x00000194      0x21f .\CortexM3\ARM_GCC_541\Debug\cyfitter_cfg.o
 .debug_line    0x000003b3      0x141 .\CortexM3\ARM_GCC_541\Debug\cymetadata.o
 .debug_line    0x000004f4      0x1db .\CortexM3\ARM_GCC_541\Debug\Cm3Start.o
 .debug_line    0x000006cf       0xf0 .\CortexM3\ARM_GCC_541\Debug\WaveDAC8_Example01.a(WaveDAC8_1.o)
 .debug_line    0x000007bf       0x87 .\CortexM3\ARM_GCC_541\Debug\WaveDAC8_Example01.a(WaveDAC8_1_Wave1_DMA_dma.o)
 .debug_line    0x00000846       0x87 .\CortexM3\ARM_GCC_541\Debug\WaveDAC8_Example01.a(WaveDAC8_1_Wave2_DMA_dma.o)
 .debug_line    0x000008cd       0xf8 .\CortexM3\ARM_GCC_541\Debug\WaveDAC8_Example01.a(WaveDAC8_1_VDAC8.o)
 .debug_line    0x000009c5       0xba .\CortexM3\ARM_GCC_541\Debug\WaveDAC8_Example01.a(WaveDAC8_1_BuffAmp.o)
 .debug_line    0x00000a7f      0x2b6 .\CortexM3\ARM_GCC_541\Debug\WaveDAC8_Example01.a(CyDmac.o)
 .debug_line    0x00000d35      0x883 .\CortexM3\ARM_GCC_541\Debug\WaveDAC8_Example01.a(CyLib.o)
 .debug_line    0x000015b8      0x38e .\CortexM3\ARM_GCC_541\Debug\WaveDAC8_Example01.a(cyPm.o)
 .debug_line    0x00001946      0x1a6 .\CortexM3\ARM_GCC_541\Debug\WaveDAC8_Example01.a(Clock_1.o)
 .debug_line    0x00001aec      0x2e4 .\CortexM3\ARM_GCC_541\Debug\WaveDAC8_Example01.a(UART_1.o)
 .debug_line    0x00001dd0      0x1ae .\CortexM3\ARM_GCC_541\Debug\WaveDAC8_Example01.a(UART_1_IntClock.o)
 .debug_line    0x00001f7e       0x66 .\CortexM3\ARM_GCC_541\Debug\WaveDAC8_Example01.a(CyBootAsmGnu.o)
 .debug_line    0x00001fe4      0x205 .\CortexM3\ARM_GCC_541\Debug\WaveDAC8_Example01.a(CyFlash.o)
 .debug_line    0x000021e9      0x212 .\CortexM3\ARM_GCC_541\Debug\WaveDAC8_Example01.a(CySpc.o)

.debug_frame    0x00000000     0x2798
 *(.debug_frame)
 .debug_frame   0x00000000       0x34 .\CortexM3\ARM_GCC_541\Debug\main.o
 .debug_frame   0x00000034      0x16c .\CortexM3\ARM_GCC_541\Debug\cyfitter_cfg.o
 .debug_frame   0x000001a0       0xd8 .\CortexM3\ARM_GCC_541\Debug\Cm3Start.o
 .debug_frame   0x00000278       0xf8 .\CortexM3\ARM_GCC_541\Debug\WaveDAC8_Example01.a(WaveDAC8_1.o)
 .debug_frame   0x00000370       0x58 .\CortexM3\ARM_GCC_541\Debug\WaveDAC8_Example01.a(WaveDAC8_1_Wave1_DMA_dma.o)
 .debug_frame   0x000003c8       0x58 .\CortexM3\ARM_GCC_541\Debug\WaveDAC8_Example01.a(WaveDAC8_1_Wave2_DMA_dma.o)
 .debug_frame   0x00000420      0x130 .\CortexM3\ARM_GCC_541\Debug\WaveDAC8_Example01.a(WaveDAC8_1_VDAC8.o)
 .debug_frame   0x00000550       0xb8 .\CortexM3\ARM_GCC_541\Debug\WaveDAC8_Example01.a(WaveDAC8_1_BuffAmp.o)
 .debug_frame   0x00000608      0x3d0 .\CortexM3\ARM_GCC_541\Debug\WaveDAC8_Example01.a(CyDmac.o)
 .debug_frame   0x000009d8      0xc0c .\CortexM3\ARM_GCC_541\Debug\WaveDAC8_Example01.a(CyLib.o)
 .debug_frame   0x000015e4      0x234 .\CortexM3\ARM_GCC_541\Debug\WaveDAC8_Example01.a(cyPm.o)
 .debug_frame   0x00001818      0x1b4 .\CortexM3\ARM_GCC_541\Debug\WaveDAC8_Example01.a(Clock_1.o)
 .debug_frame   0x000019cc      0x42c .\CortexM3\ARM_GCC_541\Debug\WaveDAC8_Example01.a(UART_1.o)
 .debug_frame   0x00001df8      0x1b4 .\CortexM3\ARM_GCC_541\Debug\WaveDAC8_Example01.a(UART_1_IntClock.o)
 .debug_frame   0x00001fac      0x210 .\CortexM3\ARM_GCC_541\Debug\WaveDAC8_Example01.a(CyFlash.o)
 .debug_frame   0x000021bc      0x1f8 .\CortexM3\ARM_GCC_541\Debug\WaveDAC8_Example01.a(CySpc.o)
 .debug_frame   0x000023b4       0x20 c:/program files (x86)/cypress/psoc creator/4.4/psoc creator/import/gnu/arm/5.4.1/bin/../lib/gcc/arm-none-eabi/5.4.1/../../../../arm-none-eabi/lib/armv7-m\libg_nano.a(lib_a-errno.o)
 .debug_frame   0x000023d4       0x28 c:/program files (x86)/cypress/psoc creator/4.4/psoc creator/import/gnu/arm/5.4.1/bin/../lib/gcc/arm-none-eabi/5.4.1/../../../../arm-none-eabi/lib/armv7-m\libg_nano.a(lib_a-exit.o)
 .debug_frame   0x000023fc       0x2c c:/program files (x86)/cypress/psoc creator/4.4/psoc creator/import/gnu/arm/5.4.1/bin/../lib/gcc/arm-none-eabi/5.4.1/../../../../arm-none-eabi/lib/armv7-m\libg_nano.a(lib_a-init.o)
 .debug_frame   0x00002428       0x28 c:/program files (x86)/cypress/psoc creator/4.4/psoc creator/import/gnu/arm/5.4.1/bin/../lib/gcc/arm-none-eabi/5.4.1/../../../../arm-none-eabi/lib/armv7-m\libg_nano.a(lib_a-memcpy-stub.o)
 .debug_frame   0x00002450       0x20 c:/program files (x86)/cypress/psoc creator/4.4/psoc creator/import/gnu/arm/5.4.1/bin/../lib/gcc/arm-none-eabi/5.4.1/../../../../arm-none-eabi/lib/armv7-m\libg_nano.a(lib_a-memset.o)
 .debug_frame   0x00002470       0x70 c:/program files (x86)/cypress/psoc creator/4.4/psoc creator/import/gnu/arm/5.4.1/bin/../lib/gcc/arm-none-eabi/5.4.1/../../../../arm-none-eabi/lib/armv7-m\libg_nano.a(lib_a-sprintf.o)
 .debug_frame   0x000024e0       0x90 c:/program files (x86)/cypress/psoc creator/4.4/psoc creator/import/gnu/arm/5.4.1/bin/../lib/gcc/arm-none-eabi/5.4.1/../../../../arm-none-eabi/lib/armv7-m\libg_nano.a(lib_a-nano-svfprintf.o)
 .debug_frame   0x00002570       0x60 c:/program files (x86)/cypress/psoc creator/4.4/psoc creator/import/gnu/arm/5.4.1/bin/../lib/gcc/arm-none-eabi/5.4.1/../../../../arm-none-eabi/lib/armv7-m\libg_nano.a(lib_a-nano-vfprintf_i.o)
 .debug_frame   0x000025d0       0x28 c:/program files (x86)/cypress/psoc creator/4.4/psoc creator/import/gnu/arm/5.4.1/bin/../lib/gcc/arm-none-eabi/5.4.1/../../../../arm-none-eabi/lib/armv7-m\libg_nano.a(lib_a-memchr-stub.o)
 .debug_frame   0x000025f8       0x28 c:/program files (x86)/cypress/psoc creator/4.4/psoc creator/import/gnu/arm/5.4.1/bin/../lib/gcc/arm-none-eabi/5.4.1/../../../../arm-none-eabi/lib/armv7-m\libg_nano.a(lib_a-memmove.o)
 .debug_frame   0x00002620       0x38 c:/program files (x86)/cypress/psoc creator/4.4/psoc creator/import/gnu/arm/5.4.1/bin/../lib/gcc/arm-none-eabi/5.4.1/../../../../arm-none-eabi/lib/armv7-m\libg_nano.a(lib_a-nano-freer.o)
 .debug_frame   0x00002658       0x2c c:/program files (x86)/cypress/psoc creator/4.4/psoc creator/import/gnu/arm/5.4.1/bin/../lib/gcc/arm-none-eabi/5.4.1/../../../../arm-none-eabi/lib/armv7-m\libg_nano.a(lib_a-nano-mallocr.o)
 .debug_frame   0x00002684       0x3c c:/program files (x86)/cypress/psoc creator/4.4/psoc creator/import/gnu/arm/5.4.1/bin/../lib/gcc/arm-none-eabi/5.4.1/../../../../arm-none-eabi/lib/armv7-m\libg_nano.a(lib_a-nano-reallocr.o)
 .debug_frame   0x000026c0       0x2c c:/program files (x86)/cypress/psoc creator/4.4/psoc creator/import/gnu/arm/5.4.1/bin/../lib/gcc/arm-none-eabi/5.4.1/../../../../arm-none-eabi/lib/armv7-m\libg_nano.a(lib_a-sbrkr.o)
 .debug_frame   0x000026ec       0x30 c:/program files (x86)/cypress/psoc creator/4.4/psoc creator/import/gnu/arm/5.4.1/bin/../lib/gcc/arm-none-eabi/5.4.1/../../../../arm-none-eabi/lib/armv7-m\libg_nano.a(lib_a-mlock.o)
 .debug_frame   0x0000271c       0x20 c:/program files (x86)/cypress/psoc creator/4.4/psoc creator/import/gnu/arm/5.4.1/bin/../lib/gcc/arm-none-eabi/5.4.1/../../../../arm-none-eabi/lib/armv7-m\libg_nano.a(lib_a-nano-msizer.o)
 .debug_frame   0x0000273c       0x5c c:/program files (x86)/cypress/psoc creator/4.4/psoc creator/import/gnu/arm/5.4.1/bin/../lib/gcc/arm-none-eabi/5.4.1/../../../../arm-none-eabi/lib/armv7-m\libg_nano.a(lib_a-reent.o)

.debug_str      0x00000000     0x209c
 *(.debug_str)
 .debug_str     0x00000000      0x1f9 .\CortexM3\ARM_GCC_541\Debug\main.o
                                0x241 (size before relaxing)
 .debug_str     0x000001f9      0x1a3 .\CortexM3\ARM_GCC_541\Debug\cyfitter_cfg.o
                                0x357 (size before relaxing)
 .debug_str     0x0000039c       0x7f .\CortexM3\ARM_GCC_541\Debug\cymetadata.o
                                0x203 (size before relaxing)
 .debug_str     0x0000041b      0x123 .\CortexM3\ARM_GCC_541\Debug\Cm3Start.o
                                0x2f6 (size before relaxing)
 .debug_str     0x0000053e      0x168 .\CortexM3\ARM_GCC_541\Debug\WaveDAC8_Example01.a(WaveDAC8_1.o)
                                0x316 (size before relaxing)
 .debug_str     0x000006a6       0xcf .\CortexM3\ARM_GCC_541\Debug\WaveDAC8_Example01.a(WaveDAC8_1_Wave1_DMA_dma.o)
                                0x276 (size before relaxing)
 .debug_str     0x00000775       0x94 .\CortexM3\ARM_GCC_541\Debug\WaveDAC8_Example01.a(WaveDAC8_1_Wave2_DMA_dma.o)
                                0x276 (size before relaxing)
 .debug_str     0x00000809      0x116 .\CortexM3\ARM_GCC_541\Debug\WaveDAC8_Example01.a(WaveDAC8_1_VDAC8.o)
                                0x2ac (size before relaxing)
 .debug_str     0x0000091f       0xcc .\CortexM3\ARM_GCC_541\Debug\WaveDAC8_Example01.a(WaveDAC8_1_BuffAmp.o)
                                0x271 (size before relaxing)
 .debug_str     0x000009eb      0x375 .\CortexM3\ARM_GCC_541\Debug\WaveDAC8_Example01.a(CyDmac.o)
                                0x53c (size before relaxing)
 .debug_str     0x00000d60      0x7d4 .\CortexM3\ARM_GCC_541\Debug\WaveDAC8_Example01.a(CyLib.o)
                                0xa09 (size before relaxing)
 .debug_str     0x00001534      0x371 .\CortexM3\ARM_GCC_541\Debug\WaveDAC8_Example01.a(cyPm.o)
                                0x562 (size before relaxing)
 .debug_str     0x000018a5      0x162 .\CortexM3\ARM_GCC_541\Debug\WaveDAC8_Example01.a(Clock_1.o)
                                0x30d (size before relaxing)
 .debug_str     0x00001a07      0x2ba .\CortexM3\ARM_GCC_541\Debug\WaveDAC8_Example01.a(UART_1.o)
                                0x47a (size before relaxing)
 .debug_str     0x00001cc1      0x177 .\CortexM3\ARM_GCC_541\Debug\WaveDAC8_Example01.a(UART_1_IntClock.o)
                                0x36d (size before relaxing)
 .debug_str     0x00001e38      0x145 .\CortexM3\ARM_GCC_541\Debug\WaveDAC8_Example01.a(CyFlash.o)
                                0x315 (size before relaxing)
 .debug_str     0x00001f7d      0x11f .\CortexM3\ARM_GCC_541\Debug\WaveDAC8_Example01.a(CySpc.o)
                                0x312 (size before relaxing)

.debug_loc
 *(.debug_loc)

.debug_macinfo
 *(.debug_macinfo)

.debug_ranges   0x00000000      0x7d8
 *(.debug_ranges)
 .debug_ranges  0x00000000       0x10 .\CortexM3\ARM_GCC_541\Debug\main.o
 .debug_ranges  0x00000010       0x50 .\CortexM3\ARM_GCC_541\Debug\cyfitter_cfg.o
 .debug_ranges  0x00000060       0x38 .\CortexM3\ARM_GCC_541\Debug\Cm3Start.o
 .debug_ranges  0x00000098       0x40 .\CortexM3\ARM_GCC_541\Debug\WaveDAC8_Example01.a(WaveDAC8_1.o)
 .debug_ranges  0x000000d8       0x18 .\CortexM3\ARM_GCC_541\Debug\WaveDAC8_Example01.a(WaveDAC8_1_Wave1_DMA_dma.o)
 .debug_ranges  0x000000f0       0x18 .\CortexM3\ARM_GCC_541\Debug\WaveDAC8_Example01.a(WaveDAC8_1_Wave2_DMA_dma.o)
 .debug_ranges  0x00000108       0x48 .\CortexM3\ARM_GCC_541\Debug\WaveDAC8_Example01.a(WaveDAC8_1_VDAC8.o)
 .debug_ranges  0x00000150       0x30 .\CortexM3\ARM_GCC_541\Debug\WaveDAC8_Example01.a(WaveDAC8_1_BuffAmp.o)
 .debug_ranges  0x00000180       0xc8 .\CortexM3\ARM_GCC_541\Debug\WaveDAC8_Example01.a(CyDmac.o)
 .debug_ranges  0x00000248      0x290 .\CortexM3\ARM_GCC_541\Debug\WaveDAC8_Example01.a(CyLib.o)
 .debug_ranges  0x000004d8       0x88 .\CortexM3\ARM_GCC_541\Debug\WaveDAC8_Example01.a(cyPm.o)
 .debug_ranges  0x00000560       0x60 .\CortexM3\ARM_GCC_541\Debug\WaveDAC8_Example01.a(Clock_1.o)
 .debug_ranges  0x000005c0       0xe0 .\CortexM3\ARM_GCC_541\Debug\WaveDAC8_Example01.a(UART_1.o)
 .debug_ranges  0x000006a0       0x60 .\CortexM3\ARM_GCC_541\Debug\WaveDAC8_Example01.a(UART_1_IntClock.o)
 .debug_ranges  0x00000700       0x70 .\CortexM3\ARM_GCC_541\Debug\WaveDAC8_Example01.a(CyFlash.o)
 .debug_ranges  0x00000770       0x68 .\CortexM3\ARM_GCC_541\Debug\WaveDAC8_Example01.a(CySpc.o)

.comment        0x00000000       0x6e
 .comment       0x00000000       0x6e .\CortexM3\ARM_GCC_541\Debug\main.o
                                 0x6f (size before relaxing)
 .comment       0x0000006e       0x6f .\CortexM3\ARM_GCC_541\Debug\cyfitter_cfg.o
 .comment       0x0000006e       0x6f .\CortexM3\ARM_GCC_541\Debug\cymetadata.o
 .comment       0x0000006e       0x6f .\CortexM3\ARM_GCC_541\Debug\Cm3Start.o
 .comment       0x0000006e       0x6f .\CortexM3\ARM_GCC_541\Debug\WaveDAC8_Example01.a(WaveDAC8_1.o)
 .comment       0x0000006e       0x6f .\CortexM3\ARM_GCC_541\Debug\WaveDAC8_Example01.a(WaveDAC8_1_Wave1_DMA_dma.o)
 .comment       0x0000006e       0x6f .\CortexM3\ARM_GCC_541\Debug\WaveDAC8_Example01.a(WaveDAC8_1_Wave2_DMA_dma.o)
 .comment       0x0000006e       0x6f .\CortexM3\ARM_GCC_541\Debug\WaveDAC8_Example01.a(WaveDAC8_1_VDAC8.o)
 .comment       0x0000006e       0x6f .\CortexM3\ARM_GCC_541\Debug\WaveDAC8_Example01.a(WaveDAC8_1_BuffAmp.o)
 .comment       0x0000006e       0x6f .\CortexM3\ARM_GCC_541\Debug\WaveDAC8_Example01.a(CyDmac.o)
 .comment       0x0000006e       0x6f .\CortexM3\ARM_GCC_541\Debug\WaveDAC8_Example01.a(CyLib.o)
 .comment       0x0000006e       0x6f .\CortexM3\ARM_GCC_541\Debug\WaveDAC8_Example01.a(cyPm.o)
 .comment       0x0000006e       0x6f .\CortexM3\ARM_GCC_541\Debug\WaveDAC8_Example01.a(Clock_1.o)
 .comment       0x0000006e       0x6f .\CortexM3\ARM_GCC_541\Debug\WaveDAC8_Example01.a(UART_1.o)
 .comment       0x0000006e       0x6f .\CortexM3\ARM_GCC_541\Debug\WaveDAC8_Example01.a(UART_1_IntClock.o)
 .comment       0x0000006e       0x6f .\CortexM3\ARM_GCC_541\Debug\WaveDAC8_Example01.a(CyFlash.o)
 .comment       0x0000006e       0x6f .\CortexM3\ARM_GCC_541\Debug\WaveDAC8_Example01.a(CySpc.o)

.debug_weaknames
 *(.debug_weaknames)

.debug_funcnames
 *(.debug_funcnames)

.debug_typenames
 *(.debug_typenames)

.debug_varnames
 *(.debug_varnames)

.note.gnu.arm.ident
 *(.note.gnu.arm.ident)

.ARM.attributes
                0x00000000       0x29
 *(.ARM.attributes)
 .ARM.attributes
                0x00000000       0x1d c:/program files (x86)/cypress/psoc creator/4.4/psoc creator/import/gnu/arm/5.4.1/bin/../lib/gcc/arm-none-eabi/5.4.1/armv7-m/crti.o
 .ARM.attributes
                0x0000001d       0x2d c:/program files (x86)/cypress/psoc creator/4.4/psoc creator/import/gnu/arm/5.4.1/bin/../lib/gcc/arm-none-eabi/5.4.1/armv7-m/crtbegin.o
 .ARM.attributes
                0x0000004a       0x1b c:/program files (x86)/cypress/psoc creator/4.4/psoc creator/import/gnu/arm/5.4.1/bin/../lib/gcc/arm-none-eabi/5.4.1/../../../../arm-none-eabi/lib/armv7-m/crt0.o
 .ARM.attributes
                0x00000065       0x33 .\CortexM3\ARM_GCC_541\Debug\main.o
 .ARM.attributes
                0x00000098       0x33 .\CortexM3\ARM_GCC_541\Debug\cyfitter_cfg.o
 .ARM.attributes
                0x000000cb       0x33 .\CortexM3\ARM_GCC_541\Debug\cymetadata.o
 .ARM.attributes
                0x000000fe       0x33 .\CortexM3\ARM_GCC_541\Debug\Cm3Start.o
 .ARM.attributes
                0x00000131       0x33 .\CortexM3\ARM_GCC_541\Debug\WaveDAC8_Example01.a(WaveDAC8_1.o)
 .ARM.attributes
                0x00000164       0x33 .\CortexM3\ARM_GCC_541\Debug\WaveDAC8_Example01.a(WaveDAC8_1_Wave1_DMA_dma.o)
 .ARM.attributes
                0x00000197       0x33 .\CortexM3\ARM_GCC_541\Debug\WaveDAC8_Example01.a(WaveDAC8_1_Wave2_DMA_dma.o)
 .ARM.attributes
                0x000001ca       0x33 .\CortexM3\ARM_GCC_541\Debug\WaveDAC8_Example01.a(WaveDAC8_1_VDAC8.o)
 .ARM.attributes
                0x000001fd       0x33 .\CortexM3\ARM_GCC_541\Debug\WaveDAC8_Example01.a(WaveDAC8_1_BuffAmp.o)
 .ARM.attributes
                0x00000230       0x33 .\CortexM3\ARM_GCC_541\Debug\WaveDAC8_Example01.a(CyDmac.o)
 .ARM.attributes
                0x00000263       0x33 .\CortexM3\ARM_GCC_541\Debug\WaveDAC8_Example01.a(CyLib.o)
 .ARM.attributes
                0x00000296       0x33 .\CortexM3\ARM_GCC_541\Debug\WaveDAC8_Example01.a(cyPm.o)
 .ARM.attributes
                0x000002c9       0x33 .\CortexM3\ARM_GCC_541\Debug\WaveDAC8_Example01.a(Clock_1.o)
 .ARM.attributes
                0x000002fc       0x33 .\CortexM3\ARM_GCC_541\Debug\WaveDAC8_Example01.a(UART_1.o)
 .ARM.attributes
                0x0000032f       0x33 .\CortexM3\ARM_GCC_541\Debug\WaveDAC8_Example01.a(UART_1_IntClock.o)
 .ARM.attributes
                0x00000362       0x21 .\CortexM3\ARM_GCC_541\Debug\WaveDAC8_Example01.a(CyBootAsmGnu.o)
 .ARM.attributes
                0x00000383       0x33 .\CortexM3\ARM_GCC_541\Debug\WaveDAC8_Example01.a(CyFlash.o)
 .ARM.attributes
                0x000003b6       0x33 .\CortexM3\ARM_GCC_541\Debug\WaveDAC8_Example01.a(CySpc.o)
 .ARM.attributes
                0x000003e9       0x2d c:/program files (x86)/cypress/psoc creator/4.4/psoc creator/import/gnu/arm/5.4.1/bin/../lib/gcc/arm-none-eabi/5.4.1/../../../../arm-none-eabi/lib/armv7-m\libg_nano.a(lib_a-errno.o)
 .ARM.attributes
                0x00000416       0x2d c:/program files (x86)/cypress/psoc creator/4.4/psoc creator/import/gnu/arm/5.4.1/bin/../lib/gcc/arm-none-eabi/5.4.1/../../../../arm-none-eabi/lib/armv7-m\libg_nano.a(lib_a-exit.o)
 .ARM.attributes
                0x00000443       0x2d c:/program files (x86)/cypress/psoc creator/4.4/psoc creator/import/gnu/arm/5.4.1/bin/../lib/gcc/arm-none-eabi/5.4.1/../../../../arm-none-eabi/lib/armv7-m\libg_nano.a(lib_a-impure.o)
 .ARM.attributes
                0x00000470       0x2d c:/program files (x86)/cypress/psoc creator/4.4/psoc creator/import/gnu/arm/5.4.1/bin/../lib/gcc/arm-none-eabi/5.4.1/../../../../arm-none-eabi/lib/armv7-m\libg_nano.a(lib_a-init.o)
 .ARM.attributes
                0x0000049d       0x2d c:/program files (x86)/cypress/psoc creator/4.4/psoc creator/import/gnu/arm/5.4.1/bin/../lib/gcc/arm-none-eabi/5.4.1/../../../../arm-none-eabi/lib/armv7-m\libg_nano.a(lib_a-memcpy-stub.o)
 .ARM.attributes
                0x000004ca       0x2d c:/program files (x86)/cypress/psoc creator/4.4/psoc creator/import/gnu/arm/5.4.1/bin/../lib/gcc/arm-none-eabi/5.4.1/../../../../arm-none-eabi/lib/armv7-m\libg_nano.a(lib_a-memset.o)
 .ARM.attributes
                0x000004f7       0x2d c:/program files (x86)/cypress/psoc creator/4.4/psoc creator/import/gnu/arm/5.4.1/bin/../lib/gcc/arm-none-eabi/5.4.1/../../../../arm-none-eabi/lib/armv7-m\libg_nano.a(lib_a-sprintf.o)
 .ARM.attributes
                0x00000524       0x2d c:/program files (x86)/cypress/psoc creator/4.4/psoc creator/import/gnu/arm/5.4.1/bin/../lib/gcc/arm-none-eabi/5.4.1/../../../../arm-none-eabi/lib/armv7-m\libg_nano.a(lib_a-nano-svfprintf.o)
 .ARM.attributes
                0x00000551       0x2d c:/program files (x86)/cypress/psoc creator/4.4/psoc creator/import/gnu/arm/5.4.1/bin/../lib/gcc/arm-none-eabi/5.4.1/../../../../arm-none-eabi/lib/armv7-m\libg_nano.a(lib_a-nano-vfprintf_i.o)
 .ARM.attributes
                0x0000057e       0x2d c:/program files (x86)/cypress/psoc creator/4.4/psoc creator/import/gnu/arm/5.4.1/bin/../lib/gcc/arm-none-eabi/5.4.1/../../../../arm-none-eabi/lib/armv7-m\libg_nano.a(lib_a-memchr-stub.o)
 .ARM.attributes
                0x000005ab       0x2d c:/program files (x86)/cypress/psoc creator/4.4/psoc creator/import/gnu/arm/5.4.1/bin/../lib/gcc/arm-none-eabi/5.4.1/../../../../arm-none-eabi/lib/armv7-m\libg_nano.a(lib_a-memmove.o)
 .ARM.attributes
                0x000005d8       0x2d c:/program files (x86)/cypress/psoc creator/4.4/psoc creator/import/gnu/arm/5.4.1/bin/../lib/gcc/arm-none-eabi/5.4.1/../../../../arm-none-eabi/lib/armv7-m\libg_nano.a(lib_a-nano-freer.o)
 .ARM.attributes
                0x00000605       0x2d c:/program files (x86)/cypress/psoc creator/4.4/psoc creator/import/gnu/arm/5.4.1/bin/../lib/gcc/arm-none-eabi/5.4.1/../../../../arm-none-eabi/lib/armv7-m\libg_nano.a(lib_a-nano-mallocr.o)
 .ARM.attributes
                0x00000632       0x2d c:/program files (x86)/cypress/psoc creator/4.4/psoc creator/import/gnu/arm/5.4.1/bin/../lib/gcc/arm-none-eabi/5.4.1/../../../../arm-none-eabi/lib/armv7-m\libg_nano.a(lib_a-nano-reallocr.o)
 .ARM.attributes
                0x0000065f       0x2d c:/program files (x86)/cypress/psoc creator/4.4/psoc creator/import/gnu/arm/5.4.1/bin/../lib/gcc/arm-none-eabi/5.4.1/../../../../arm-none-eabi/lib/armv7-m\libg_nano.a(lib_a-sbrkr.o)
 .ARM.attributes
                0x0000068c       0x2d c:/program files (x86)/cypress/psoc creator/4.4/psoc creator/import/gnu/arm/5.4.1/bin/../lib/gcc/arm-none-eabi/5.4.1/../../../../arm-none-eabi/lib/armv7-m\libg_nano.a(lib_a-mlock.o)
 .ARM.attributes
                0x000006b9       0x2d c:/program files (x86)/cypress/psoc creator/4.4/psoc creator/import/gnu/arm/5.4.1/bin/../lib/gcc/arm-none-eabi/5.4.1/../../../../arm-none-eabi/lib/armv7-m\libg_nano.a(lib_a-nano-msizer.o)
 .ARM.attributes
                0x000006e6       0x2d c:/program files (x86)/cypress/psoc creator/4.4/psoc creator/import/gnu/arm/5.4.1/bin/../lib/gcc/arm-none-eabi/5.4.1/../../../../arm-none-eabi/lib/armv7-m\libg_nano.a(lib_a-reent.o)
 .ARM.attributes
                0x00000713       0x2d c:/program files (x86)/cypress/psoc creator/4.4/psoc creator/import/gnu/arm/5.4.1/bin/../lib/gcc/arm-none-eabi/5.4.1/armv7-m/crtend.o
 .ARM.attributes
                0x00000740       0x1d c:/program files (x86)/cypress/psoc creator/4.4/psoc creator/import/gnu/arm/5.4.1/bin/../lib/gcc/arm-none-eabi/5.4.1/armv7-m/crtn.o

/DISCARD/
 *(.note.GNU-stack)
OUTPUT(C:\Users\Silvan\OneDrive\GitHubRepos\PSoC_Audio_MIDI\WaveDAC8_Example01\WaveDAC8_Example01.cydsn\CortexM3\ARM_GCC_541\Debug\WaveDAC8_Example01.elf elf32-littlearm)
