Archive member included to satisfy reference by file (symbol)

.\CortexM3\ARM_GCC_541\Debug\PSoC_Audio_MIDI.a(WaveDAC8_1.o)
                              .\CortexM3\ARM_GCC_541\Debug\main.o (WaveDAC8_1_Wave1Setup)
.\CortexM3\ARM_GCC_541\Debug\PSoC_Audio_MIDI.a(Clock_1.o)
                              .\CortexM3\ARM_GCC_541\Debug\main.o (Clock_1_SetDividerRegister)
.\CortexM3\ARM_GCC_541\Debug\PSoC_Audio_MIDI.a(UART_1.o)
                              .\CortexM3\ARM_GCC_541\Debug\main.o (UART_1_Start)
.\CortexM3\ARM_GCC_541\Debug\PSoC_Audio_MIDI.a(WaveDAC8_1_Wave1_DMA_dma.o)
                              .\CortexM3\ARM_GCC_541\Debug\PSoC_Audio_MIDI.a(WaveDAC8_1.o) (WaveDAC8_1_Wave1_DMA_DmaInitialize)
.\CortexM3\ARM_GCC_541\Debug\PSoC_Audio_MIDI.a(WaveDAC8_1_Wave2_DMA_dma.o)
                              .\CortexM3\ARM_GCC_541\Debug\PSoC_Audio_MIDI.a(WaveDAC8_1.o) (WaveDAC8_1_Wave2_DMA_DmaInitialize)
.\CortexM3\ARM_GCC_541\Debug\PSoC_Audio_MIDI.a(WaveDAC8_1_VDAC8.o)
                              .\CortexM3\ARM_GCC_541\Debug\PSoC_Audio_MIDI.a(WaveDAC8_1.o) (WaveDAC8_1_VDAC8_Init)
.\CortexM3\ARM_GCC_541\Debug\PSoC_Audio_MIDI.a(WaveDAC8_1_BuffAmp.o)
                              .\CortexM3\ARM_GCC_541\Debug\PSoC_Audio_MIDI.a(WaveDAC8_1.o) (WaveDAC8_1_BuffAmp_Init)
.\CortexM3\ARM_GCC_541\Debug\PSoC_Audio_MIDI.a(UART_1_IntClock.o)
                              .\CortexM3\ARM_GCC_541\Debug\PSoC_Audio_MIDI.a(UART_1.o) (UART_1_IntClock_Start)
.\CortexM3\ARM_GCC_541\Debug\PSoC_Audio_MIDI.a(CyDmac.o)
                              .\CortexM3\ARM_GCC_541\Debug\Cm3Start.o (CyDmacConfigure)
.\CortexM3\ARM_GCC_541\Debug\PSoC_Audio_MIDI.a(CyLib.o)
                              .\CortexM3\ARM_GCC_541\Debug\Cm3Start.o (CyResetStatus)
.\CortexM3\ARM_GCC_541\Debug\PSoC_Audio_MIDI.a(cyPm.o)
                              .\CortexM3\ARM_GCC_541\Debug\PSoC_Audio_MIDI.a(CyLib.o) (CyPmReadStatus)
.\CortexM3\ARM_GCC_541\Debug\PSoC_Audio_MIDI.a(Pin_Dice_1.o)
                              .\CortexM3\ARM_GCC_541\Debug\main.o (Pin_Dice_1_Read)
.\CortexM3\ARM_GCC_541\Debug\PSoC_Audio_MIDI.a(Pin_Dice_2.o)
                              .\CortexM3\ARM_GCC_541\Debug\main.o (Pin_Dice_2_Read)
.\CortexM3\ARM_GCC_541\Debug\PSoC_Audio_MIDI.a(Pin_Dice_LED_1.o)
                              .\CortexM3\ARM_GCC_541\Debug\main.o (Pin_Dice_LED_1_Write)
.\CortexM3\ARM_GCC_541\Debug\PSoC_Audio_MIDI.a(Pin_Dice_LED_2.o)
                              .\CortexM3\ARM_GCC_541\Debug\main.o (Pin_Dice_LED_2_Write)
.\CortexM3\ARM_GCC_541\Debug\PSoC_Audio_MIDI.a(isr_checkMode.o)
                              .\CortexM3\ARM_GCC_541\Debug\main.o (isr_checkMode_StartEx)
.\CortexM3\ARM_GCC_541\Debug\PSoC_Audio_MIDI.a(Timer_Mode.o)
                              .\CortexM3\ARM_GCC_541\Debug\main.o (Timer_Mode_Start)
.\CortexM3\ARM_GCC_541\Debug\PSoC_Audio_MIDI.a(Clock_Mode.o)
                              .\CortexM3\ARM_GCC_541\Debug\main.o (Clock_Mode_Start)
.\CortexM3\ARM_GCC_541\Debug\PSoC_Audio_MIDI.a(but1_isr_pos.o)
                              .\CortexM3\ARM_GCC_541\Debug\main.o (but1_isr_pos_StartEx)
.\CortexM3\ARM_GCC_541\Debug\PSoC_Audio_MIDI.a(but1_isr_neg.o)
                              .\CortexM3\ARM_GCC_541\Debug\main.o (but1_isr_neg_StartEx)
.\CortexM3\ARM_GCC_541\Debug\PSoC_Audio_MIDI.a(debouncerClock.o)
                              .\CortexM3\ARM_GCC_541\Debug\main.o (debouncerClock_Start)
.\CortexM3\ARM_GCC_541\Debug\PSoC_Audio_MIDI.a(but2_isr_pos.o)
                              .\CortexM3\ARM_GCC_541\Debug\main.o (but2_isr_pos_StartEx)
.\CortexM3\ARM_GCC_541\Debug\PSoC_Audio_MIDI.a(but2_isr_neg.o)
                              .\CortexM3\ARM_GCC_541\Debug\main.o (but2_isr_neg_StartEx)
.\CortexM3\ARM_GCC_541\Debug\PSoC_Audio_MIDI.a(but3_isr_pos.o)
                              .\CortexM3\ARM_GCC_541\Debug\main.o (but3_isr_pos_StartEx)
.\CortexM3\ARM_GCC_541\Debug\PSoC_Audio_MIDI.a(but3_isr_neg.o)
                              .\CortexM3\ARM_GCC_541\Debug\main.o (but3_isr_neg_StartEx)
.\CortexM3\ARM_GCC_541\Debug\PSoC_Audio_MIDI.a(analogBut_isr.o)
                              .\CortexM3\ARM_GCC_541\Debug\main.o (analogBut_isr_StartEx)
.\CortexM3\ARM_GCC_541\Debug\PSoC_Audio_MIDI.a(analogMUX.o)
                              .\CortexM3\ARM_GCC_541\Debug\main.o (analogMUX_Start)
.\CortexM3\ARM_GCC_541\Debug\PSoC_Audio_MIDI.a(ADC_isr.o)
                              .\CortexM3\ARM_GCC_541\Debug\main.o (ADC_isr_StartEx)
.\CortexM3\ARM_GCC_541\Debug\PSoC_Audio_MIDI.a(analogADC.o)
                              .\CortexM3\ARM_GCC_541\Debug\main.o (analogADC_Start)
.\CortexM3\ARM_GCC_541\Debug\PSoC_Audio_MIDI.a(analogADC_INT.o)
                              .\CortexM3\ARM_GCC_541\Debug\PSoC_Audio_MIDI.a(analogADC.o) (analogADC_ISR1)
.\CortexM3\ARM_GCC_541\Debug\PSoC_Audio_MIDI.a(analogADC_AMux.o)
                              .\CortexM3\ARM_GCC_541\Debug\PSoC_Audio_MIDI.a(analogADC.o) (analogADC_AMux_Select)
[...]
Memory Configuration

Name             Origin             Length             Attributes
rom              0x00000000         0x00040000         xr
ram              0x1fff8000         0x00010000         xrw
*default*        0x00000000         0xffffffff

Linker script and memory map

LOAD c:/program files (x86)/cypress/psoc creator/4.4/psoc creator/import/gnu/arm/5.4.1/bin/../lib/gcc/arm-none-eabi/5.4.1/armv7-m/crti.o
LOAD c:/program files (x86)/cypress/psoc creator/4.4/psoc creator/import/gnu/arm/5.4.1/bin/../lib/gcc/arm-none-eabi/5.4.1/armv7-m/crtbegin.o
LOAD c:/program files (x86)/cypress/psoc creator/4.4/psoc creator/import/gnu/arm/5.4.1/bin/../lib/gcc/arm-none-eabi/5.4.1/../../../../arm-none-eabi/lib/armv7-m/crt0.o
START GROUP
LOAD .\CortexM3\ARM_GCC_541\Debug\main.o
LOAD .\CortexM3\ARM_GCC_541\Debug\ssd1306.o
LOAD .\CortexM3\ARM_GCC_541\Debug\cyfitter_cfg.o
LOAD .\CortexM3\ARM_GCC_541\Debug\cymetadata.o
LOAD .\CortexM3\ARM_GCC_541\Debug\Cm3Start.o
LOAD .\CortexM3\ARM_GCC_541\Debug\PSoC_Audio_MIDI.a
LOAD C:\Program Files (x86)\Cypress\PSoC Creator\4.4\PSoC Creator\psoc\content\cycomponentlibrary\CyComponentLibrary.cylib\CortexM3\ARM_GCC_541\Debug\CyComponentLibrary.a
END GROUP
START GROUP
LOAD c:/program files (x86)/cypress/psoc creator/4.4/psoc creator/import/gnu/arm/5.4.1/bin/../lib/gcc/arm-none-eabi/5.4.1/armv7-m\libgcc.a
LOAD c:/program files (x86)/cypress/psoc creator/4.4/psoc creator/import/gnu/arm/5.4.1/bin/../lib/gcc/arm-none-eabi/5.4.1/../../../../arm-none-eabi/lib/armv7-m\libg_nano.a
LOAD c:/program files (x86)/cypress/psoc creator/4.4/psoc creator/import/gnu/arm/5.4.1/bin/../lib/gcc/arm-none-eabi/5.4.1/../../../../arm-none-eabi/lib/armv7-m\libc_nano.a
END GROUP
START GROUP
LOAD c:/program files (x86)/cypress/psoc creator/4.4/psoc creator/import/gnu/arm/5.4.1/bin/../lib/gcc/arm-none-eabi/5.4.1/armv7-m\libgcc.a
LOAD c:/program files (x86)/cypress/psoc creator/4.4/psoc creator/import/gnu/arm/5.4.1/bin/../lib/gcc/arm-none-eabi/5.4.1/../../../../arm-none-eabi/lib/armv7-m\libc_nano.a
END GROUP
LOAD c:/program files (x86)/cypress/psoc creator/4.4/psoc creator/import/gnu/arm/5.4.1/bin/../lib/gcc/arm-none-eabi/5.4.1/armv7-m/crtend.o
LOAD c:/program files (x86)/cypress/psoc creator/4.4/psoc creator/import/gnu/arm/5.4.1/bin/../lib/gcc/arm-none-eabi/5.4.1/armv7-m/crtn.o
START GROUP
LOAD c:/program files (x86)/cypress/psoc creator/4.4/psoc creator/import/gnu/arm/5.4.1/bin/../lib/gcc/arm-none-eabi/5.4.1/armv7-m\libgcc.a
LOAD c:/program files (x86)/cypress/psoc creator/4.4/psoc creator/import/gnu/arm/5.4.1/bin/../lib/gcc/arm-none-eabi/5.4.1/../../../../arm-none-eabi/lib/armv7-m\libc.a
LOAD c:/program files (x86)/cypress/psoc creator/4.4/psoc creator/import/gnu/arm/5.4.1/bin/../lib/gcc/arm-none-eabi/5.4.1/../../../../arm-none-eabi/lib/armv7-m\libnosys.a
END GROUP
                0x00000000                CY_APPL_ORIGIN = 0x0
                0x00000100                CY_FLASH_ROW_SIZE = 0x100
                0x00000020                CY_ECC_ROW_SIZE = 0x20
                0x00000000                CY_EE_IN_BTLDR = 0x0
                0x00000000                CY_APPL_LOADABLE = 0x0
                0x00000800                CY_EE_SIZE = 0x800
                0x00000001                CY_APPL_NUM = 0x1
                0x00000001                CY_APPL_MAX = 0x1
                0x00000040                CY_METADATA_SIZE = 0x40
                0x00000000                CY_APPL_LOADABLE = 0x0
                0x00000000                CY_CHECKSUM_EXCLUDE_SIZE = ALIGN (0x0, CY_FLASH_ROW_SIZE)
                [!provide]                PROVIDE (__cy_heap_start, _end)
                0x00000001                PROVIDE (__cy_region_num, ((__cy_regions_end - __cy_regions) / 0x10))
                0x20008000                PROVIDE (__cy_stack, (ORIGIN (ram) + LENGTH (ram)))
                [!provide]                PROVIDE (__cy_heap_end, (__cy_stack - 0x4000))

.cybootloader   0x00000000        0x0
 *(.cybootloader)
                0x00000000                appl1_start = CY_APPL_ORIGIN?CY_APPL_ORIGIN:ALIGN (CY_FLASH_ROW_SIZE)
                0x0001ff00                appl2_start = (appl1_start + ALIGN ((((LENGTH (rom) - appl1_start) - (0x2 * CY_FLASH_ROW_SIZE)) / 0x2), CY_FLASH_ROW_SIZE))
                0x00000000                appl_start = (CY_APPL_NUM == 0x1)?appl1_start:appl2_start
                0x00000000                ecc_offset = ((appl_start / CY_FLASH_ROW_SIZE) * CY_ECC_ROW_SIZE)
                0x00000000                ee_offset = (CY_APPL_LOADABLE && ! (CY_EE_IN_BTLDR))?((CY_EE_SIZE / CY_APPL_MAX) * (CY_APPL_NUM - 0x1)):0x0
                0x00000800                ee_size = (CY_APPL_LOADABLE && ! (CY_EE_IN_BTLDR))?(CY_EE_SIZE / CY_APPL_MAX):CY_EE_SIZE
                [!provide]                PROVIDE (CY_ECC_OFFSET, ecc_offset)

.text           0x00000000     0x54e4
 CREATE_OBJECT_SYMBOLS
                0x00000000                PROVIDE (__cy_interrupt_vector, RomVectors)
 *(.romvectors)
 .romvectors    0x00000000       0x10 .\CortexM3\ARM_GCC_541\Debug\Cm3Start.o
                0x00000000                RomVectors
                0x00000001                ASSERT ((. != __cy_interrupt_vector), No interrupt vector)
                0x00000001                ASSERT (CY_APPL_ORIGIN?(SIZEOF (.cybootloader) <= CY_APPL_ORIGIN):0x1, Wrong image location)
                0x00000010                PROVIDE (__cy_reset, Reset)
 *(.text.Reset)
 .text.Reset    0x00000010       0x18 .\CortexM3\ARM_GCC_541\Debug\Cm3Start.o
                0x00000010                Reset
                0x00000001                ASSERT ((. != __cy_reset), No reset code)
 *(.dma_init)
                0x00000001                ASSERT ((((appl_start + .) <= 0x10000) || 0x1), DMA Init must be within the first 64k of flash)
 *(.text .text.* .gnu.linkonce.t.*)
 .text          0x00000028       0x5c c:/program files (x86)/cypress/psoc creator/4.4/psoc creator/import/gnu/arm/5.4.1/bin/../lib/gcc/arm-none-eabi/5.4.1/armv7-m/crtbegin.o
 .text.modecheck
                0x00000084      0x10c .\CortexM3\ARM_GCC_541\Debug\main.o
                0x00000084                modecheck
 .text.longSweep
                0x00000190      0x160 .\CortexM3\ARM_GCC_541\Debug\main.o
                0x00000190                longSweep
 .text.playRange
                0x000002f0      0x100 .\CortexM3\ARM_GCC_541\Debug\main.o
                0x000002f0                playRange
 .text.distanceEchoPitch
                0x000003f0      0x41c .\CortexM3\ARM_GCC_541\Debug\main.o
                0x000003f0                distanceEchoPitch
 .text.noteSelect
                0x0000080c       0x48 .\CortexM3\ARM_GCC_541\Debug\main.o
                0x0000080c                noteSelect
 .text.waveSelect
                0x00000854      0x11c .\CortexM3\ARM_GCC_541\Debug\main.o
                0x00000854                waveSelect
 .text.main     0x00000970      0x374 .\CortexM3\ARM_GCC_541\Debug\main.o
                0x00000970                main
 .text.analogBut_isr_vect
                0x00000ce4       0x18 .\CortexM3\ARM_GCC_541\Debug\main.o
                0x00000ce4                analogBut_isr_vect
 .text.adc_isr_vect
                0x00000cfc       0x18 .\CortexM3\ARM_GCC_541\Debug\main.o
                0x00000cfc                adc_isr_vect
 .text.but1_isr_pos_vect
                0x00000d14       0x18 .\CortexM3\ARM_GCC_541\Debug\main.o
                0x00000d14                but1_isr_pos_vect
 .text.but1_isr_neg_vect
                0x00000d2c       0x18 .\CortexM3\ARM_GCC_541\Debug\main.o
                0x00000d2c                but1_isr_neg_vect
 .text.but2_isr_pos_vect
                0x00000d44       0x18 .\CortexM3\ARM_GCC_541\Debug\main.o
                0x00000d44                but2_isr_pos_vect
 .text.but2_isr_neg_vect
                0x00000d5c       0x18 .\CortexM3\ARM_GCC_541\Debug\main.o
                0x00000d5c                but2_isr_neg_vect
 .text.but3_isr_pos_vect
                0x00000d74       0x18 .\CortexM3\ARM_GCC_541\Debug\main.o
                0x00000d74                but3_isr_pos_vect
 .text.but3_isr_neg_vect
                0x00000d8c       0x18 .\CortexM3\ARM_GCC_541\Debug\main.o
                0x00000d8c                but3_isr_neg_vect
 .text.userEcho_ISR
                0x00000da4       0x38 .\CortexM3\ARM_GCC_541\Debug\main.o
                0x00000da4                userEcho_ISR
 .text.userModeTimer_ISR
                0x00000ddc       0x18 .\CortexM3\ARM_GCC_541\Debug\main.o
                0x00000ddc                userModeTimer_ISR
 .text.userUpdateESP_ISR
                0x00000df4       0x5c .\CortexM3\ARM_GCC_541\Debug\main.o
                0x00000df4                userUpdateESP_ISR
 .text.CYMEMZERO
                0x00000e50       0x1c .\CortexM3\ARM_GCC_541\Debug\cyfitter_cfg.o
 .text.CYCONFIGCPY
                0x00000e6c       0x20 .\CortexM3\ARM_GCC_541\Debug\cyfitter_cfg.o
 .text.CyClockStartupError
                0x00000e8c        0xc .\CortexM3\ARM_GCC_541\Debug\cyfitter_cfg.o
 .text.cfg_write_bytes32
                0x00000e98       0x74 .\CortexM3\ARM_GCC_541\Debug\cyfitter_cfg.o
 .text.ClockSetup
                0x00000f0c      0x1d0 .\CortexM3\ARM_GCC_541\Debug\cyfitter_cfg.o
 .text.AnalogSetDefault
                0x000010dc       0x78 .\CortexM3\ARM_GCC_541\Debug\cyfitter_cfg.o
 .text.analogADC_AMux_Set
                0x00001154       0x40 .\CortexM3\ARM_GCC_541\Debug\cyfitter_cfg.o
                0x00001154                analogADC_AMux_Set
 .text.analogADC_AMux_Unset
                0x00001194       0x44 .\CortexM3\ARM_GCC_541\Debug\cyfitter_cfg.o
                0x00001194                analogADC_AMux_Unset
 .text.analogMUX_Set
                0x000011d8       0x6c .\CortexM3\ARM_GCC_541\Debug\cyfitter_cfg.o
                0x000011d8                analogMUX_Set
 .text.analogMUX_Unset
                0x00001244       0x74 .\CortexM3\ARM_GCC_541\Debug\cyfitter_cfg.o
                0x00001244                analogMUX_Unset
 .text.cyfitter_cfg
                0x000012b8      0x1f0 .\CortexM3\ARM_GCC_541\Debug\cyfitter_cfg.o
                0x000012b8                cyfitter_cfg
 .text.IntDefaultHandler
                0x000014a8       0x14 .\CortexM3\ARM_GCC_541\Debug\Cm3Start.o
                0x000014a8                IntDefaultHandler
 .text._sbrk    0x000014bc       0x54 .\CortexM3\ARM_GCC_541\Debug\Cm3Start.o
                0x000014bc                _sbrk
 .text.Start_c  0x00001510       0x98 .\CortexM3\ARM_GCC_541\Debug\Cm3Start.o
                0x00001510                Start_c
 .text.initialize_psoc
                0x000015a8       0x94 .\CortexM3\ARM_GCC_541\Debug\Cm3Start.o
                0x000015a8                initialize_psoc
 .text.WaveDAC8_1_Init
                0x0000163c       0x54 .\CortexM3\ARM_GCC_541\Debug\PSoC_Audio_MIDI.a(WaveDAC8_1.o)
                0x0000163c                WaveDAC8_1_Init
 .text.WaveDAC8_1_Enable
                0x00001690       0x38 .\CortexM3\ARM_GCC_541\Debug\PSoC_Audio_MIDI.a(WaveDAC8_1.o)
                0x00001690                WaveDAC8_1_Enable
 .text.WaveDAC8_1_Start
                0x000016c8       0x24 .\CortexM3\ARM_GCC_541\Debug\PSoC_Audio_MIDI.a(WaveDAC8_1.o)
                0x000016c8                WaveDAC8_1_Start
 .text.WaveDAC8_1_Stop
                0x000016ec       0x28 .\CortexM3\ARM_GCC_541\Debug\PSoC_Audio_MIDI.a(WaveDAC8_1.o)
                0x000016ec                WaveDAC8_1_Stop
 .text.WaveDAC8_1_Wave1Setup
                0x00001714       0x68 .\CortexM3\ARM_GCC_541\Debug\PSoC_Audio_MIDI.a(WaveDAC8_1.o)
                0x00001714                WaveDAC8_1_Wave1Setup
 .text.WaveDAC8_1_Wave2Setup
                0x0000177c       0x68 .\CortexM3\ARM_GCC_541\Debug\PSoC_Audio_MIDI.a(WaveDAC8_1.o)
                0x0000177c                WaveDAC8_1_Wave2Setup
 .text.Clock_1_SetDividerRegister
                0x000017e4      0x164 .\CortexM3\ARM_GCC_541\Debug\PSoC_Audio_MIDI.a(Clock_1.o)
                0x000017e4                Clock_1_SetDividerRegister
 .text.Clock_1_GetDividerRegister
                0x00001948       0x18 .\CortexM3\ARM_GCC_541\Debug\PSoC_Audio_MIDI.a(Clock_1.o)
                0x00001948                Clock_1_GetDividerRegister
 .text.Clock_1_GetSourceRegister
                0x00001960       0x1c .\CortexM3\ARM_GCC_541\Debug\PSoC_Audio_MIDI.a(Clock_1.o)
                0x00001960                Clock_1_GetSourceRegister
 .text.UART_1_Start
                0x0000197c       0x24 .\CortexM3\ARM_GCC_541\Debug\PSoC_Audio_MIDI.a(UART_1.o)
                0x0000197c                UART_1_Start
 .text.UART_1_Init
                0x000019a0       0x40 .\CortexM3\ARM_GCC_541\Debug\PSoC_Audio_MIDI.a(UART_1.o)
                0x000019a0                UART_1_Init
 .text.UART_1_Enable
                0x000019e0       0x60 .\CortexM3\ARM_GCC_541\Debug\PSoC_Audio_MIDI.a(UART_1.o)
                0x000019e0                UART_1_Enable
 .text.UART_1_PutChar
                0x00001a40       0x34 .\CortexM3\ARM_GCC_541\Debug\PSoC_Audio_MIDI.a(UART_1.o)
                0x00001a40                UART_1_PutChar
 .text.UART_1_PutString
                0x00001a74       0x44 .\CortexM3\ARM_GCC_541\Debug\PSoC_Audio_MIDI.a(UART_1.o)
                0x00001a74                UART_1_PutString
 .text.WaveDAC8_1_Wave1_DMA_DmaInitialize
                0x00001ab8       0x64 .\CortexM3\ARM_GCC_541\Debug\PSoC_Audio_MIDI.a(WaveDAC8_1_Wave1_DMA_dma.o)
                0x00001ab8                WaveDAC8_1_Wave1_DMA_DmaInitialize
 .text.WaveDAC8_1_Wave2_DMA_DmaInitialize
                0x00001b1c       0x64 .\CortexM3\ARM_GCC_541\Debug\PSoC_Audio_MIDI.a(WaveDAC8_1_Wave2_DMA_dma.o)
                0x00001b1c                WaveDAC8_1_Wave2_DMA_DmaInitialize
 .text.WaveDAC8_1_VDAC8_Init
                0x00001b80       0x3c .\CortexM3\ARM_GCC_541\Debug\PSoC_Audio_MIDI.a(WaveDAC8_1_VDAC8.o)
                0x00001b80                WaveDAC8_1_VDAC8_Init
 .text.WaveDAC8_1_VDAC8_Enable
                0x00001bbc       0x34 .\CortexM3\ARM_GCC_541\Debug\PSoC_Audio_MIDI.a(WaveDAC8_1_VDAC8.o)
                0x00001bbc                WaveDAC8_1_VDAC8_Enable
 .text.WaveDAC8_1_VDAC8_Stop
                0x00001bf0       0x34 .\CortexM3\ARM_GCC_541\Debug\PSoC_Audio_MIDI.a(WaveDAC8_1_VDAC8.o)
                0x00001bf0                WaveDAC8_1_VDAC8_Stop
 .text.WaveDAC8_1_VDAC8_SetSpeed
                0x00001c24       0x40 .\CortexM3\ARM_GCC_541\Debug\PSoC_Audio_MIDI.a(WaveDAC8_1_VDAC8.o)
                0x00001c24                WaveDAC8_1_VDAC8_SetSpeed
 .text.WaveDAC8_1_VDAC8_SetRange
                0x00001c64       0x40 .\CortexM3\ARM_GCC_541\Debug\PSoC_Audio_MIDI.a(WaveDAC8_1_VDAC8.o)
                0x00001c64                WaveDAC8_1_VDAC8_SetRange
 .text.WaveDAC8_1_VDAC8_SetValue
                0x00001ca4       0x20 .\CortexM3\ARM_GCC_541\Debug\PSoC_Audio_MIDI.a(WaveDAC8_1_VDAC8.o)
                0x00001ca4                WaveDAC8_1_VDAC8_SetValue
 .text.WaveDAC8_1_VDAC8_DacTrim
                0x00001cc4       0x3c .\CortexM3\ARM_GCC_541\Debug\PSoC_Audio_MIDI.a(WaveDAC8_1_VDAC8.o)
                0x00001cc4                WaveDAC8_1_VDAC8_DacTrim
 .text.WaveDAC8_1_BuffAmp_Init
                0x00001d00       0x10 .\CortexM3\ARM_GCC_541\Debug\PSoC_Audio_MIDI.a(WaveDAC8_1_BuffAmp.o)
                0x00001d00                WaveDAC8_1_BuffAmp_Init
 .text.WaveDAC8_1_BuffAmp_Enable
                0x00001d10       0x48 .\CortexM3\ARM_GCC_541\Debug\PSoC_Audio_MIDI.a(WaveDAC8_1_BuffAmp.o)
                0x00001d10                WaveDAC8_1_BuffAmp_Enable
 .text.WaveDAC8_1_BuffAmp_SetPower
                0x00001d58       0x40 .\CortexM3\ARM_GCC_541\Debug\PSoC_Audio_MIDI.a(WaveDAC8_1_BuffAmp.o)
                0x00001d58                WaveDAC8_1_BuffAmp_SetPower
 .text.UART_1_IntClock_Start
                0x00001d98       0x34 .\CortexM3\ARM_GCC_541\Debug\PSoC_Audio_MIDI.a(UART_1_IntClock.o)
                0x00001d98                UART_1_IntClock_Start
 .text.CyDmacConfigure
                0x00001dcc       0x5c .\CortexM3\ARM_GCC_541\Debug\PSoC_Audio_MIDI.a(CyDmac.o)
                0x00001dcc                CyDmacConfigure
 .text.CyDmaChEnable
                0x00001e28       0x8c .\CortexM3\ARM_GCC_541\Debug\PSoC_Audio_MIDI.a(CyDmac.o)
                0x00001e28                CyDmaChEnable
 .text.CyDmaChDisable
                0x00001eb4       0x60 .\CortexM3\ARM_GCC_541\Debug\PSoC_Audio_MIDI.a(CyDmac.o)
                0x00001eb4                CyDmaChDisable
 .text.CyDmaChPriority
                0x00001f14       0x64 .\CortexM3\ARM_GCC_541\Debug\PSoC_Audio_MIDI.a(CyDmac.o)
                0x00001f14                CyDmaChPriority
 .text.CyDmaChSetExtendedAddress
                0x00001f78       0x78 .\CortexM3\ARM_GCC_541\Debug\PSoC_Audio_MIDI.a(CyDmac.o)
                0x00001f78                CyDmaChSetExtendedAddress
 .text.CyDmaChSetInitialTd
                0x00001ff0       0x3c .\CortexM3\ARM_GCC_541\Debug\PSoC_Audio_MIDI.a(CyDmac.o)
                0x00001ff0                CyDmaChSetInitialTd
 .text.CyDmaChSetConfiguration
                0x0000202c       0xa0 .\CortexM3\ARM_GCC_541\Debug\PSoC_Audio_MIDI.a(CyDmac.o)
                0x0000202c                CyDmaChSetConfiguration
 .text.CyDmaTdAllocate
                0x000020cc       0x5c .\CortexM3\ARM_GCC_541\Debug\PSoC_Audio_MIDI.a(CyDmac.o)
                0x000020cc                CyDmaTdAllocate
 .text.CyDmaTdSetConfiguration
                0x00002128       0x80 .\CortexM3\ARM_GCC_541\Debug\PSoC_Audio_MIDI.a(CyDmac.o)
                0x00002128                CyDmaTdSetConfiguration
 .text.CyDmaTdSetAddress
                0x000021a8       0x5c .\CortexM3\ARM_GCC_541\Debug\PSoC_Audio_MIDI.a(CyDmac.o)
                0x000021a8                CyDmaTdSetAddress
 .text.CyHalt   0x00002204       0x18 .\CortexM3\ARM_GCC_541\Debug\PSoC_Audio_MIDI.a(CyLib.o)
                0x00002204                CyHalt
 .text.CyDelay  0x0000221c       0x44 .\CortexM3\ARM_GCC_541\Debug\PSoC_Audio_MIDI.a(CyLib.o)
                0x0000221c                CyDelay
 .text.CyDelayUs
                0x00002260       0x28 .\CortexM3\ARM_GCC_541\Debug\PSoC_Audio_MIDI.a(CyLib.o)
                0x00002260                CyDelayUs
 .text.CyIntSetVector
                0x00002288       0x50 .\CortexM3\ARM_GCC_541\Debug\PSoC_Audio_MIDI.a(CyLib.o)
                0x00002288                CyIntSetVector
 .text.CyIntSetPriority
                0x000022d8       0x48 .\CortexM3\ARM_GCC_541\Debug\PSoC_Audio_MIDI.a(CyLib.o)
                0x000022d8                CyIntSetPriority
 .text.Pin_Dice_1_Read
                0x00002320       0x20 .\CortexM3\ARM_GCC_541\Debug\PSoC_Audio_MIDI.a(Pin_Dice_1.o)
                0x00002320                Pin_Dice_1_Read
 .text.Pin_Dice_2_Read
                0x00002340       0x20 .\CortexM3\ARM_GCC_541\Debug\PSoC_Audio_MIDI.a(Pin_Dice_2.o)
                0x00002340                Pin_Dice_2_Read
 .text.Pin_Dice_LED_1_Write
                0x00002360       0x3c .\CortexM3\ARM_GCC_541\Debug\PSoC_Audio_MIDI.a(Pin_Dice_LED_1.o)
                0x00002360                Pin_Dice_LED_1_Write
 .text.Pin_Dice_LED_2_Write
                0x0000239c       0x3c .\CortexM3\ARM_GCC_541\Debug\PSoC_Audio_MIDI.a(Pin_Dice_LED_2.o)
                0x0000239c                Pin_Dice_LED_2_Write
 .text.isr_checkMode_StartEx
                0x000023d8       0x24 .\CortexM3\ARM_GCC_541\Debug\PSoC_Audio_MIDI.a(isr_checkMode.o)
                0x000023d8                isr_checkMode_StartEx
 .text.isr_checkMode_SetVector
                0x000023fc       0x24 .\CortexM3\ARM_GCC_541\Debug\PSoC_Audio_MIDI.a(isr_checkMode.o)
                0x000023fc                isr_checkMode_SetVector
 .text.isr_checkMode_SetPriority
                0x00002420       0x24 .\CortexM3\ARM_GCC_541\Debug\PSoC_Audio_MIDI.a(isr_checkMode.o)
                0x00002420                isr_checkMode_SetPriority
 .text.isr_checkMode_Enable
                0x00002444       0x18 .\CortexM3\ARM_GCC_541\Debug\PSoC_Audio_MIDI.a(isr_checkMode.o)
                0x00002444                isr_checkMode_Enable
 .text.isr_checkMode_Disable
                0x0000245c       0x18 .\CortexM3\ARM_GCC_541\Debug\PSoC_Audio_MIDI.a(isr_checkMode.o)
                0x0000245c                isr_checkMode_Disable
 .text.Timer_Mode_Init
                0x00002474       0xa0 .\CortexM3\ARM_GCC_541\Debug\PSoC_Audio_MIDI.a(Timer_Mode.o)
                0x00002474                Timer_Mode_Init
 .text.Timer_Mode_Enable
                0x00002514       0x48 .\CortexM3\ARM_GCC_541\Debug\PSoC_Audio_MIDI.a(Timer_Mode.o)
                0x00002514                Timer_Mode_Enable
 .text.Timer_Mode_Start
                0x0000255c       0x24 .\CortexM3\ARM_GCC_541\Debug\PSoC_Audio_MIDI.a(Timer_Mode.o)
                0x0000255c                Timer_Mode_Start
 .text.Timer_Mode_SetInterruptMode
                0x00002580       0x20 .\CortexM3\ARM_GCC_541\Debug\PSoC_Audio_MIDI.a(Timer_Mode.o)
                0x00002580                Timer_Mode_SetInterruptMode
 .text.Timer_Mode_ReadStatusRegister
                0x000025a0       0x18 .\CortexM3\ARM_GCC_541\Debug\PSoC_Audio_MIDI.a(Timer_Mode.o)
                0x000025a0                Timer_Mode_ReadStatusRegister
 .text.Timer_Mode_WritePeriod
                0x000025b8       0x24 .\CortexM3\ARM_GCC_541\Debug\PSoC_Audio_MIDI.a(Timer_Mode.o)
                0x000025b8                Timer_Mode_WritePeriod
 .text.Timer_Mode_WriteCounter
                0x000025dc       0x20 .\CortexM3\ARM_GCC_541\Debug\PSoC_Audio_MIDI.a(Timer_Mode.o)
                0x000025dc                Timer_Mode_WriteCounter
 .text.Clock_Mode_Start
                0x000025fc       0x34 .\CortexM3\ARM_GCC_541\Debug\PSoC_Audio_MIDI.a(Clock_Mode.o)
                0x000025fc                Clock_Mode_Start
 .text.but1_isr_pos_StartEx
                0x00002630       0x24 .\CortexM3\ARM_GCC_541\Debug\PSoC_Audio_MIDI.a(but1_isr_pos.o)
                0x00002630                but1_isr_pos_StartEx
 .text.but1_isr_pos_SetVector
                0x00002654       0x24 .\CortexM3\ARM_GCC_541\Debug\PSoC_Audio_MIDI.a(but1_isr_pos.o)
                0x00002654                but1_isr_pos_SetVector
 .text.but1_isr_pos_SetPriority
                0x00002678       0x24 .\CortexM3\ARM_GCC_541\Debug\PSoC_Audio_MIDI.a(but1_isr_pos.o)
                0x00002678                but1_isr_pos_SetPriority
 .text.but1_isr_pos_Enable
                0x0000269c       0x18 .\CortexM3\ARM_GCC_541\Debug\PSoC_Audio_MIDI.a(but1_isr_pos.o)
                0x0000269c                but1_isr_pos_Enable
 .text.but1_isr_pos_Disable
                0x000026b4       0x18 .\CortexM3\ARM_GCC_541\Debug\PSoC_Audio_MIDI.a(but1_isr_pos.o)
                0x000026b4                but1_isr_pos_Disable
 .text.but1_isr_neg_StartEx
                0x000026cc       0x24 .\CortexM3\ARM_GCC_541\Debug\PSoC_Audio_MIDI.a(but1_isr_neg.o)
                0x000026cc                but1_isr_neg_StartEx
 .text.but1_isr_neg_SetVector
                0x000026f0       0x24 .\CortexM3\ARM_GCC_541\Debug\PSoC_Audio_MIDI.a(but1_isr_neg.o)
                0x000026f0                but1_isr_neg_SetVector
 .text.but1_isr_neg_SetPriority
                0x00002714       0x24 .\CortexM3\ARM_GCC_541\Debug\PSoC_Audio_MIDI.a(but1_isr_neg.o)
                0x00002714                but1_isr_neg_SetPriority
 .text.but1_isr_neg_Enable
                0x00002738       0x18 .\CortexM3\ARM_GCC_541\Debug\PSoC_Audio_MIDI.a(but1_isr_neg.o)
                0x00002738                but1_isr_neg_Enable
 .text.but1_isr_neg_Disable
                0x00002750       0x18 .\CortexM3\ARM_GCC_541\Debug\PSoC_Audio_MIDI.a(but1_isr_neg.o)
                0x00002750                but1_isr_neg_Disable
 .text.debouncerClock_Start
                0x00002768       0x34 .\CortexM3\ARM_GCC_541\Debug\PSoC_Audio_MIDI.a(debouncerClock.o)
                0x00002768                debouncerClock_Start
 .text.but2_isr_pos_StartEx
                0x0000279c       0x24 .\CortexM3\ARM_GCC_541\Debug\PSoC_Audio_MIDI.a(but2_isr_pos.o)
                0x0000279c                but2_isr_pos_StartEx
 .text.but2_isr_pos_SetVector
                0x000027c0       0x24 .\CortexM3\ARM_GCC_541\Debug\PSoC_Audio_MIDI.a(but2_isr_pos.o)
                0x000027c0                but2_isr_pos_SetVector
 .text.but2_isr_pos_SetPriority
                0x000027e4       0x24 .\CortexM3\ARM_GCC_541\Debug\PSoC_Audio_MIDI.a(but2_isr_pos.o)
                0x000027e4                but2_isr_pos_SetPriority
 .text.but2_isr_pos_Enable
                0x00002808       0x18 .\CortexM3\ARM_GCC_541\Debug\PSoC_Audio_MIDI.a(but2_isr_pos.o)
                0x00002808                but2_isr_pos_Enable
 .text.but2_isr_pos_Disable
                0x00002820       0x18 .\CortexM3\ARM_GCC_541\Debug\PSoC_Audio_MIDI.a(but2_isr_pos.o)
                0x00002820                but2_isr_pos_Disable
 .text.but2_isr_neg_StartEx
                0x00002838       0x24 .\CortexM3\ARM_GCC_541\Debug\PSoC_Audio_MIDI.a(but2_isr_neg.o)
                0x00002838                but2_isr_neg_StartEx
 .text.but2_isr_neg_SetVector
                0x0000285c       0x24 .\CortexM3\ARM_GCC_541\Debug\PSoC_Audio_MIDI.a(but2_isr_neg.o)
                0x0000285c                but2_isr_neg_SetVector
 .text.but2_isr_neg_SetPriority
                0x00002880       0x24 .\CortexM3\ARM_GCC_541\Debug\PSoC_Audio_MIDI.a(but2_isr_neg.o)
                0x00002880                but2_isr_neg_SetPriority
 .text.but2_isr_neg_Enable
                0x000028a4       0x18 .\CortexM3\ARM_GCC_541\Debug\PSoC_Audio_MIDI.a(but2_isr_neg.o)
                0x000028a4                but2_isr_neg_Enable
 .text.but2_isr_neg_Disable
                0x000028bc       0x18 .\CortexM3\ARM_GCC_541\Debug\PSoC_Audio_MIDI.a(but2_isr_neg.o)
                0x000028bc                but2_isr_neg_Disable
 .text.but3_isr_pos_StartEx
                0x000028d4       0x24 .\CortexM3\ARM_GCC_541\Debug\PSoC_Audio_MIDI.a(but3_isr_pos.o)
                0x000028d4                but3_isr_pos_StartEx
 .text.but3_isr_pos_SetVector
                0x000028f8       0x24 .\CortexM3\ARM_GCC_541\Debug\PSoC_Audio_MIDI.a(but3_isr_pos.o)
                0x000028f8                but3_isr_pos_SetVector
 .text.but3_isr_pos_SetPriority
                0x0000291c       0x24 .\CortexM3\ARM_GCC_541\Debug\PSoC_Audio_MIDI.a(but3_isr_pos.o)
                0x0000291c                but3_isr_pos_SetPriority
 .text.but3_isr_pos_Enable
                0x00002940       0x18 .\CortexM3\ARM_GCC_541\Debug\PSoC_Audio_MIDI.a(but3_isr_pos.o)
                0x00002940                but3_isr_pos_Enable
 .text.but3_isr_pos_Disable
                0x00002958       0x18 .\CortexM3\ARM_GCC_541\Debug\PSoC_Audio_MIDI.a(but3_isr_pos.o)
                0x00002958                but3_isr_pos_Disable
 .text.but3_isr_neg_StartEx
                0x00002970       0x24 .\CortexM3\ARM_GCC_541\Debug\PSoC_Audio_MIDI.a(but3_isr_neg.o)
                0x00002970                but3_isr_neg_StartEx
 .text.but3_isr_neg_SetVector
                0x00002994       0x24 .\CortexM3\ARM_GCC_541\Debug\PSoC_Audio_MIDI.a(but3_isr_neg.o)
                0x00002994                but3_isr_neg_SetVector
 .text.but3_isr_neg_SetPriority
                0x000029b8       0x24 .\CortexM3\ARM_GCC_541\Debug\PSoC_Audio_MIDI.a(but3_isr_neg.o)
                0x000029b8                but3_isr_neg_SetPriority
 .text.but3_isr_neg_Enable
                0x000029dc       0x18 .\CortexM3\ARM_GCC_541\Debug\PSoC_Audio_MIDI.a(but3_isr_neg.o)
                0x000029dc                but3_isr_neg_Enable
 .text.but3_isr_neg_Disable
                0x000029f4       0x18 .\CortexM3\ARM_GCC_541\Debug\PSoC_Audio_MIDI.a(but3_isr_neg.o)
                0x000029f4                but3_isr_neg_Disable
 .text.analogBut_isr_StartEx
                0x00002a0c       0x24 .\CortexM3\ARM_GCC_541\Debug\PSoC_Audio_MIDI.a(analogBut_isr.o)
                0x00002a0c                analogBut_isr_StartEx
 .text.analogBut_isr_SetVector
                0x00002a30       0x24 .\CortexM3\ARM_GCC_541\Debug\PSoC_Audio_MIDI.a(analogBut_isr.o)
                0x00002a30                analogBut_isr_SetVector
 .text.analogBut_isr_SetPriority
                0x00002a54       0x24 .\CortexM3\ARM_GCC_541\Debug\PSoC_Audio_MIDI.a(analogBut_isr.o)
                0x00002a54                analogBut_isr_SetPriority
 .text.analogBut_isr_Enable
                0x00002a78       0x18 .\CortexM3\ARM_GCC_541\Debug\PSoC_Audio_MIDI.a(analogBut_isr.o)
                0x00002a78                analogBut_isr_Enable
 .text.analogBut_isr_Disable
                0x00002a90       0x18 .\CortexM3\ARM_GCC_541\Debug\PSoC_Audio_MIDI.a(analogBut_isr.o)
                0x00002a90                analogBut_isr_Disable
 .text.analogMUX_Start
                0x00002aa8       0x34 .\CortexM3\ARM_GCC_541\Debug\PSoC_Audio_MIDI.a(analogMUX.o)
                0x00002aa8                analogMUX_Start
 .text.analogMUX_Select
                0x00002adc       0x28 .\CortexM3\ARM_GCC_541\Debug\PSoC_Audio_MIDI.a(analogMUX.o)
                0x00002adc                analogMUX_Select
 .text.ADC_isr_StartEx
                0x00002b04       0x24 .\CortexM3\ARM_GCC_541\Debug\PSoC_Audio_MIDI.a(ADC_isr.o)
                0x00002b04                ADC_isr_StartEx
 .text.ADC_isr_SetVector
                0x00002b28       0x24 .\CortexM3\ARM_GCC_541\Debug\PSoC_Audio_MIDI.a(ADC_isr.o)
                0x00002b28                ADC_isr_SetVector
 .text.ADC_isr_SetPriority
                0x00002b4c       0x24 .\CortexM3\ARM_GCC_541\Debug\PSoC_Audio_MIDI.a(ADC_isr.o)
                0x00002b4c                ADC_isr_SetPriority
 .text.ADC_isr_Enable
                0x00002b70       0x18 .\CortexM3\ARM_GCC_541\Debug\PSoC_Audio_MIDI.a(ADC_isr.o)
                0x00002b70                ADC_isr_Enable
 .text.ADC_isr_Disable
                0x00002b88       0x18 .\CortexM3\ARM_GCC_541\Debug\PSoC_Audio_MIDI.a(ADC_isr.o)
                0x00002b88                ADC_isr_Disable
 .text.analogADC_Init
                0x00002ba0      0x158 .\CortexM3\ARM_GCC_541\Debug\PSoC_Audio_MIDI.a(analogADC.o)
                0x00002ba0                analogADC_Init
 .text.analogADC_Enable
                0x00002cf8      0x154 .\CortexM3\ARM_GCC_541\Debug\PSoC_Audio_MIDI.a(analogADC.o)
                0x00002cf8                analogADC_Enable
 .text.analogADC_Start
                0x00002e4c       0x30 .\CortexM3\ARM_GCC_541\Debug\PSoC_Audio_MIDI.a(analogADC.o)
                0x00002e4c                analogADC_Start
 .text.analogADC_StartConvert
                0x00002e7c       0x20 .\CortexM3\ARM_GCC_541\Debug\PSoC_Audio_MIDI.a(analogADC.o)
                0x00002e7c                analogADC_StartConvert
 .text.analogADC_GetResult16
                0x00002e9c       0x7c .\CortexM3\ARM_GCC_541\Debug\PSoC_Audio_MIDI.a(analogADC.o)
                0x00002e9c                analogADC_GetResult16
 .text.analogADC_InitConfig
                0x00002f18      0x410 .\CortexM3\ARM_GCC_541\Debug\PSoC_Audio_MIDI.a(analogADC.o)
 .text.analogADC_GainCompensation
                0x00003328      0x170 .\CortexM3\ARM_GCC_541\Debug\PSoC_Audio_MIDI.a(analogADC.o)
 .text.analogADC_SetDSMRef0Reg
                0x00003498       0x7c .\CortexM3\ARM_GCC_541\Debug\PSoC_Audio_MIDI.a(analogADC.o)
 .text.analogADC_ISR1
                0x00003514        0xc .\CortexM3\ARM_GCC_541\Debug\PSoC_Audio_MIDI.a(analogADC_INT.o)
                0x00003514                analogADC_ISR1
 .text.analogADC_ISR2
                0x00003520        0xc .\CortexM3\ARM_GCC_541\Debug\PSoC_Audio_MIDI.a(analogADC_INT.o)
                0x00003520                analogADC_ISR2
 .text.analogADC_ISR3
                0x0000352c        0xc .\CortexM3\ARM_GCC_541\Debug\PSoC_Audio_MIDI.a(analogADC_INT.o)
                0x0000352c                analogADC_ISR3
 .text.analogADC_ISR4
                0x00003538        0xc .\CortexM3\ARM_GCC_541\Debug\PSoC_Audio_MIDI.a(analogADC_INT.o)
                0x00003538                analogADC_ISR4
 .text.analogADC_AMux_Start
                0x00003544       0x34 .\CortexM3\ARM_GCC_541\Debug\PSoC_Audio_MIDI.a(analogADC_AMux.o)
                0x00003544                analogADC_AMux_Start
 .text.analogADC_AMux_Select
                0x00003578       0x28 .\CortexM3\ARM_GCC_541\Debug\PSoC_Audio_MIDI.a(analogADC_AMux.o)
                0x00003578                analogADC_AMux_Select
 .text.analogADC_Ext_CP_Clk_SetDividerRegister
                0x000035a0      0x164 .\CortexM3\ARM_GCC_541\Debug\PSoC_Audio_MIDI.a(analogADC_Ext_CP_Clk.o)
                0x000035a0                analogADC_Ext_CP_Clk_SetDividerRegister
 .text.analogADC_Ext_CP_Clk_GetDividerRegister
                0x00003704       0x18 .\CortexM3\ARM_GCC_541\Debug\PSoC_Audio_MIDI.a(analogADC_Ext_CP_Clk.o)
                0x00003704                analogADC_Ext_CP_Clk_GetDividerRegister
 .text.analogADC_Ext_CP_Clk_SetModeRegister
                0x0000371c       0x34 .\CortexM3\ARM_GCC_541\Debug\PSoC_Audio_MIDI.a(analogADC_Ext_CP_Clk.o)
                0x0000371c                analogADC_Ext_CP_Clk_SetModeRegister
 .text.analogADC_Ext_CP_Clk_GetSourceRegister
                0x00003750       0x1c .\CortexM3\ARM_GCC_541\Debug\PSoC_Audio_MIDI.a(analogADC_Ext_CP_Clk.o)
                0x00003750                analogADC_Ext_CP_Clk_GetSourceRegister
 .text.analogADC_theACLK_SetDividerRegister
                0x0000376c      0x164 .\CortexM3\ARM_GCC_541\Debug\PSoC_Audio_MIDI.a(analogADC_theACLK.o)
                0x0000376c                analogADC_theACLK_SetDividerRegister
 .text.analogADC_theACLK_GetDividerRegister
                0x000038d0       0x18 .\CortexM3\ARM_GCC_541\Debug\PSoC_Audio_MIDI.a(analogADC_theACLK.o)
                0x000038d0                analogADC_theACLK_GetDividerRegister
 .text.analogADC_theACLK_SetModeRegister
                0x000038e8       0x34 .\CortexM3\ARM_GCC_541\Debug\PSoC_Audio_MIDI.a(analogADC_theACLK.o)
                0x000038e8                analogADC_theACLK_SetModeRegister
 .text.analogADC_theACLK_GetSourceRegister
                0x0000391c       0x1c .\CortexM3\ARM_GCC_541\Debug\PSoC_Audio_MIDI.a(analogADC_theACLK.o)
                0x0000391c                analogADC_theACLK_GetSourceRegister
 .text.Pin_EchoReturn_ClearInterrupt
                0x00003938       0x20 .\CortexM3\ARM_GCC_541\Debug\PSoC_Audio_MIDI.a(Pin_EchoReturn.o)
                0x00003938                Pin_EchoReturn_ClearInterrupt
 .text.Pin_EchoTrig_Write
                0x00003958       0x38 .\CortexM3\ARM_GCC_541\Debug\PSoC_Audio_MIDI.a(Pin_EchoTrig.o)
                0x00003958                Pin_EchoTrig_Write
 .text.Clock_Echo_Start
                0x00003990       0x34 .\CortexM3\ARM_GCC_541\Debug\PSoC_Audio_MIDI.a(Clock_Echo.o)
                0x00003990                Clock_Echo_Start
 .text.Timer_Echo_Init
                0x000039c4       0x4c .\CortexM3\ARM_GCC_541\Debug\PSoC_Audio_MIDI.a(Timer_Echo.o)
                0x000039c4                Timer_Echo_Init
 .text.Timer_Echo_Enable
                0x00003a10        0xc .\CortexM3\ARM_GCC_541\Debug\PSoC_Audio_MIDI.a(Timer_Echo.o)
                0x00003a10                Timer_Echo_Enable
 .text.Timer_Echo_Start
                0x00003a1c       0x24 .\CortexM3\ARM_GCC_541\Debug\PSoC_Audio_MIDI.a(Timer_Echo.o)
                0x00003a1c                Timer_Echo_Start
 .text.Timer_Echo_SetInterruptMode
                0x00003a40       0x20 .\CortexM3\ARM_GCC_541\Debug\PSoC_Audio_MIDI.a(Timer_Echo.o)
                0x00003a40                Timer_Echo_SetInterruptMode
 .text.Timer_Echo_ReadStatusRegister
                0x00003a60       0x18 .\CortexM3\ARM_GCC_541\Debug\PSoC_Audio_MIDI.a(Timer_Echo.o)
                0x00003a60                Timer_Echo_ReadStatusRegister
 .text.Timer_Echo_ReadPeriod
                0x00003a78       0x18 .\CortexM3\ARM_GCC_541\Debug\PSoC_Audio_MIDI.a(Timer_Echo.o)
                0x00003a78                Timer_Echo_ReadPeriod
 .text.Timer_Echo_WritePeriod
                0x00003a90       0x20 .\CortexM3\ARM_GCC_541\Debug\PSoC_Audio_MIDI.a(Timer_Echo.o)
                0x00003a90                Timer_Echo_WritePeriod
 .text.Timer_Echo_ReadCapture
                0x00003ab0       0x18 .\CortexM3\ARM_GCC_541\Debug\PSoC_Audio_MIDI.a(Timer_Echo.o)
                0x00003ab0                Timer_Echo_ReadCapture
 .text.Timer_Echo_WriteCounter
                0x00003ac8       0x20 .\CortexM3\ARM_GCC_541\Debug\PSoC_Audio_MIDI.a(Timer_Echo.o)
                0x00003ac8                Timer_Echo_WriteCounter
 .text.Timer_Echo_ReadCounter
                0x00003ae8       0x20 .\CortexM3\ARM_GCC_541\Debug\PSoC_Audio_MIDI.a(Timer_Echo.o)
                0x00003ae8                Timer_Echo_ReadCounter
 .text.Timer_Echo_ClearFIFO
                0x00003b08       0x1c .\CortexM3\ARM_GCC_541\Debug\PSoC_Audio_MIDI.a(Timer_Echo.o)
                0x00003b08                Timer_Echo_ClearFIFO
 .text.isr_Echo_StartEx
                0x00003b24       0x24 .\CortexM3\ARM_GCC_541\Debug\PSoC_Audio_MIDI.a(isr_Echo.o)
                0x00003b24                isr_Echo_StartEx
 .text.isr_Echo_SetVector
                0x00003b48       0x24 .\CortexM3\ARM_GCC_541\Debug\PSoC_Audio_MIDI.a(isr_Echo.o)
                0x00003b48                isr_Echo_SetVector
 .text.isr_Echo_SetPriority
                0x00003b6c       0x24 .\CortexM3\ARM_GCC_541\Debug\PSoC_Audio_MIDI.a(isr_Echo.o)
                0x00003b6c                isr_Echo_SetPriority
 .text.isr_Echo_Enable
                0x00003b90       0x18 .\CortexM3\ARM_GCC_541\Debug\PSoC_Audio_MIDI.a(isr_Echo.o)
                0x00003b90                isr_Echo_Enable
 .text.isr_Echo_Disable
                0x00003ba8       0x18 .\CortexM3\ARM_GCC_541\Debug\PSoC_Audio_MIDI.a(isr_Echo.o)
                0x00003ba8                isr_Echo_Disable
 .text.Timer_Display_Init
                0x00003bc0       0x9c .\CortexM3\ARM_GCC_541\Debug\PSoC_Audio_MIDI.a(Timer_Display.o)
                0x00003bc0                Timer_Display_Init
 .text.Timer_Display_Enable
                0x00003c5c       0x48 .\CortexM3\ARM_GCC_541\Debug\PSoC_Audio_MIDI.a(Timer_Display.o)
                0x00003c5c                Timer_Display_Enable
 .text.Timer_Display_Start
                0x00003ca4       0x24 .\CortexM3\ARM_GCC_541\Debug\PSoC_Audio_MIDI.a(Timer_Display.o)
                0x00003ca4                Timer_Display_Start
 .text.Timer_Display_SetInterruptMode
                0x00003cc8       0x20 .\CortexM3\ARM_GCC_541\Debug\PSoC_Audio_MIDI.a(Timer_Display.o)
                0x00003cc8                Timer_Display_SetInterruptMode
 .text.Timer_Display_ReadStatusRegister
                0x00003ce8       0x18 .\CortexM3\ARM_GCC_541\Debug\PSoC_Audio_MIDI.a(Timer_Display.o)
                0x00003ce8                Timer_Display_ReadStatusRegister
 .text.Timer_Display_WritePeriod
                0x00003d00       0x24 .\CortexM3\ARM_GCC_541\Debug\PSoC_Audio_MIDI.a(Timer_Display.o)
                0x00003d00                Timer_Display_WritePeriod
 .text.Timer_Display_WriteCounter
                0x00003d24       0x20 .\CortexM3\ARM_GCC_541\Debug\PSoC_Audio_MIDI.a(Timer_Display.o)
                0x00003d24                Timer_Display_WriteCounter
 .text.UART_TOESP_Start
                0x00003d44       0x24 .\CortexM3\ARM_GCC_541\Debug\PSoC_Audio_MIDI.a(UART_TOESP.o)
                0x00003d44                UART_TOESP_Start
 .text.UART_TOESP_Init
                0x00003d68       0x40 .\CortexM3\ARM_GCC_541\Debug\PSoC_Audio_MIDI.a(UART_TOESP.o)
                0x00003d68                UART_TOESP_Init
 .text.UART_TOESP_Enable
                0x00003da8       0x60 .\CortexM3\ARM_GCC_541\Debug\PSoC_Audio_MIDI.a(UART_TOESP.o)
                0x00003da8                UART_TOESP_Enable
 .text.UART_TOESP_PutChar
                0x00003e08       0x34 .\CortexM3\ARM_GCC_541\Debug\PSoC_Audio_MIDI.a(UART_TOESP.o)
                0x00003e08                UART_TOESP_PutChar
 .text.UART_TOESP_PutString
                0x00003e3c       0x44 .\CortexM3\ARM_GCC_541\Debug\PSoC_Audio_MIDI.a(UART_TOESP.o)
                0x00003e3c                UART_TOESP_PutString
 .text.UART_TOESP_IntClock_Start
                0x00003e80       0x34 .\CortexM3\ARM_GCC_541\Debug\PSoC_Audio_MIDI.a(UART_TOESP_IntClock.o)
                0x00003e80                UART_TOESP_IntClock_Start
 .text.isr_updateESP_StartEx
                0x00003eb4       0x24 .\CortexM3\ARM_GCC_541\Debug\PSoC_Audio_MIDI.a(isr_updateESP.o)
                0x00003eb4                isr_updateESP_StartEx
 .text.isr_updateESP_SetVector
                0x00003ed8       0x24 .\CortexM3\ARM_GCC_541\Debug\PSoC_Audio_MIDI.a(isr_updateESP.o)
                0x00003ed8                isr_updateESP_SetVector
 .text.isr_updateESP_SetPriority
                0x00003efc       0x24 .\CortexM3\ARM_GCC_541\Debug\PSoC_Audio_MIDI.a(isr_updateESP.o)
                0x00003efc                isr_updateESP_SetPriority
 .text.isr_updateESP_Enable
                0x00003f20       0x18 .\CortexM3\ARM_GCC_541\Debug\PSoC_Audio_MIDI.a(isr_updateESP.o)
                0x00003f20                isr_updateESP_Enable
 .text.isr_updateESP_Disable
                0x00003f38       0x18 .\CortexM3\ARM_GCC_541\Debug\PSoC_Audio_MIDI.a(isr_updateESP.o)
                0x00003f38                isr_updateESP_Disable
 .text.WaveDAC8_2_Init
                0x00003f50       0x54 .\CortexM3\ARM_GCC_541\Debug\PSoC_Audio_MIDI.a(WaveDAC8_2.o)
                0x00003f50                WaveDAC8_2_Init
 .text.WaveDAC8_2_Enable
                0x00003fa4       0x38 .\CortexM3\ARM_GCC_541\Debug\PSoC_Audio_MIDI.a(WaveDAC8_2.o)
                0x00003fa4                WaveDAC8_2_Enable
 .text.WaveDAC8_2_Start
                0x00003fdc       0x24 .\CortexM3\ARM_GCC_541\Debug\PSoC_Audio_MIDI.a(WaveDAC8_2.o)
                0x00003fdc                WaveDAC8_2_Start
 .text.WaveDAC8_2_Stop
                0x00004000       0x28 .\CortexM3\ARM_GCC_541\Debug\PSoC_Audio_MIDI.a(WaveDAC8_2.o)
                0x00004000                WaveDAC8_2_Stop
 .text.WaveDAC8_2_Wave1Setup
                0x00004028       0x68 .\CortexM3\ARM_GCC_541\Debug\PSoC_Audio_MIDI.a(WaveDAC8_2.o)
                0x00004028                WaveDAC8_2_Wave1Setup
 .text.WaveDAC8_2_Wave2Setup
                0x00004090       0x68 .\CortexM3\ARM_GCC_541\Debug\PSoC_Audio_MIDI.a(WaveDAC8_2.o)
                0x00004090                WaveDAC8_2_Wave2Setup
 .text.WaveDAC8_2_Wave1_DMA_DmaInitialize
                0x000040f8       0x64 .\CortexM3\ARM_GCC_541\Debug\PSoC_Audio_MIDI.a(WaveDAC8_2_Wave1_DMA_dma.o)
                0x000040f8                WaveDAC8_2_Wave1_DMA_DmaInitialize
 .text.WaveDAC8_2_Wave2_DMA_DmaInitialize
                0x0000415c       0x64 .\CortexM3\ARM_GCC_541\Debug\PSoC_Audio_MIDI.a(WaveDAC8_2_Wave2_DMA_dma.o)
                0x0000415c                WaveDAC8_2_Wave2_DMA_DmaInitialize
 .text.WaveDAC8_2_VDAC8_Init
                0x000041c0       0x3c .\CortexM3\ARM_GCC_541\Debug\PSoC_Audio_MIDI.a(WaveDAC8_2_VDAC8.o)
                0x000041c0                WaveDAC8_2_VDAC8_Init
 .text.WaveDAC8_2_VDAC8_Enable
                0x000041fc       0x34 .\CortexM3\ARM_GCC_541\Debug\PSoC_Audio_MIDI.a(WaveDAC8_2_VDAC8.o)
                0x000041fc                WaveDAC8_2_VDAC8_Enable
 .text.WaveDAC8_2_VDAC8_Stop
                0x00004230       0x34 .\CortexM3\ARM_GCC_541\Debug\PSoC_Audio_MIDI.a(WaveDAC8_2_VDAC8.o)
                0x00004230                WaveDAC8_2_VDAC8_Stop
 .text.WaveDAC8_2_VDAC8_SetSpeed
                0x00004264       0x40 .\CortexM3\ARM_GCC_541\Debug\PSoC_Audio_MIDI.a(WaveDAC8_2_VDAC8.o)
                0x00004264                WaveDAC8_2_VDAC8_SetSpeed
 .text.WaveDAC8_2_VDAC8_SetRange
                0x000042a4       0x40 .\CortexM3\ARM_GCC_541\Debug\PSoC_Audio_MIDI.a(WaveDAC8_2_VDAC8.o)
                0x000042a4                WaveDAC8_2_VDAC8_SetRange
 .text.WaveDAC8_2_VDAC8_SetValue
                0x000042e4       0x20 .\CortexM3\ARM_GCC_541\Debug\PSoC_Audio_MIDI.a(WaveDAC8_2_VDAC8.o)
                0x000042e4                WaveDAC8_2_VDAC8_SetValue
 .text.WaveDAC8_2_VDAC8_DacTrim
                0x00004304       0x3c .\CortexM3\ARM_GCC_541\Debug\PSoC_Audio_MIDI.a(WaveDAC8_2_VDAC8.o)
                0x00004304                WaveDAC8_2_VDAC8_DacTrim
 .text.WaveDAC8_2_BuffAmp_Init
                0x00004340       0x10 .\CortexM3\ARM_GCC_541\Debug\PSoC_Audio_MIDI.a(WaveDAC8_2_BuffAmp.o)
                0x00004340                WaveDAC8_2_BuffAmp_Init
 .text.WaveDAC8_2_BuffAmp_Enable
                0x00004350       0x48 .\CortexM3\ARM_GCC_541\Debug\PSoC_Audio_MIDI.a(WaveDAC8_2_BuffAmp.o)
                0x00004350                WaveDAC8_2_BuffAmp_Enable
 .text.WaveDAC8_2_BuffAmp_SetPower
                0x00004398       0x40 .\CortexM3\ARM_GCC_541\Debug\PSoC_Audio_MIDI.a(WaveDAC8_2_BuffAmp.o)
                0x00004398                WaveDAC8_2_BuffAmp_SetPower
 .text          0x000043d8       0x20 .\CortexM3\ARM_GCC_541\Debug\PSoC_Audio_MIDI.a(CyBootAsmGnu.o)
                0x000043d8                CyDelayCycles
                0x000043e8                CyEnterCriticalSection
                0x000043f0                CyExitCriticalSection
 .text          0x000043f8      0x370 c:/program files (x86)/cypress/psoc creator/4.4/psoc creator/import/gnu/arm/5.4.1/bin/../lib/gcc/arm-none-eabi/5.4.1/armv7-m\libgcc.a(_arm_addsubdf3.o)
                0x000043f8                __aeabi_drsub
                0x00004400                __aeabi_dsub
                0x00004400                __subdf3
                0x00004404                __aeabi_dadd
                0x00004404                __adddf3
                0x0000467c                __floatunsidf
                0x0000467c                __aeabi_ui2d
                0x0000469c                __floatsidf
                0x0000469c                __aeabi_i2d
                0x000046c0                __aeabi_f2d
                0x000046c0                __extendsfdf2
                0x000046fc                __floatundidf
                0x000046fc                __aeabi_ul2d
                0x0000470c                __floatdidf
                0x0000470c                __aeabi_l2d
 .text          0x00004768      0x424 c:/program files (x86)/cypress/psoc creator/4.4/psoc creator/import/gnu/arm/5.4.1/bin/../lib/gcc/arm-none-eabi/5.4.1/armv7-m\libgcc.a(_arm_muldivdf3.o)
                0x00004768                __aeabi_dmul
                0x00004768                __muldf3
                0x000049bc                __divdf3
                0x000049bc                __aeabi_ddiv
 .text          0x00004b8c       0x50 c:/program files (x86)/cypress/psoc creator/4.4/psoc creator/import/gnu/arm/5.4.1/bin/../lib/gcc/arm-none-eabi/5.4.1/armv7-m\libgcc.a(_arm_fixdfsi.o)
                0x00004b8c                __aeabi_d2iz
                0x00004b8c                __fixdfsi
 .text          0x00004bdc       0x40 c:/program files (x86)/cypress/psoc creator/4.4/psoc creator/import/gnu/arm/5.4.1/bin/../lib/gcc/arm-none-eabi/5.4.1/armv7-m\libgcc.a(_arm_fixunsdfsi.o)
                0x00004bdc                __aeabi_d2uiz
                0x00004bdc                __fixunsdfsi
 .text.__errno  0x00004c1c        0xc c:/program files (x86)/cypress/psoc creator/4.4/psoc creator/import/gnu/arm/5.4.1/bin/../lib/gcc/arm-none-eabi/5.4.1/../../../../arm-none-eabi/lib/armv7-m\libg_nano.a(lib_a-errno.o)
                0x00004c1c                __errno
 .text.__libc_init_array
                0x00004c28       0x4c c:/program files (x86)/cypress/psoc creator/4.4/psoc creator/import/gnu/arm/5.4.1/bin/../lib/gcc/arm-none-eabi/5.4.1/../../../../arm-none-eabi/lib/armv7-m\libg_nano.a(lib_a-init.o)
                0x00004c28                __libc_init_array
 .text.memcpy   0x00004c74       0x16 c:/program files (x86)/cypress/psoc creator/4.4/psoc creator/import/gnu/arm/5.4.1/bin/../lib/gcc/arm-none-eabi/5.4.1/../../../../arm-none-eabi/lib/armv7-m\libg_nano.a(lib_a-memcpy-stub.o)
                0x00004c74                memcpy
 .text.memset   0x00004c8a       0x10 c:/program files (x86)/cypress/psoc creator/4.4/psoc creator/import/gnu/arm/5.4.1/bin/../lib/gcc/arm-none-eabi/5.4.1/../../../../arm-none-eabi/lib/armv7-m\libg_nano.a(lib_a-memset.o)
                0x00004c8a                memset
 *fill*         0x00004c9a        0x2 
 .text.sprintf  0x00004c9c       0x48 c:/program files (x86)/cypress/psoc creator/4.4/psoc creator/import/gnu/arm/5.4.1/bin/../lib/gcc/arm-none-eabi/5.4.1/../../../../arm-none-eabi/lib/armv7-m\libg_nano.a(lib_a-sprintf.o)
                0x00004c9c                siprintf
                0x00004c9c                sprintf
 .text.__ssputs_r
                0x00004ce4       0xb2 c:/program files (x86)/cypress/psoc creator/4.4/psoc creator/import/gnu/arm/5.4.1/bin/../lib/gcc/arm-none-eabi/5.4.1/../../../../arm-none-eabi/lib/armv7-m\libg_nano.a(lib_a-nano-svfprintf.o)
                0x00004ce4                __ssputs_r
 *fill*         0x00004d96        0x2 
 .text._svfprintf_r
                0x00004d98      0x1e8 c:/program files (x86)/cypress/psoc creator/4.4/psoc creator/import/gnu/arm/5.4.1/bin/../lib/gcc/arm-none-eabi/5.4.1/../../../../arm-none-eabi/lib/armv7-m\libg_nano.a(lib_a-nano-svfprintf.o)
                0x00004d98                _svfiprintf_r
                0x00004d98                _svfprintf_r
 .text._printf_common
                0x00004f80       0xec c:/program files (x86)/cypress/psoc creator/4.4/psoc creator/import/gnu/arm/5.4.1/bin/../lib/gcc/arm-none-eabi/5.4.1/../../../../arm-none-eabi/lib/armv7-m\libg_nano.a(lib_a-nano-vfprintf_i.o)
                0x00004f80                _printf_common
 .text._printf_i
                0x0000506c      0x24c c:/program files (x86)/cypress/psoc creator/4.4/psoc creator/import/gnu/arm/5.4.1/bin/../lib/gcc/arm-none-eabi/5.4.1/../../../../arm-none-eabi/lib/armv7-m\libg_nano.a(lib_a-nano-vfprintf_i.o)
                0x0000506c                _printf_i
 .text.memchr   0x000052b8       0x1c c:/program files (x86)/cypress/psoc creator/4.4/psoc creator/import/gnu/arm/5.4.1/bin/../lib/gcc/arm-none-eabi/5.4.1/../../../../arm-none-eabi/lib/armv7-m\libg_nano.a(lib_a-memchr-stub.o)
                0x000052b8                memchr
 .text.memmove  0x000052d4       0x36 c:/program files (x86)/cypress/psoc creator/4.4/psoc creator/import/gnu/arm/5.4.1/bin/../lib/gcc/arm-none-eabi/5.4.1/../../../../arm-none-eabi/lib/armv7-m\libg_nano.a(lib_a-memmove.o)
                0x000052d4                memmove
 *fill*         0x0000530a        0x2 
 .text._free_r  0x0000530c       0x98 c:/program files (x86)/cypress/psoc creator/4.4/psoc creator/import/gnu/arm/5.4.1/bin/../lib/gcc/arm-none-eabi/5.4.1/../../../../arm-none-eabi/lib/armv7-m\libg_nano.a(lib_a-nano-freer.o)
                0x0000530c                _free_r
 .text._malloc_r
                0x000053a4       0xbc c:/program files (x86)/cypress/psoc creator/4.4/psoc creator/import/gnu/arm/5.4.1/bin/../lib/gcc/arm-none-eabi/5.4.1/../../../../arm-none-eabi/lib/armv7-m\libg_nano.a(lib_a-nano-mallocr.o)
                0x000053a4                _malloc_r
 .text._realloc_r
                0x00005460       0x4c c:/program files (x86)/cypress/psoc creator/4.4/psoc creator/import/gnu/arm/5.4.1/bin/../lib/gcc/arm-none-eabi/5.4.1/../../../../arm-none-eabi/lib/armv7-m\libg_nano.a(lib_a-nano-reallocr.o)
                0x00005460                _realloc_r
 .text._sbrk_r  0x000054ac       0x20 c:/program files (x86)/cypress/psoc creator/4.4/psoc creator/import/gnu/arm/5.4.1/bin/../lib/gcc/arm-none-eabi/5.4.1/../../../../arm-none-eabi/lib/armv7-m\libg_nano.a(lib_a-sbrkr.o)
                0x000054ac                _sbrk_r
 .text.__malloc_lock
                0x000054cc        0x2 c:/program files (x86)/cypress/psoc creator/4.4/psoc creator/import/gnu/arm/5.4.1/bin/../lib/gcc/arm-none-eabi/5.4.1/../../../../arm-none-eabi/lib/armv7-m\libg_nano.a(lib_a-mlock.o)
                0x000054cc                __malloc_lock
 .text.__malloc_unlock
                0x000054ce        0x2 c:/program files (x86)/cypress/psoc creator/4.4/psoc creator/import/gnu/arm/5.4.1/bin/../lib/gcc/arm-none-eabi/5.4.1/../../../../arm-none-eabi/lib/armv7-m\libg_nano.a(lib_a-mlock.o)
                0x000054ce                __malloc_unlock
 .text._malloc_usable_size_r
                0x000054d0       0x14 c:/program files (x86)/cypress/psoc creator/4.4/psoc creator/import/gnu/arm/5.4.1/bin/../lib/gcc/arm-none-eabi/5.4.1/../../../../arm-none-eabi/lib/armv7-m\libg_nano.a(lib_a-nano-msizer.o)
                0x000054d0                _malloc_usable_size_r
 *(.plt)
 *(.gnu.warning)
 *(.glue_7t)
 .glue_7t       0x000054e4        0x0 linker stubs
 *(.glue_7)
 .glue_7        0x000054e4        0x0 linker stubs
 *(.vfp11_veneer)
 .vfp11_veneer  0x000054e4        0x0 linker stubs
 *(.bootloader)
 *(.ARM.extab* .gnu.linkonce.armextab.*)
 *(.gcc_except_table)

.v4_bx          0x000054e4        0x0
 .v4_bx         0x000054e4        0x0 linker stubs

.iplt           0x000054e4        0x0
 .iplt          0x000054e4        0x0 c:/program files (x86)/cypress/psoc creator/4.4/psoc creator/import/gnu/arm/5.4.1/bin/../lib/gcc/arm-none-eabi/5.4.1/armv7-m/crtbegin.o

.eh_frame_hdr
 *(.eh_frame_hdr)

.eh_frame       0x000054e4        0x4
 *(.eh_frame)
 .eh_frame      0x000054e4        0x0 c:/program files (x86)/cypress/psoc creator/4.4/psoc creator/import/gnu/arm/5.4.1/bin/../lib/gcc/arm-none-eabi/5.4.1/armv7-m/crtbegin.o
 .eh_frame      0x000054e4        0x4 c:/program files (x86)/cypress/psoc creator/4.4/psoc creator/import/gnu/arm/5.4.1/bin/../lib/gcc/arm-none-eabi/5.4.1/armv7-m/crtend.o
                [!provide]                PROVIDE (__exidx_start, .)

.ARM.exidx
 *(.ARM.exidx* .gnu.linkonce.armexidx.*)
                0x000054e8                __exidx_end = .

.rodata         0x000054e8     0x1728
 *(.rodata .rodata.* .gnu.linkonce.r.*)
 .rodata        0x000054e8     0x14ce .\CortexM3\ARM_GCC_541\Debug\main.o
                0x000059e3                DISPLAY_ADDRESS
                0x000059e4                notes
                0x00005b28                intFrequency
                0x00005c00                frequency
                0x00005f60                cGROUPS_LENGTH
                0x00005f61                cSCALES_LENGTH
                0x00005f64                cScales
                0x000060e4                cScaleNames
 *fill*         0x000069b6        0x2 
 .rodata        0x000069b8       0x56 .\CortexM3\ARM_GCC_541\Debug\cyfitter_cfg.o
                0x000069b8                analogADC_AMux__addrTable
                0x000069c0                analogADC_AMux__maskTable
                0x000069c4                analogMUX__addrTable
                0x000069d4                analogMUX__maskTable
 *fill*         0x00006a0e        0x2 
 .rodata        0x00006a10       0xc8 .\CortexM3\ARM_GCC_541\Debug\PSoC_Audio_MIDI.a(WaveDAC8_1.o)
                0x00006a10                WaveDAC8_1_wave1
                0x00006a74                WaveDAC8_1_wave2
 .rodata        0x00006ad8       0xc8 .\CortexM3\ARM_GCC_541\Debug\PSoC_Audio_MIDI.a(WaveDAC8_2.o)
                0x00006ad8                WaveDAC8_2_wave1
                0x00006b3c                WaveDAC8_2_wave2
 .rodata.str1.1
                0x00006ba0        0x2 c:/program files (x86)/cypress/psoc creator/4.4/psoc creator/import/gnu/arm/5.4.1/bin/../lib/gcc/arm-none-eabi/5.4.1/../../../../arm-none-eabi/lib/armv7-m\libg_nano.a(lib_a-impure.o)
 .rodata.str1.1
                0x00006ba2       0x11 c:/program files (x86)/cypress/psoc creator/4.4/psoc creator/import/gnu/arm/5.4.1/bin/../lib/gcc/arm-none-eabi/5.4.1/../../../../arm-none-eabi/lib/armv7-m\libg_nano.a(lib_a-nano-svfprintf.o)
 .rodata.str1.1
                0x00006bb3       0x22 c:/program files (x86)/cypress/psoc creator/4.4/psoc creator/import/gnu/arm/5.4.1/bin/../lib/gcc/arm-none-eabi/5.4.1/../../../../arm-none-eabi/lib/armv7-m\libg_nano.a(lib_a-nano-vfprintf_i.o)
                0x00006bd8                . = ALIGN (0x4)
 *fill*         0x00006bd5        0x3 
 *(.init)
 .init          0x00006bd8        0x4 c:/program files (x86)/cypress/psoc creator/4.4/psoc creator/import/gnu/arm/5.4.1/bin/../lib/gcc/arm-none-eabi/5.4.1/armv7-m/crti.o
                0x00006bd8                _init
 .init          0x00006bdc        0x8 c:/program files (x86)/cypress/psoc creator/4.4/psoc creator/import/gnu/arm/5.4.1/bin/../lib/gcc/arm-none-eabi/5.4.1/armv7-m/crtn.o
                0x00006be4                . = ALIGN (0x4)
                0x00006be4                __preinit_array_start = .
 *(.preinit_array)
                0x00006be4                __preinit_array_end = .
                0x00006be4                . = ALIGN (0x4)
                0x00006be4                __init_array_start = .
 *(SORT(.init_array.*))
 *(.init_array)
 .init_array    0x00006be4        0x4 c:/program files (x86)/cypress/psoc creator/4.4/psoc creator/import/gnu/arm/5.4.1/bin/../lib/gcc/arm-none-eabi/5.4.1/armv7-m/crtbegin.o
 .init_array    0x00006be8        0x4 .\CortexM3\ARM_GCC_541\Debug\Cm3Start.o
                0x00006bec                __init_array_end = .
                0x00006bec                . = ALIGN (0x4)
 *(.fini)
 .fini          0x00006bec        0x4 c:/program files (x86)/cypress/psoc creator/4.4/psoc creator/import/gnu/arm/5.4.1/bin/../lib/gcc/arm-none-eabi/5.4.1/armv7-m/crti.o
                0x00006bec                _fini
 .fini          0x00006bf0        0x8 c:/program files (x86)/cypress/psoc creator/4.4/psoc creator/import/gnu/arm/5.4.1/bin/../lib/gcc/arm-none-eabi/5.4.1/armv7-m/crtn.o
                0x00006bf8                . = ALIGN (0x4)
                0x00006bf8                __fini_array_start = .
 *(.fini_array)
 .fini_array    0x00006bf8        0x4 c:/program files (x86)/cypress/psoc creator/4.4/psoc creator/import/gnu/arm/5.4.1/bin/../lib/gcc/arm-none-eabi/5.4.1/armv7-m/crtbegin.o
 *(SORT(.fini_array.*))
                0x00006bfc                __fini_array_end = .
                0x00006bfc                . = ALIGN (0x4)
 *crtbegin.o(.ctors)
 *(EXCLUDE_FILE(*crtend.o) .ctors)
 *(SORT(.ctors.*))
 *crtend.o(.ctors)
                0x00006bfc                . = ALIGN (0x4)
 *crtbegin.o(.dtors)
 *(EXCLUDE_FILE(*crtend.o) .dtors)
 *(SORT(.dtors.*))
 *crtend.o(.dtors)
                0x00006bfc                . = ALIGN (0x4)
                0x00006bfc                __cy_regions = .
                0x00006bfc        0x4 LONG 0x6c10 __cy_region_init_ram
                0x00006c00        0x4 LONG 0x1fff80c8 __cy_region_start_data
                0x00006c04        0x4 LONG 0xa78 __cy_region_init_size_ram
                0x00006c08        0x4 LONG 0x178 __cy_region_zero_size_ram
                0x00006c0c                __cy_regions_end = .
                0x00006c10                . = ALIGN (0x8)
 *fill*         0x00006c0c        0x4 
                0x00006c10                _etext = .

.cy_checksum_exclude
                0x00006c10        0x0
 *(.cy_checksum_exclude)

.ramvectors     0x1fff8000       0xc0
                0x1fff8000                __cy_region_start_ram = .
 *(.ramvectors)
 .ramvectors    0x1fff8000       0xc0 .\CortexM3\ARM_GCC_541\Debug\Cm3Start.o
                0x1fff8000                CyRamVectors

.noinit         0x1fff80c0        0x5
 *(.noinit)
 .noinit        0x1fff80c0        0x4 .\CortexM3\ARM_GCC_541\Debug\Cm3Start.o
 .noinit        0x1fff80c4        0x1 .\CortexM3\ARM_GCC_541\Debug\PSoC_Audio_MIDI.a(CyLib.o)
                0x1fff80c4                CyResetStatus

.data           0x1fff80c8      0xa78 load address 0x00006c10
                0x1fff80c8                __cy_region_start_data = .
 *(.jcr)
 .jcr           0x1fff80c8        0x0 c:/program files (x86)/cypress/psoc creator/4.4/psoc creator/import/gnu/arm/5.4.1/bin/../lib/gcc/arm-none-eabi/5.4.1/armv7-m/crtbegin.o
 .jcr           0x1fff80c8        0x4 c:/program files (x86)/cypress/psoc creator/4.4/psoc creator/import/gnu/arm/5.4.1/bin/../lib/gcc/arm-none-eabi/5.4.1/armv7-m/crtend.o
 *(.got.plt)
 *(.got)
 *(.shdata)
 *(.data .data.* .gnu.linkonce.d.*)
 .data          0x1fff80cc      0x9e6 .\CortexM3\ARM_GCC_541\Debug\main.o
                0x1fff80cc                squarewave
                0x1fff82c4                sinewave
                0x1fff84bc                trianglewave
                0x1fff86b4                sawtooth
                0x1fff88ac                squareXSine
                0x1fff8aa2                delayMS
                0x1fff8aa4                mode
                0x1fff8aa5                checkingMode
                0x1fff8aa6                lastMode
                0x1fff8aa8                freqClockDivCounter
                0x1fff8aaa                sendDatatoESP
                0x1fff8aab                cScaleGroupSelect
                0x1fff8aac                cScaleSelect
                0x1fff8aad                octaveSelect
                0x1fff8aae                offsetUp
                0x1fff8ab0                echoTuneDelay
 *fill*         0x1fff8ab2        0x2 
 .data          0x1fff8ab4        0x4 .\CortexM3\ARM_GCC_541\Debug\Cm3Start.o
 .data          0x1fff8ab8        0x1 .\CortexM3\ARM_GCC_541\Debug\PSoC_Audio_MIDI.a(WaveDAC8_1_Wave1_DMA_dma.o)
                0x1fff8ab8                WaveDAC8_1_Wave1_DMA_DmaHandle
 .data          0x1fff8ab9        0x1 .\CortexM3\ARM_GCC_541\Debug\PSoC_Audio_MIDI.a(WaveDAC8_1_Wave2_DMA_dma.o)
                0x1fff8ab9                WaveDAC8_1_Wave2_DMA_DmaHandle
 *fill*         0x1fff8aba        0x2 
 .data          0x1fff8abc        0x8 .\CortexM3\ARM_GCC_541\Debug\PSoC_Audio_MIDI.a(CyDmac.o)
 .data          0x1fff8ac4       0x10 .\CortexM3\ARM_GCC_541\Debug\PSoC_Audio_MIDI.a(CyLib.o)
                0x1fff8ac4                cydelay_freq_hz
                0x1fff8ac8                cydelay_freq_khz
                0x1fff8acc                cydelay_freq_mhz
                0x1fff8ad0                cydelay_32k_ms
 .data          0x1fff8ad4        0x1 .\CortexM3\ARM_GCC_541\Debug\PSoC_Audio_MIDI.a(analogMUX.o)
 .data          0x1fff8ad5        0x1 .\CortexM3\ARM_GCC_541\Debug\PSoC_Audio_MIDI.a(analogADC.o)
                0x1fff8ad5                analogADC_Config
 .data          0x1fff8ad6        0x1 .\CortexM3\ARM_GCC_541\Debug\PSoC_Audio_MIDI.a(analogADC_AMux.o)
 .data          0x1fff8ad7        0x1 .\CortexM3\ARM_GCC_541\Debug\PSoC_Audio_MIDI.a(WaveDAC8_2_Wave1_DMA_dma.o)
                0x1fff8ad7                WaveDAC8_2_Wave1_DMA_DmaHandle
 .data          0x1fff8ad8        0x1 .\CortexM3\ARM_GCC_541\Debug\PSoC_Audio_MIDI.a(WaveDAC8_2_Wave2_DMA_dma.o)
                0x1fff8ad8                WaveDAC8_2_Wave2_DMA_DmaHandle
 *fill*         0x1fff8ad9        0x3 
 .data.impure_data
                0x1fff8adc       0x60 c:/program files (x86)/cypress/psoc creator/4.4/psoc creator/import/gnu/arm/5.4.1/bin/../lib/gcc/arm-none-eabi/5.4.1/../../../../arm-none-eabi/lib/armv7-m\libg_nano.a(lib_a-impure.o)
 .data._impure_ptr
                0x1fff8b3c        0x4 c:/program files (x86)/cypress/psoc creator/4.4/psoc creator/import/gnu/arm/5.4.1/bin/../lib/gcc/arm-none-eabi/5.4.1/../../../../arm-none-eabi/lib/armv7-m\libg_nano.a(lib_a-impure.o)
                0x1fff8b3c                _impure_ptr
                0x1fff8b40                . = ALIGN (0x8)
 *(.ram)
                0x1fff8b40                _edata = .

.igot.plt       0x1fff8b40        0x0 load address 0x00007688
 .igot.plt      0x1fff8b40        0x0 c:/program files (x86)/cypress/psoc creator/4.4/psoc creator/import/gnu/arm/5.4.1/bin/../lib/gcc/arm-none-eabi/5.4.1/armv7-m/crtbegin.o

.bss            0x1fff8b40      0x178 load address 0x00007688
                0x1fff8b40                PROVIDE (__bss_start__, .)
 *(.shbss)
 *(.bss .bss.* .gnu.linkonce.b.*)
 .bss           0x1fff8b40       0x1c c:/program files (x86)/cypress/psoc creator/4.4/psoc creator/import/gnu/arm/5.4.1/bin/../lib/gcc/arm-none-eabi/5.4.1/armv7-m/crtbegin.o
 .bss           0x1fff8b5c       0x18 .\CortexM3\ARM_GCC_541\Debug\main.o
                0x1fff8b5c                button1
                0x1fff8b5d                button2
                0x1fff8b5e                button3
                0x1fff8b5f                analogBut
                0x1fff8b60                muxChannel
                0x1fff8b61                adcFlag
                0x1fff8b64                pitch
                0x1fff8b6c                oldYinput
                0x1fff8b70                waveMode
                0x1fff8b71                onOffCount
                0x1fff8b72                modeFlag
                0x1fff8b73                echoFlag
 .bss           0x1fff8b74        0x5 .\CortexM3\ARM_GCC_541\Debug\PSoC_Audio_MIDI.a(WaveDAC8_1.o)
                0x1fff8b74                WaveDAC8_1_initVar
 .bss           0x1fff8b79        0x2 .\CortexM3\ARM_GCC_541\Debug\PSoC_Audio_MIDI.a(UART_1.o)
                0x1fff8b79                UART_1_initVar
 .bss           0x1fff8b7b        0x1 .\CortexM3\ARM_GCC_541\Debug\PSoC_Audio_MIDI.a(Timer_Mode.o)
                0x1fff8b7b                Timer_Mode_initVar
 .bss           0x1fff8b7c       0x18 .\CortexM3\ARM_GCC_541\Debug\PSoC_Audio_MIDI.a(analogADC.o)
                0x1fff8b7c                analogADC_convDone
                0x1fff8b7d                analogADC_stopConversion
                0x1fff8b7e                analogADC_initVar
                0x1fff8b7f                analogADC_started
                0x1fff8b80                analogADC_Offset
 .bss           0x1fff8b94        0x1 .\CortexM3\ARM_GCC_541\Debug\PSoC_Audio_MIDI.a(Timer_Echo.o)
                0x1fff8b94                Timer_Echo_initVar
 .bss           0x1fff8b95        0x1 .\CortexM3\ARM_GCC_541\Debug\PSoC_Audio_MIDI.a(Timer_Display.o)
                0x1fff8b95                Timer_Display_initVar
 .bss           0x1fff8b96        0x2 .\CortexM3\ARM_GCC_541\Debug\PSoC_Audio_MIDI.a(UART_TOESP.o)
                0x1fff8b96                UART_TOESP_initVar
 .bss           0x1fff8b98        0x5 .\CortexM3\ARM_GCC_541\Debug\PSoC_Audio_MIDI.a(WaveDAC8_2.o)
                0x1fff8b98                WaveDAC8_2_initVar
 *fill*         0x1fff8b9d        0x3 
 .bss.__malloc_sbrk_start
                0x1fff8ba0        0x4 c:/program files (x86)/cypress/psoc creator/4.4/psoc creator/import/gnu/arm/5.4.1/bin/../lib/gcc/arm-none-eabi/5.4.1/../../../../arm-none-eabi/lib/armv7-m\libg_nano.a(lib_a-nano-mallocr.o)
                0x1fff8ba0                __malloc_sbrk_start
 .bss.__malloc_free_list
                0x1fff8ba4        0x4 c:/program files (x86)/cypress/psoc creator/4.4/psoc creator/import/gnu/arm/5.4.1/bin/../lib/gcc/arm-none-eabi/5.4.1/../../../../arm-none-eabi/lib/armv7-m\libg_nano.a(lib_a-nano-mallocr.o)
                0x1fff8ba4                __malloc_free_list
 *(COMMON)
 COMMON         0x1fff8ba8      0x108 .\CortexM3\ARM_GCC_541\Debug\main.o
                0x1fff8ba8                intFreq
                0x1fff8bac                espTransmit
                0x1fff8bfc                pitchFlag
                0x1fff8bfd                toESPviaUARTFlag
                0x1fff8bfe                echoDuration
                0x1fff8c00                freq
                0x1fff8c08                echoReadCounter
                0x1fff8c0a                keepNoteIndex
                0x1fff8c0c                dice1
                0x1fff8c10                echoTimerPeriod
                0x1fff8c14                note
                0x1fff8c17                analogButFlag
                0x1fff8c18                echoDistance
                0x1fff8c1a                noteIndex
                0x1fff8c1c                transmitBuffer
                0x1fff8c80                displayScaleName
                0x1fff8ca8                displayNote
                0x1fff8cac                dice2
 COMMON         0x1fff8cb0        0x4 .\CortexM3\ARM_GCC_541\Debug\PSoC_Audio_MIDI.a(analogADC.o)
                0x1fff8cb0                analogADC_CountsPerVolt
 COMMON         0x1fff8cb4        0x4 c:/program files (x86)/cypress/psoc creator/4.4/psoc creator/import/gnu/arm/5.4.1/bin/../lib/gcc/arm-none-eabi/5.4.1/../../../../arm-none-eabi/lib/armv7-m\libg_nano.a(lib_a-reent.o)
                0x1fff8cb4                errno
                0x1fff8cb8                . = ALIGN (0x8)
 *(.ram.b)
                0x1fff8cb8                _end = .
                0x1fff8cb8                __end = .
                0x1fff8cb8                PROVIDE (end, .)
                0x1fff8cb8                PROVIDE (__bss_end__, .)
                0x00006c10                __cy_region_init_ram = LOADADDR (.data)
                0x00000a78                __cy_region_init_size_ram = (_edata - ADDR (.data))
                0x00000178                __cy_region_zero_size_ram = (_end - _edata)

.heap           0x1fff8cb8     0x1000 load address 0x00007688
                0x1fff8cb8                . = _end
                0x1fff9cb8                . = (. + 0x1000)
 *fill*         0x1fff8cb8     0x1000 
                0x1fff9cb8                __cy_heap_limit = .

.stack          0x20004000     0x4000
                0x20004000                __cy_stack_limit = .
                0x20008000                . = (. + 0x4000)
 *fill*         0x20004000     0x4000 
                0x00000001                ASSERT ((__cy_stack_limit >= __cy_heap_limit), region RAM overflowed with stack)
                0x00000000                cy_checksum_exclude_size = (CY_APPL_LOADABLE == 0x1)?SIZEOF (.cy_checksum_exclude):0x0
                0x00000001                ASSERT ((cy_checksum_exclude_size <= CY_CHECKSUM_EXCLUDE_SIZE), CY_BOOT: Section .cy_checksum_exclude size exceedes specified limit.)

.cyloadermeta
 *(.cyloadermeta)

.cyloadablemeta
 *(.cyloadablemeta)

.cyconfigecc    0x80000000      0xf7c
 *(.cyconfigecc)
 .cyconfigecc   0x80000000      0xf7c .\CortexM3\ARM_GCC_541\Debug\cymetadata.o
                0x80000000                cy_meta_configecc

.cycustnvl      0x90000000        0x4
 *(.cycustnvl)
 .cycustnvl     0x90000000        0x4 .\CortexM3\ARM_GCC_541\Debug\cymetadata.o
                0x90000000                cy_meta_custnvl

.cywolatch      0x90100000        0x4
 *(.cywolatch)
 .cywolatch     0x90100000        0x4 .\CortexM3\ARM_GCC_541\Debug\cymetadata.o
                0x90100000                cy_meta_wonvl

.cyeeprom       0x90200000        0x0
 *(.cyeeprom)
                0x00000001                ASSERT ((. <= ((0x90200000 + ee_offset) + ee_size)), .cyeeprom data will not fit in EEPROM)

.cyflashprotect
                0x90400000      0x100
 *(.cyflashprotect)
 .cyflashprotect
                0x90400000      0x100 .\CortexM3\ARM_GCC_541\Debug\cymetadata.o
                0x90400000                cy_meta_flashprotect

.cymeta         0x90500000        0xc
 *(.cymeta)
 .cymeta        0x90500000        0xc .\CortexM3\ARM_GCC_541\Debug\cymetadata.o
                0x90500000                cy_metadata

.rel.dyn        0x00007688        0x0 load address 0x9050000c
 .rel.iplt      0x00007688        0x0 c:/program files (x86)/cypress/psoc creator/4.4/psoc creator/import/gnu/arm/5.4.1/bin/../lib/gcc/arm-none-eabi/5.4.1/armv7-m/crtbegin.o

.stab
 *(.stab)

.stabstr
 *(.stabstr)

.debug
 *(.debug)

.line
 *(.line)

.debug_srcinfo
 *(.debug_srcinfo)

.debug_sfnames
 *(.debug_sfnames)

.debug_aranges  0x00000000     0x1a70
 *(.debug_aranges)
 .debug_aranges
                0x00000000       0xa8 .\CortexM3\ARM_GCC_541\Debug\main.o
 .debug_aranges
                0x000000a8      0x118 .\CortexM3\ARM_GCC_541\Debug\ssd1306.o
 .debug_aranges
                0x000001c0       0x80 .\CortexM3\ARM_GCC_541\Debug\cyfitter_cfg.o
 .debug_aranges
                0x00000240       0x18 .\CortexM3\ARM_GCC_541\Debug\cymetadata.o
 .debug_aranges
                0x00000258       0x48 .\CortexM3\ARM_GCC_541\Debug\Cm3Start.o
 .debug_aranges
                0x000002a0       0x50 .\CortexM3\ARM_GCC_541\Debug\PSoC_Audio_MIDI.a(WaveDAC8_1.o)
 .debug_aranges
                0x000002f0       0x70 .\CortexM3\ARM_GCC_541\Debug\PSoC_Audio_MIDI.a(Clock_1.o)
 .debug_aranges
                0x00000360       0xf0 .\CortexM3\ARM_GCC_541\Debug\PSoC_Audio_MIDI.a(UART_1.o)
 .debug_aranges
                0x00000450       0x28 .\CortexM3\ARM_GCC_541\Debug\PSoC_Audio_MIDI.a(WaveDAC8_1_Wave1_DMA_dma.o)
 .debug_aranges
                0x00000478       0x28 .\CortexM3\ARM_GCC_541\Debug\PSoC_Audio_MIDI.a(WaveDAC8_1_Wave2_DMA_dma.o)
 .debug_aranges
                0x000004a0       0x58 .\CortexM3\ARM_GCC_541\Debug\PSoC_Audio_MIDI.a(WaveDAC8_1_VDAC8.o)
 .debug_aranges
                0x000004f8       0x40 .\CortexM3\ARM_GCC_541\Debug\PSoC_Audio_MIDI.a(WaveDAC8_1_BuffAmp.o)
 .debug_aranges
                0x00000538       0x70 .\CortexM3\ARM_GCC_541\Debug\PSoC_Audio_MIDI.a(UART_1_IntClock.o)
 .debug_aranges
                0x000005a8       0xd8 .\CortexM3\ARM_GCC_541\Debug\PSoC_Audio_MIDI.a(CyDmac.o)
 .debug_aranges
                0x00000680      0x2a0 .\CortexM3\ARM_GCC_541\Debug\PSoC_Audio_MIDI.a(CyLib.o)
 .debug_aranges
                0x00000920       0x98 .\CortexM3\ARM_GCC_541\Debug\PSoC_Audio_MIDI.a(cyPm.o)
 .debug_aranges
                0x000009b8       0x38 .\CortexM3\ARM_GCC_541\Debug\PSoC_Audio_MIDI.a(Pin_Dice_1.o)
 .debug_aranges
                0x000009f0       0x38 .\CortexM3\ARM_GCC_541\Debug\PSoC_Audio_MIDI.a(Pin_Dice_2.o)
 .debug_aranges
                0x00000a28       0x38 .\CortexM3\ARM_GCC_541\Debug\PSoC_Audio_MIDI.a(Pin_Dice_LED_1.o)
 .debug_aranges
                0x00000a60       0x38 .\CortexM3\ARM_GCC_541\Debug\PSoC_Audio_MIDI.a(Pin_Dice_LED_2.o)
 .debug_aranges
                0x00000a98       0x80 .\CortexM3\ARM_GCC_541\Debug\PSoC_Audio_MIDI.a(isr_checkMode.o)
 .debug_aranges
                0x00000b18       0x88 .\CortexM3\ARM_GCC_541\Debug\PSoC_Audio_MIDI.a(Timer_Mode.o)
 .debug_aranges
                0x00000ba0       0x70 .\CortexM3\ARM_GCC_541\Debug\PSoC_Audio_MIDI.a(Clock_Mode.o)
 .debug_aranges
                0x00000c10       0x80 .\CortexM3\ARM_GCC_541\Debug\PSoC_Audio_MIDI.a(but1_isr_pos.o)
 .debug_aranges
                0x00000c90       0x80 .\CortexM3\ARM_GCC_541\Debug\PSoC_Audio_MIDI.a(but1_isr_neg.o)
 .debug_aranges
                0x00000d10       0x70 .\CortexM3\ARM_GCC_541\Debug\PSoC_Audio_MIDI.a(debouncerClock.o)
 .debug_aranges
                0x00000d80       0x80 .\CortexM3\ARM_GCC_541\Debug\PSoC_Audio_MIDI.a(but2_isr_pos.o)
 .debug_aranges
                0x00000e00       0x80 .\CortexM3\ARM_GCC_541\Debug\PSoC_Audio_MIDI.a(but2_isr_neg.o)
 .debug_aranges
                0x00000e80       0x80 .\CortexM3\ARM_GCC_541\Debug\PSoC_Audio_MIDI.a(but3_isr_pos.o)
 .debug_aranges
                0x00000f00       0x80 .\CortexM3\ARM_GCC_541\Debug\PSoC_Audio_MIDI.a(but3_isr_neg.o)
 .debug_aranges
                0x00000f80       0x80 .\CortexM3\ARM_GCC_541\Debug\PSoC_Audio_MIDI.a(analogBut_isr.o)
 .debug_aranges
                0x00001000       0x30 .\CortexM3\ARM_GCC_541\Debug\PSoC_Audio_MIDI.a(analogMUX.o)
 .debug_aranges
                0x00001030       0x80 .\CortexM3\ARM_GCC_541\Debug\PSoC_Audio_MIDI.a(ADC_isr.o)
 .debug_aranges
                0x000010b0       0xe8 .\CortexM3\ARM_GCC_541\Debug\PSoC_Audio_MIDI.a(analogADC.o)
 .debug_aranges
                0x00001198       0x38 .\CortexM3\ARM_GCC_541\Debug\PSoC_Audio_MIDI.a(analogADC_INT.o)
 .debug_aranges
                0x000011d0       0x30 .\CortexM3\ARM_GCC_541\Debug\PSoC_Audio_MIDI.a(analogADC_AMux.o)
 .debug_aranges
                0x00001200       0x70 .\CortexM3\ARM_GCC_541\Debug\PSoC_Audio_MIDI.a(analogADC_Ext_CP_Clk.o)
 .debug_aranges
                0x00001270       0x80 .\CortexM3\ARM_GCC_541\Debug\PSoC_Audio_MIDI.a(analogADC_theACLK.o)
 .debug_aranges
                0x000012f0       0x48 .\CortexM3\ARM_GCC_541\Debug\PSoC_Audio_MIDI.a(Pin_EchoReturn.o)
 .debug_aranges
                0x00001338       0x38 .\CortexM3\ARM_GCC_541\Debug\PSoC_Audio_MIDI.a(Pin_EchoTrig.o)
 .debug_aranges
                0x00001370       0x70 .\CortexM3\ARM_GCC_541\Debug\PSoC_Audio_MIDI.a(Clock_Echo.o)
 .debug_aranges
                0x000013e0       0x80 .\CortexM3\ARM_GCC_541\Debug\PSoC_Audio_MIDI.a(Timer_Echo.o)
 .debug_aranges
                0x00001460       0x80 .\CortexM3\ARM_GCC_541\Debug\PSoC_Audio_MIDI.a(isr_Echo.o)
 .debug_aranges
                0x000014e0       0x80 .\CortexM3\ARM_GCC_541\Debug\PSoC_Audio_MIDI.a(I2COLED_MASTER.o)
 .debug_aranges
                0x00001560       0x88 .\CortexM3\ARM_GCC_541\Debug\PSoC_Audio_MIDI.a(Timer_Display.o)
 .debug_aranges
                0x000015e8       0xf0 .\CortexM3\ARM_GCC_541\Debug\PSoC_Audio_MIDI.a(UART_TOESP.o)
 .debug_aranges
                0x000016d8       0x70 .\CortexM3\ARM_GCC_541\Debug\PSoC_Audio_MIDI.a(UART_TOESP_IntClock.o)
 .debug_aranges
                0x00001748       0x80 .\CortexM3\ARM_GCC_541\Debug\PSoC_Audio_MIDI.a(isr_updateESP.o)
 .debug_aranges
                0x000017c8       0x50 .\CortexM3\ARM_GCC_541\Debug\PSoC_Audio_MIDI.a(WaveDAC8_2.o)
 .debug_aranges
                0x00001818       0x28 .\CortexM3\ARM_GCC_541\Debug\PSoC_Audio_MIDI.a(WaveDAC8_2_Wave1_DMA_dma.o)
 .debug_aranges
                0x00001840       0x28 .\CortexM3\ARM_GCC_541\Debug\PSoC_Audio_MIDI.a(WaveDAC8_2_Wave2_DMA_dma.o)
 .debug_aranges
                0x00001868       0x58 .\CortexM3\ARM_GCC_541\Debug\PSoC_Audio_MIDI.a(WaveDAC8_2_VDAC8.o)
 .debug_aranges
                0x000018c0       0x40 .\CortexM3\ARM_GCC_541\Debug\PSoC_Audio_MIDI.a(WaveDAC8_2_BuffAmp.o)
 .debug_aranges
                0x00001900       0x20 .\CortexM3\ARM_GCC_541\Debug\PSoC_Audio_MIDI.a(CyBootAsmGnu.o)
 .debug_aranges
                0x00001920       0x80 .\CortexM3\ARM_GCC_541\Debug\PSoC_Audio_MIDI.a(CyFlash.o)
 .debug_aranges
                0x000019a0       0x78 .\CortexM3\ARM_GCC_541\Debug\PSoC_Audio_MIDI.a(CySpc.o)
 .debug_aranges
                0x00001a18       0x38 .\CortexM3\ARM_GCC_541\Debug\PSoC_Audio_MIDI.a(I2COLED.o)
 .debug_aranges
                0x00001a50       0x20 .\CortexM3\ARM_GCC_541\Debug\PSoC_Audio_MIDI.a(I2COLED_INT.o)

.debug_pubnames
 *(.debug_pubnames)

.debug_info     0x00000000     0xa605
 *(.debug_info .gnu.linkonce.wi.*)
 .debug_info    0x00000000      0x7da .\CortexM3\ARM_GCC_541\Debug\main.o
 .debug_info    0x000007da      0xc8c .\CortexM3\ARM_GCC_541\Debug\ssd1306.o
 .debug_info    0x00001466      0x59a .\CortexM3\ARM_GCC_541\Debug\cyfitter_cfg.o
 .debug_info    0x00001a00      0x139 .\CortexM3\ARM_GCC_541\Debug\cymetadata.o
 .debug_info    0x00001b39      0x32b .\CortexM3\ARM_GCC_541\Debug\Cm3Start.o
 .debug_info    0x00001e64      0x248 .\CortexM3\ARM_GCC_541\Debug\PSoC_Audio_MIDI.a(WaveDAC8_1.o)
 .debug_info    0x000020ac      0x25d .\CortexM3\ARM_GCC_541\Debug\PSoC_Audio_MIDI.a(Clock_1.o)
 .debug_info    0x00002309      0x50a .\CortexM3\ARM_GCC_541\Debug\PSoC_Audio_MIDI.a(UART_1.o)
 .debug_info    0x00002813      0x11b .\CortexM3\ARM_GCC_541\Debug\PSoC_Audio_MIDI.a(WaveDAC8_1_Wave1_DMA_dma.o)
 .debug_info    0x0000292e      0x11b .\CortexM3\ARM_GCC_541\Debug\PSoC_Audio_MIDI.a(WaveDAC8_1_Wave2_DMA_dma.o)
 .debug_info    0x00002a49      0x185 .\CortexM3\ARM_GCC_541\Debug\PSoC_Audio_MIDI.a(WaveDAC8_1_VDAC8.o)
 .debug_info    0x00002bce      0x125 .\CortexM3\ARM_GCC_541\Debug\PSoC_Audio_MIDI.a(WaveDAC8_1_BuffAmp.o)
 .debug_info    0x00002cf3      0x25d .\CortexM3\ARM_GCC_541\Debug\PSoC_Audio_MIDI.a(UART_1_IntClock.o)
 .debug_info    0x00002f50      0x8c0 .\CortexM3\ARM_GCC_541\Debug\PSoC_Audio_MIDI.a(CyDmac.o)
 .debug_info    0x00003810      0xe51 .\CortexM3\ARM_GCC_541\Debug\PSoC_Audio_MIDI.a(CyLib.o)
 .debug_info    0x00004661      0x57a .\CortexM3\ARM_GCC_541\Debug\PSoC_Audio_MIDI.a(cyPm.o)
 .debug_info    0x00004bdb      0x11e .\CortexM3\ARM_GCC_541\Debug\PSoC_Audio_MIDI.a(Pin_Dice_1.o)
 .debug_info    0x00004cf9      0x11e .\CortexM3\ARM_GCC_541\Debug\PSoC_Audio_MIDI.a(Pin_Dice_2.o)
 .debug_info    0x00004e17      0x11e .\CortexM3\ARM_GCC_541\Debug\PSoC_Audio_MIDI.a(Pin_Dice_LED_1.o)
 .debug_info    0x00004f35      0x11e .\CortexM3\ARM_GCC_541\Debug\PSoC_Audio_MIDI.a(Pin_Dice_LED_2.o)
 .debug_info    0x00005053      0x241 .\CortexM3\ARM_GCC_541\Debug\PSoC_Audio_MIDI.a(isr_checkMode.o)
 .debug_info    0x00005294      0x245 .\CortexM3\ARM_GCC_541\Debug\PSoC_Audio_MIDI.a(Timer_Mode.o)
 .debug_info    0x000054d9      0x25d .\CortexM3\ARM_GCC_541\Debug\PSoC_Audio_MIDI.a(Clock_Mode.o)
 .debug_info    0x00005736      0x241 .\CortexM3\ARM_GCC_541\Debug\PSoC_Audio_MIDI.a(but1_isr_pos.o)
 .debug_info    0x00005977      0x241 .\CortexM3\ARM_GCC_541\Debug\PSoC_Audio_MIDI.a(but1_isr_neg.o)
 .debug_info    0x00005bb8      0x25d .\CortexM3\ARM_GCC_541\Debug\PSoC_Audio_MIDI.a(debouncerClock.o)
 .debug_info    0x00005e15      0x241 .\CortexM3\ARM_GCC_541\Debug\PSoC_Audio_MIDI.a(but2_isr_pos.o)
 .debug_info    0x00006056      0x241 .\CortexM3\ARM_GCC_541\Debug\PSoC_Audio_MIDI.a(but2_isr_neg.o)
 .debug_info    0x00006297      0x241 .\CortexM3\ARM_GCC_541\Debug\PSoC_Audio_MIDI.a(but3_isr_pos.o)
 .debug_info    0x000064d8      0x241 .\CortexM3\ARM_GCC_541\Debug\PSoC_Audio_MIDI.a(but3_isr_neg.o)
 .debug_info    0x00006719      0x241 .\CortexM3\ARM_GCC_541\Debug\PSoC_Audio_MIDI.a(analogBut_isr.o)
 .debug_info    0x0000695a      0x10a .\CortexM3\ARM_GCC_541\Debug\PSoC_Audio_MIDI.a(analogMUX.o)
 .debug_info    0x00006a64      0x241 .\CortexM3\ARM_GCC_541\Debug\PSoC_Audio_MIDI.a(ADC_isr.o)
 .debug_info    0x00006ca5      0x72c .\CortexM3\ARM_GCC_541\Debug\PSoC_Audio_MIDI.a(analogADC.o)
 .debug_info    0x000073d1       0xd3 .\CortexM3\ARM_GCC_541\Debug\PSoC_Audio_MIDI.a(analogADC_INT.o)
 .debug_info    0x000074a4      0x10a .\CortexM3\ARM_GCC_541\Debug\PSoC_Audio_MIDI.a(analogADC_AMux.o)
 .debug_info    0x000075ae      0x25d .\CortexM3\ARM_GCC_541\Debug\PSoC_Audio_MIDI.a(analogADC_Ext_CP_Clk.o)
 .debug_info    0x0000780b      0x299 .\CortexM3\ARM_GCC_541\Debug\PSoC_Audio_MIDI.a(analogADC_theACLK.o)
 .debug_info    0x00007aa4      0x171 .\CortexM3\ARM_GCC_541\Debug\PSoC_Audio_MIDI.a(Pin_EchoReturn.o)
 .debug_info    0x00007c15      0x11e .\CortexM3\ARM_GCC_541\Debug\PSoC_Audio_MIDI.a(Pin_EchoTrig.o)
 .debug_info    0x00007d33      0x25d .\CortexM3\ARM_GCC_541\Debug\PSoC_Audio_MIDI.a(Clock_Echo.o)
 .debug_info    0x00007f90      0x21f .\CortexM3\ARM_GCC_541\Debug\PSoC_Audio_MIDI.a(Timer_Echo.o)
 .debug_info    0x000081af      0x241 .\CortexM3\ARM_GCC_541\Debug\PSoC_Audio_MIDI.a(isr_Echo.o)
 .debug_info    0x000083f0      0x3f8 .\CortexM3\ARM_GCC_541\Debug\PSoC_Audio_MIDI.a(I2COLED_MASTER.o)
 .debug_info    0x000087e8      0x245 .\CortexM3\ARM_GCC_541\Debug\PSoC_Audio_MIDI.a(Timer_Display.o)
 .debug_info    0x00008a2d      0x50a .\CortexM3\ARM_GCC_541\Debug\PSoC_Audio_MIDI.a(UART_TOESP.o)
 .debug_info    0x00008f37      0x25d .\CortexM3\ARM_GCC_541\Debug\PSoC_Audio_MIDI.a(UART_TOESP_IntClock.o)
 .debug_info    0x00009194      0x241 .\CortexM3\ARM_GCC_541\Debug\PSoC_Audio_MIDI.a(isr_updateESP.o)
 .debug_info    0x000093d5      0x248 .\CortexM3\ARM_GCC_541\Debug\PSoC_Audio_MIDI.a(WaveDAC8_2.o)
 .debug_info    0x0000961d      0x11b .\CortexM3\ARM_GCC_541\Debug\PSoC_Audio_MIDI.a(WaveDAC8_2_Wave1_DMA_dma.o)
 .debug_info    0x00009738      0x11b .\CortexM3\ARM_GCC_541\Debug\PSoC_Audio_MIDI.a(WaveDAC8_2_Wave2_DMA_dma.o)
 .debug_info    0x00009853      0x185 .\CortexM3\ARM_GCC_541\Debug\PSoC_Audio_MIDI.a(WaveDAC8_2_VDAC8.o)
 .debug_info    0x000099d8      0x125 .\CortexM3\ARM_GCC_541\Debug\PSoC_Audio_MIDI.a(WaveDAC8_2_BuffAmp.o)
 .debug_info    0x00009afd       0x84 .\CortexM3\ARM_GCC_541\Debug\PSoC_Audio_MIDI.a(CyBootAsmGnu.o)
 .debug_info    0x00009b81      0x371 .\CortexM3\ARM_GCC_541\Debug\PSoC_Audio_MIDI.a(CyFlash.o)
 .debug_info    0x00009ef2      0x45a .\CortexM3\ARM_GCC_541\Debug\PSoC_Audio_MIDI.a(CySpc.o)
 .debug_info    0x0000a34c      0x163 .\CortexM3\ARM_GCC_541\Debug\PSoC_Audio_MIDI.a(I2COLED.o)
 .debug_info    0x0000a4af      0x156 .\CortexM3\ARM_GCC_541\Debug\PSoC_Audio_MIDI.a(I2COLED_INT.o)

.debug_abbrev   0x00000000     0x3d9c
 *(.debug_abbrev)
 .debug_abbrev  0x00000000      0x191 .\CortexM3\ARM_GCC_541\Debug\main.o
 .debug_abbrev  0x00000191      0x21e .\CortexM3\ARM_GCC_541\Debug\ssd1306.o
 .debug_abbrev  0x000003af      0x1ca .\CortexM3\ARM_GCC_541\Debug\cyfitter_cfg.o
 .debug_abbrev  0x00000579       0x77 .\CortexM3\ARM_GCC_541\Debug\cymetadata.o
 .debug_abbrev  0x000005f0      0x1d6 .\CortexM3\ARM_GCC_541\Debug\Cm3Start.o
 .debug_abbrev  0x000007c6       0xe3 .\CortexM3\ARM_GCC_541\Debug\PSoC_Audio_MIDI.a(WaveDAC8_1.o)
 .debug_abbrev  0x000008a9      0x11d .\CortexM3\ARM_GCC_541\Debug\PSoC_Audio_MIDI.a(Clock_1.o)
 .debug_abbrev  0x000009c6      0x163 .\CortexM3\ARM_GCC_541\Debug\PSoC_Audio_MIDI.a(UART_1.o)
 .debug_abbrev  0x00000b29       0x8b .\CortexM3\ARM_GCC_541\Debug\PSoC_Audio_MIDI.a(WaveDAC8_1_Wave1_DMA_dma.o)
 .debug_abbrev  0x00000bb4       0x8b .\CortexM3\ARM_GCC_541\Debug\PSoC_Audio_MIDI.a(WaveDAC8_1_Wave2_DMA_dma.o)
 .debug_abbrev  0x00000c3f       0xeb .\CortexM3\ARM_GCC_541\Debug\PSoC_Audio_MIDI.a(WaveDAC8_1_VDAC8.o)
 .debug_abbrev  0x00000d2a       0xa8 .\CortexM3\ARM_GCC_541\Debug\PSoC_Audio_MIDI.a(WaveDAC8_1_BuffAmp.o)
 .debug_abbrev  0x00000dd2      0x11d .\CortexM3\ARM_GCC_541\Debug\PSoC_Audio_MIDI.a(UART_1_IntClock.o)
 .debug_abbrev  0x00000eef      0x194 .\CortexM3\ARM_GCC_541\Debug\PSoC_Audio_MIDI.a(CyDmac.o)
 .debug_abbrev  0x00001083      0x217 .\CortexM3\ARM_GCC_541\Debug\PSoC_Audio_MIDI.a(CyLib.o)
 .debug_abbrev  0x0000129a      0x161 .\CortexM3\ARM_GCC_541\Debug\PSoC_Audio_MIDI.a(cyPm.o)
 .debug_abbrev  0x000013fb       0x90 .\CortexM3\ARM_GCC_541\Debug\PSoC_Audio_MIDI.a(Pin_Dice_1.o)
 .debug_abbrev  0x0000148b       0x90 .\CortexM3\ARM_GCC_541\Debug\PSoC_Audio_MIDI.a(Pin_Dice_2.o)
 .debug_abbrev  0x0000151b       0x90 .\CortexM3\ARM_GCC_541\Debug\PSoC_Audio_MIDI.a(Pin_Dice_LED_1.o)
 .debug_abbrev  0x000015ab       0x90 .\CortexM3\ARM_GCC_541\Debug\PSoC_Audio_MIDI.a(Pin_Dice_LED_2.o)
 .debug_abbrev  0x0000163b      0x172 .\CortexM3\ARM_GCC_541\Debug\PSoC_Audio_MIDI.a(isr_checkMode.o)
 .debug_abbrev  0x000017ad       0xe9 .\CortexM3\ARM_GCC_541\Debug\PSoC_Audio_MIDI.a(Timer_Mode.o)
 .debug_abbrev  0x00001896      0x11d .\CortexM3\ARM_GCC_541\Debug\PSoC_Audio_MIDI.a(Clock_Mode.o)
 .debug_abbrev  0x000019b3      0x172 .\CortexM3\ARM_GCC_541\Debug\PSoC_Audio_MIDI.a(but1_isr_pos.o)
 .debug_abbrev  0x00001b25      0x172 .\CortexM3\ARM_GCC_541\Debug\PSoC_Audio_MIDI.a(but1_isr_neg.o)
 .debug_abbrev  0x00001c97      0x11d .\CortexM3\ARM_GCC_541\Debug\PSoC_Audio_MIDI.a(debouncerClock.o)
 .debug_abbrev  0x00001db4      0x172 .\CortexM3\ARM_GCC_541\Debug\PSoC_Audio_MIDI.a(but2_isr_pos.o)
 .debug_abbrev  0x00001f26      0x172 .\CortexM3\ARM_GCC_541\Debug\PSoC_Audio_MIDI.a(but2_isr_neg.o)
 .debug_abbrev  0x00002098      0x172 .\CortexM3\ARM_GCC_541\Debug\PSoC_Audio_MIDI.a(but3_isr_pos.o)
 .debug_abbrev  0x0000220a      0x172 .\CortexM3\ARM_GCC_541\Debug\PSoC_Audio_MIDI.a(but3_isr_neg.o)
 .debug_abbrev  0x0000237c      0x172 .\CortexM3\ARM_GCC_541\Debug\PSoC_Audio_MIDI.a(analogBut_isr.o)
 .debug_abbrev  0x000024ee       0x6f .\CortexM3\ARM_GCC_541\Debug\PSoC_Audio_MIDI.a(analogMUX.o)
 .debug_abbrev  0x0000255d      0x172 .\CortexM3\ARM_GCC_541\Debug\PSoC_Audio_MIDI.a(ADC_isr.o)
 .debug_abbrev  0x000026cf      0x19d .\CortexM3\ARM_GCC_541\Debug\PSoC_Audio_MIDI.a(analogADC.o)
 .debug_abbrev  0x0000286c       0x42 .\CortexM3\ARM_GCC_541\Debug\PSoC_Audio_MIDI.a(analogADC_INT.o)
 .debug_abbrev  0x000028ae       0x6f .\CortexM3\ARM_GCC_541\Debug\PSoC_Audio_MIDI.a(analogADC_AMux.o)
 .debug_abbrev  0x0000291d      0x11d .\CortexM3\ARM_GCC_541\Debug\PSoC_Audio_MIDI.a(analogADC_Ext_CP_Clk.o)
 .debug_abbrev  0x00002a3a      0x11d .\CortexM3\ARM_GCC_541\Debug\PSoC_Audio_MIDI.a(analogADC_theACLK.o)
 .debug_abbrev  0x00002b57       0x90 .\CortexM3\ARM_GCC_541\Debug\PSoC_Audio_MIDI.a(Pin_EchoReturn.o)
 .debug_abbrev  0x00002be7       0x90 .\CortexM3\ARM_GCC_541\Debug\PSoC_Audio_MIDI.a(Pin_EchoTrig.o)
 .debug_abbrev  0x00002c77      0x11d .\CortexM3\ARM_GCC_541\Debug\PSoC_Audio_MIDI.a(Clock_Echo.o)
 .debug_abbrev  0x00002d94      0x11b .\CortexM3\ARM_GCC_541\Debug\PSoC_Audio_MIDI.a(Timer_Echo.o)
 .debug_abbrev  0x00002eaf      0x172 .\CortexM3\ARM_GCC_541\Debug\PSoC_Audio_MIDI.a(isr_Echo.o)
 .debug_abbrev  0x00003021      0x11e .\CortexM3\ARM_GCC_541\Debug\PSoC_Audio_MIDI.a(I2COLED_MASTER.o)
 .debug_abbrev  0x0000313f       0xe9 .\CortexM3\ARM_GCC_541\Debug\PSoC_Audio_MIDI.a(Timer_Display.o)
 .debug_abbrev  0x00003228      0x163 .\CortexM3\ARM_GCC_541\Debug\PSoC_Audio_MIDI.a(UART_TOESP.o)
 .debug_abbrev  0x0000338b      0x11d .\CortexM3\ARM_GCC_541\Debug\PSoC_Audio_MIDI.a(UART_TOESP_IntClock.o)
 .debug_abbrev  0x000034a8      0x172 .\CortexM3\ARM_GCC_541\Debug\PSoC_Audio_MIDI.a(isr_updateESP.o)
 .debug_abbrev  0x0000361a       0xe3 .\CortexM3\ARM_GCC_541\Debug\PSoC_Audio_MIDI.a(WaveDAC8_2.o)
 .debug_abbrev  0x000036fd       0x8b .\CortexM3\ARM_GCC_541\Debug\PSoC_Audio_MIDI.a(WaveDAC8_2_Wave1_DMA_dma.o)
 .debug_abbrev  0x00003788       0x8b .\CortexM3\ARM_GCC_541\Debug\PSoC_Audio_MIDI.a(WaveDAC8_2_Wave2_DMA_dma.o)
 .debug_abbrev  0x00003813       0xeb .\CortexM3\ARM_GCC_541\Debug\PSoC_Audio_MIDI.a(WaveDAC8_2_VDAC8.o)
 .debug_abbrev  0x000038fe       0xa8 .\CortexM3\ARM_GCC_541\Debug\PSoC_Audio_MIDI.a(WaveDAC8_2_BuffAmp.o)
 .debug_abbrev  0x000039a6       0x14 .\CortexM3\ARM_GCC_541\Debug\PSoC_Audio_MIDI.a(CyBootAsmGnu.o)
 .debug_abbrev  0x000039ba      0x13c .\CortexM3\ARM_GCC_541\Debug\PSoC_Audio_MIDI.a(CyFlash.o)
 .debug_abbrev  0x00003af6      0x16c .\CortexM3\ARM_GCC_541\Debug\PSoC_Audio_MIDI.a(CySpc.o)
 .debug_abbrev  0x00003c62       0xb9 .\CortexM3\ARM_GCC_541\Debug\PSoC_Audio_MIDI.a(I2COLED.o)
 .debug_abbrev  0x00003d1b       0x81 .\CortexM3\ARM_GCC_541\Debug\PSoC_Audio_MIDI.a(I2COLED_INT.o)

.debug_line     0x00000000     0x5e77
 *(.debug_line)
 .debug_line    0x00000000      0x474 .\CortexM3\ARM_GCC_541\Debug\main.o
 .debug_line    0x00000474      0x5f8 .\CortexM3\ARM_GCC_541\Debug\ssd1306.o
 .debug_line    0x00000a6c      0x28e .\CortexM3\ARM_GCC_541\Debug\cyfitter_cfg.o
 .debug_line    0x00000cfa      0x141 .\CortexM3\ARM_GCC_541\Debug\cymetadata.o
 .debug_line    0x00000e3b      0x1db .\CortexM3\ARM_GCC_541\Debug\Cm3Start.o
 .debug_line    0x00001016       0xf0 .\CortexM3\ARM_GCC_541\Debug\PSoC_Audio_MIDI.a(WaveDAC8_1.o)
 .debug_line    0x00001106      0x1a6 .\CortexM3\ARM_GCC_541\Debug\PSoC_Audio_MIDI.a(Clock_1.o)
 .debug_line    0x000012ac      0x2e4 .\CortexM3\ARM_GCC_541\Debug\PSoC_Audio_MIDI.a(UART_1.o)
 .debug_line    0x00001590       0x87 .\CortexM3\ARM_GCC_541\Debug\PSoC_Audio_MIDI.a(WaveDAC8_1_Wave1_DMA_dma.o)
 .debug_line    0x00001617       0x87 .\CortexM3\ARM_GCC_541\Debug\PSoC_Audio_MIDI.a(WaveDAC8_1_Wave2_DMA_dma.o)
 .debug_line    0x0000169e       0xf8 .\CortexM3\ARM_GCC_541\Debug\PSoC_Audio_MIDI.a(WaveDAC8_1_VDAC8.o)
 .debug_line    0x00001796       0xba .\CortexM3\ARM_GCC_541\Debug\PSoC_Audio_MIDI.a(WaveDAC8_1_BuffAmp.o)
 .debug_line    0x00001850      0x1ae .\CortexM3\ARM_GCC_541\Debug\PSoC_Audio_MIDI.a(UART_1_IntClock.o)
 .debug_line    0x000019fe      0x2b6 .\CortexM3\ARM_GCC_541\Debug\PSoC_Audio_MIDI.a(CyDmac.o)
 .debug_line    0x00001cb4      0x883 .\CortexM3\ARM_GCC_541\Debug\PSoC_Audio_MIDI.a(CyLib.o)
 .debug_line    0x00002537      0x38e .\CortexM3\ARM_GCC_541\Debug\PSoC_Audio_MIDI.a(cyPm.o)
 .debug_line    0x000028c5       0x9a .\CortexM3\ARM_GCC_541\Debug\PSoC_Audio_MIDI.a(Pin_Dice_1.o)
 .debug_line    0x0000295f       0x9a .\CortexM3\ARM_GCC_541\Debug\PSoC_Audio_MIDI.a(Pin_Dice_2.o)
 .debug_line    0x000029f9       0x9e .\CortexM3\ARM_GCC_541\Debug\PSoC_Audio_MIDI.a(Pin_Dice_LED_1.o)
 .debug_line    0x00002a97       0x9e .\CortexM3\ARM_GCC_541\Debug\PSoC_Audio_MIDI.a(Pin_Dice_LED_2.o)
 .debug_line    0x00002b35      0x158 .\CortexM3\ARM_GCC_541\Debug\PSoC_Audio_MIDI.a(isr_checkMode.o)
 .debug_line    0x00002c8d      0x162 .\CortexM3\ARM_GCC_541\Debug\PSoC_Audio_MIDI.a(Timer_Mode.o)
 .debug_line    0x00002def      0x1a9 .\CortexM3\ARM_GCC_541\Debug\PSoC_Audio_MIDI.a(Clock_Mode.o)
 .debug_line    0x00002f98      0x157 .\CortexM3\ARM_GCC_541\Debug\PSoC_Audio_MIDI.a(but1_isr_pos.o)
 .debug_line    0x000030ef      0x157 .\CortexM3\ARM_GCC_541\Debug\PSoC_Audio_MIDI.a(but1_isr_neg.o)
 .debug_line    0x00003246      0x1ad .\CortexM3\ARM_GCC_541\Debug\PSoC_Audio_MIDI.a(debouncerClock.o)
 .debug_line    0x000033f3      0x157 .\CortexM3\ARM_GCC_541\Debug\PSoC_Audio_MIDI.a(but2_isr_pos.o)
 .debug_line    0x0000354a      0x157 .\CortexM3\ARM_GCC_541\Debug\PSoC_Audio_MIDI.a(but2_isr_neg.o)
 .debug_line    0x000036a1      0x157 .\CortexM3\ARM_GCC_541\Debug\PSoC_Audio_MIDI.a(but3_isr_pos.o)
 .debug_line    0x000037f8      0x157 .\CortexM3\ARM_GCC_541\Debug\PSoC_Audio_MIDI.a(but3_isr_neg.o)
 .debug_line    0x0000394f      0x158 .\CortexM3\ARM_GCC_541\Debug\PSoC_Audio_MIDI.a(analogBut_isr.o)
 .debug_line    0x00003aa7       0x9e .\CortexM3\ARM_GCC_541\Debug\PSoC_Audio_MIDI.a(analogMUX.o)
 .debug_line    0x00003b45      0x152 .\CortexM3\ARM_GCC_541\Debug\PSoC_Audio_MIDI.a(ADC_isr.o)
 .debug_line    0x00003c97      0x3d1 .\CortexM3\ARM_GCC_541\Debug\PSoC_Audio_MIDI.a(analogADC.o)
 .debug_line    0x00004068       0x92 .\CortexM3\ARM_GCC_541\Debug\PSoC_Audio_MIDI.a(analogADC_INT.o)
 .debug_line    0x000040fa       0xa3 .\CortexM3\ARM_GCC_541\Debug\PSoC_Audio_MIDI.a(analogADC_AMux.o)
 .debug_line    0x0000419d      0x1b3 .\CortexM3\ARM_GCC_541\Debug\PSoC_Audio_MIDI.a(analogADC_Ext_CP_Clk.o)
 .debug_line    0x00004350      0x1d4 .\CortexM3\ARM_GCC_541\Debug\PSoC_Audio_MIDI.a(analogADC_theACLK.o)
 .debug_line    0x00004524       0xc3 .\CortexM3\ARM_GCC_541\Debug\PSoC_Audio_MIDI.a(Pin_EchoReturn.o)
 .debug_line    0x000045e7       0x9c .\CortexM3\ARM_GCC_541\Debug\PSoC_Audio_MIDI.a(Pin_EchoTrig.o)
 .debug_line    0x00004683      0x1a9 .\CortexM3\ARM_GCC_541\Debug\PSoC_Audio_MIDI.a(Clock_Echo.o)
 .debug_line    0x0000482c      0x14f .\CortexM3\ARM_GCC_541\Debug\PSoC_Audio_MIDI.a(Timer_Echo.o)
 .debug_line    0x0000497b      0x153 .\CortexM3\ARM_GCC_541\Debug\PSoC_Audio_MIDI.a(isr_Echo.o)
 .debug_line    0x00004ace      0x218 .\CortexM3\ARM_GCC_541\Debug\PSoC_Audio_MIDI.a(I2COLED_MASTER.o)
 .debug_line    0x00004ce6      0x165 .\CortexM3\ARM_GCC_541\Debug\PSoC_Audio_MIDI.a(Timer_Display.o)
 .debug_line    0x00004e4b      0x2e8 .\CortexM3\ARM_GCC_541\Debug\PSoC_Audio_MIDI.a(UART_TOESP.o)
 .debug_line    0x00005133      0x1b2 .\CortexM3\ARM_GCC_541\Debug\PSoC_Audio_MIDI.a(UART_TOESP_IntClock.o)