Archive member included to satisfy reference by file (symbol)

.\CortexM3\ARM_GCC_541\Debug\PSoC_Audio_MIDI.a(WaveDAC8_1.o)
                              .\CortexM3\ARM_GCC_541\Debug\main.o (WaveDAC8_1_Start)
.\CortexM3\ARM_GCC_541\Debug\PSoC_Audio_MIDI.a(Clock_1.o)
                              .\CortexM3\ARM_GCC_541\Debug\main.o (Clock_1_SetDividerRegister)
.\CortexM3\ARM_GCC_541\Debug\PSoC_Audio_MIDI.a(UART_1.o)
                              .\CortexM3\ARM_GCC_541\Debug\main.o (UART_1_Start)
.\CortexM3\ARM_GCC_541\Debug\PSoC_Audio_MIDI.a(WaveDAC8_1_Wave1_DMA_dma.o)
                              .\CortexM3\ARM_GCC_541\Debug\PSoC_Audio_MIDI.a(WaveDAC8_1.o) (WaveDAC8_1_Wave1_DMA_DmaInitialize)
.\CortexM3\ARM_GCC_541\Debug\PSoC_Audio_MIDI.a(WaveDAC8_1_Wave2_DMA_dma.o)
                              .\CortexM3\ARM_GCC_541\Debug\PSoC_Audio_MIDI.a(WaveDAC8_1.o) (WaveDAC8_1_Wave2_DMA_DmaInitialize)
.\CortexM3\ARM_GCC_541\Debug\PSoC_Audio_MIDI.a(WaveDAC8_1_VDAC8.o)
                              .\CortexM3\ARM_GCC_541\Debug\PSoC_Audio_MIDI.a(WaveDAC8_1.o) (WaveDAC8_1_VDAC8_Init)
.\CortexM3\ARM_GCC_541\Debug\PSoC_Audio_MIDI.a(WaveDAC8_1_BuffAmp.o)
                              .\CortexM3\ARM_GCC_541\Debug\PSoC_Audio_MIDI.a(WaveDAC8_1.o) (WaveDAC8_1_BuffAmp_Init)
.\CortexM3\ARM_GCC_541\Debug\PSoC_Audio_MIDI.a(UART_1_IntClock.o)
                              .\CortexM3\ARM_GCC_541\Debug\PSoC_Audio_MIDI.a(UART_1.o) (UART_1_IntClock_Start)
.\CortexM3\ARM_GCC_541\Debug\PSoC_Audio_MIDI.a(CyDmac.o)
                              .\CortexM3\ARM_GCC_541\Debug\Cm3Start.o (CyDmacConfigure)
.\CortexM3\ARM_GCC_541\Debug\PSoC_Audio_MIDI.a(CyLib.o)
                              .\CortexM3\ARM_GCC_541\Debug\Cm3Start.o (CyResetStatus)
.\CortexM3\ARM_GCC_541\Debug\PSoC_Audio_MIDI.a(cyPm.o)
                              .\CortexM3\ARM_GCC_541\Debug\PSoC_Audio_MIDI.a(CyLib.o) (CyPmReadStatus)
.\CortexM3\ARM_GCC_541\Debug\PSoC_Audio_MIDI.a(Pin_Dice_1.o)
                              .\CortexM3\ARM_GCC_541\Debug\main.o (Pin_Dice_1_Read)
.\CortexM3\ARM_GCC_541\Debug\PSoC_Audio_MIDI.a(Pin_Dice_2.o)
                              .\CortexM3\ARM_GCC_541\Debug\main.o (Pin_Dice_2_Read)
.\CortexM3\ARM_GCC_541\Debug\PSoC_Audio_MIDI.a(Pin_Dice_LED_1.o)
                              .\CortexM3\ARM_GCC_541\Debug\main.o (Pin_Dice_LED_1_Write)
.\CortexM3\ARM_GCC_541\Debug\PSoC_Audio_MIDI.a(Pin_Dice_LED_2.o)
                              .\CortexM3\ARM_GCC_541\Debug\main.o (Pin_Dice_LED_2_Write)
.\CortexM3\ARM_GCC_541\Debug\PSoC_Audio_MIDI.a(isr_checkMode.o)
                              .\CortexM3\ARM_GCC_541\Debug\main.o (isr_checkMode_StartEx)
.\CortexM3\ARM_GCC_541\Debug\PSoC_Audio_MIDI.a(Timer_Mode.o)
                              .\CortexM3\ARM_GCC_541\Debug\main.o (Timer_Mode_Start)
.\CortexM3\ARM_GCC_541\Debug\PSoC_Audio_MIDI.a(Clock_Mode.o)
                              .\CortexM3\ARM_GCC_541\Debug\main.o (Clock_Mode_Start)
.\CortexM3\ARM_GCC_541\Debug\PSoC_Audio_MIDI.a(CyBootAsmGnu.o)
                              .\CortexM3\ARM_GCC_541\Debug\cyfitter_cfg.o (CyDelayCycles)
.\CortexM3\ARM_GCC_541\Debug\PSoC_Audio_MIDI.a(CyFlash.o)
                              .\CortexM3\ARM_GCC_541\Debug\PSoC_Audio_MIDI.a(cyPm.o) (CyFlash_SetWaitCycles)
.\CortexM3\ARM_GCC_541\Debug\PSoC_Audio_MIDI.a(CySpc.o)
                              .\CortexM3\ARM_GCC_541\Debug\PSoC_Audio_MIDI.a(CyFlash.o) (CySpcStart)
c:/program files (x86)/cypress/psoc creator/4.4/psoc creator/import/gnu/arm/5.4.1/bin/../lib/gcc/arm-none-eabi/5.4.1/armv7-m\libgcc.a(_arm_addsubdf3.o)
                              .\CortexM3\ARM_GCC_541\Debug\main.o (__aeabi_i2d)
c:/program files (x86)/cypress/psoc creator/4.4/psoc creator/import/gnu/arm/5.4.1/bin/../lib/gcc/arm-none-eabi/5.4.1/armv7-m\libgcc.a(_arm_fixunsdfsi.o)
                              .\CortexM3\ARM_GCC_541\Debug\main.o (__aeabi_d2uiz)
c:/program files (x86)/cypress/psoc creator/4.4/psoc creator/import/gnu/arm/5.4.1/bin/../lib/gcc/arm-none-eabi/5.4.1/../../../../arm-none-eabi/lib/armv7-m\libg_nano.a(lib_a-errno.o)
                              .\CortexM3\ARM_GCC_541\Debug\Cm3Start.o (__errno)
c:/program files (x86)/cypress/psoc creator/4.4/psoc creator/import/gnu/arm/5.4.1/bin/../lib/gcc/arm-none-eabi/5.4.1/../../../../arm-none-eabi/lib/armv7-m\libg_nano.a(lib_a-exit.o)
                              c:/program files (x86)/cypress/psoc creator/4.4/psoc creator/import/gnu/arm/5.4.1/bin/../lib/gcc/arm-none-eabi/5.4.1/../../../../arm-none-eabi/lib/armv7-m/crt0.o (exit)
c:/program files (x86)/cypress/psoc creator/4.4/psoc creator/import/gnu/arm/5.4.1/bin/../lib/gcc/arm-none-eabi/5.4.1/../../../../arm-none-eabi/lib/armv7-m\libg_nano.a(lib_a-impure.o)
                              c:/program files (x86)/cypress/psoc creator/4.4/psoc creator/import/gnu/arm/5.4.1/bin/../lib/gcc/arm-none-eabi/5.4.1/../../../../arm-none-eabi/lib/armv7-m\libg_nano.a(lib_a-exit.o) (_global_impure_ptr)
[...]
Memory Configuration

Name             Origin             Length             Attributes
rom              0x00000000         0x00040000         xr
ram              0x1fff8000         0x00010000         xrw
*default*        0x00000000         0xffffffff

Linker script and memory map

LOAD c:/program files (x86)/cypress/psoc creator/4.4/psoc creator/import/gnu/arm/5.4.1/bin/../lib/gcc/arm-none-eabi/5.4.1/armv7-m/crti.o
LOAD c:/program files (x86)/cypress/psoc creator/4.4/psoc creator/import/gnu/arm/5.4.1/bin/../lib/gcc/arm-none-eabi/5.4.1/armv7-m/crtbegin.o
LOAD c:/program files (x86)/cypress/psoc creator/4.4/psoc creator/import/gnu/arm/5.4.1/bin/../lib/gcc/arm-none-eabi/5.4.1/../../../../arm-none-eabi/lib/armv7-m/crt0.o
START GROUP
LOAD .\CortexM3\ARM_GCC_541\Debug\main.o
LOAD .\CortexM3\ARM_GCC_541\Debug\cyfitter_cfg.o
LOAD .\CortexM3\ARM_GCC_541\Debug\cymetadata.o
LOAD .\CortexM3\ARM_GCC_541\Debug\Cm3Start.o
LOAD .\CortexM3\ARM_GCC_541\Debug\PSoC_Audio_MIDI.a
LOAD C:\Program Files (x86)\Cypress\PSoC Creator\4.4\PSoC Creator\psoc\content\cycomponentlibrary\CyComponentLibrary.cylib\CortexM3\ARM_GCC_541\Debug\CyComponentLibrary.a
END GROUP
START GROUP
LOAD c:/program files (x86)/cypress/psoc creator/4.4/psoc creator/import/gnu/arm/5.4.1/bin/../lib/gcc/arm-none-eabi/5.4.1/armv7-m\libgcc.a
LOAD c:/program files (x86)/cypress/psoc creator/4.4/psoc creator/import/gnu/arm/5.4.1/bin/../lib/gcc/arm-none-eabi/5.4.1/../../../../arm-none-eabi/lib/armv7-m\libg_nano.a
LOAD c:/program files (x86)/cypress/psoc creator/4.4/psoc creator/import/gnu/arm/5.4.1/bin/../lib/gcc/arm-none-eabi/5.4.1/../../../../arm-none-eabi/lib/armv7-m\libc_nano.a
END GROUP
START GROUP
LOAD c:/program files (x86)/cypress/psoc creator/4.4/psoc creator/import/gnu/arm/5.4.1/bin/../lib/gcc/arm-none-eabi/5.4.1/armv7-m\libgcc.a
LOAD c:/program files (x86)/cypress/psoc creator/4.4/psoc creator/import/gnu/arm/5.4.1/bin/../lib/gcc/arm-none-eabi/5.4.1/../../../../arm-none-eabi/lib/armv7-m\libc_nano.a
END GROUP
LOAD c:/program files (x86)/cypress/psoc creator/4.4/psoc creator/import/gnu/arm/5.4.1/bin/../lib/gcc/arm-none-eabi/5.4.1/armv7-m/crtend.o
LOAD c:/program files (x86)/cypress/psoc creator/4.4/psoc creator/import/gnu/arm/5.4.1/bin/../lib/gcc/arm-none-eabi/5.4.1/armv7-m/crtn.o
START GROUP
LOAD c:/program files (x86)/cypress/psoc creator/4.4/psoc creator/import/gnu/arm/5.4.1/bin/../lib/gcc/arm-none-eabi/5.4.1/armv7-m\libgcc.a
LOAD c:/program files (x86)/cypress/psoc creator/4.4/psoc creator/import/gnu/arm/5.4.1/bin/../lib/gcc/arm-none-eabi/5.4.1/../../../../arm-none-eabi/lib/armv7-m\libc.a
LOAD c:/program files (x86)/cypress/psoc creator/4.4/psoc creator/import/gnu/arm/5.4.1/bin/../lib/gcc/arm-none-eabi/5.4.1/../../../../arm-none-eabi/lib/armv7-m\libnosys.a
END GROUP
                0x00000000                CY_APPL_ORIGIN = 0x0
                0x00000100                CY_FLASH_ROW_SIZE = 0x100
                0x00000020                CY_ECC_ROW_SIZE = 0x20
                0x00000000                CY_EE_IN_BTLDR = 0x0
                0x00000000                CY_APPL_LOADABLE = 0x0
                0x00000800                CY_EE_SIZE = 0x800
                0x00000001                CY_APPL_NUM = 0x1
                0x00000001                CY_APPL_MAX = 0x1
                0x00000040                CY_METADATA_SIZE = 0x40
                0x00000000                CY_APPL_LOADABLE = 0x0
                0x00000000                CY_CHECKSUM_EXCLUDE_SIZE = ALIGN (0x0, CY_FLASH_ROW_SIZE)
                [!provide]                PROVIDE (__cy_heap_start, _end)
                0x00000001                PROVIDE (__cy_region_num, ((__cy_regions_end - __cy_regions) / 0x10))
                0x20008000                PROVIDE (__cy_stack, (ORIGIN (ram) + LENGTH (ram)))
                [!provide]                PROVIDE (__cy_heap_end, (__cy_stack - 0x4000))

.cybootloader   0x00000000        0x0
 *(.cybootloader)
                0x00000000                appl1_start = CY_APPL_ORIGIN?CY_APPL_ORIGIN:ALIGN (CY_FLASH_ROW_SIZE)
                0x0001ff00                appl2_start = (appl1_start + ALIGN ((((LENGTH (rom) - appl1_start) - (0x2 * CY_FLASH_ROW_SIZE)) / 0x2), CY_FLASH_ROW_SIZE))
                0x00000000                appl_start = (CY_APPL_NUM == 0x1)?appl1_start:appl2_start
                0x00000000                ecc_offset = ((appl_start / CY_FLASH_ROW_SIZE) * CY_ECC_ROW_SIZE)
                0x00000000                ee_offset = (CY_APPL_LOADABLE && ! (CY_EE_IN_BTLDR))?((CY_EE_SIZE / CY_APPL_MAX) * (CY_APPL_NUM - 0x1)):0x0
                0x00000800                ee_size = (CY_APPL_LOADABLE && ! (CY_EE_IN_BTLDR))?(CY_EE_SIZE / CY_APPL_MAX):CY_EE_SIZE
                [!provide]                PROVIDE (CY_ECC_OFFSET, ecc_offset)

.text           0x00000000     0x24c8
 CREATE_OBJECT_SYMBOLS
                0x00000000                PROVIDE (__cy_interrupt_vector, RomVectors)
 *(.romvectors)
 .romvectors    0x00000000       0x10 .\CortexM3\ARM_GCC_541\Debug\Cm3Start.o
                0x00000000                RomVectors
                0x00000001                ASSERT ((. != __cy_interrupt_vector), No interrupt vector)
                0x00000001                ASSERT (CY_APPL_ORIGIN?(SIZEOF (.cybootloader) <= CY_APPL_ORIGIN):0x1, Wrong image location)
                0x00000010                PROVIDE (__cy_reset, Reset)
 *(.text.Reset)
 .text.Reset    0x00000010       0x18 .\CortexM3\ARM_GCC_541\Debug\Cm3Start.o
                0x00000010                Reset
                0x00000001                ASSERT ((. != __cy_reset), No reset code)
 *(.dma_init)
                0x00000001                ASSERT ((((appl_start + .) <= 0x10000) || 0x1), DMA Init must be within the first 64k of flash)
 *(.text .text.* .gnu.linkonce.t.*)
 .text          0x00000028       0x5c c:/program files (x86)/cypress/psoc creator/4.4/psoc creator/import/gnu/arm/5.4.1/bin/../lib/gcc/arm-none-eabi/5.4.1/armv7-m/crtbegin.o
 .text.modecheck
                0x00000084      0x10c .\CortexM3\ARM_GCC_541\Debug\main.o
                0x00000084                modecheck
 .text.longSweep
                0x00000190      0x14c .\CortexM3\ARM_GCC_541\Debug\main.o
                0x00000190                longSweep
 .text.playRange
                0x000002dc       0xe4 .\CortexM3\ARM_GCC_541\Debug\main.o
                0x000002dc                playRange
 .text.main     0x000003c0       0x8c .\CortexM3\ARM_GCC_541\Debug\main.o
                0x000003c0                main
 .text.userModeTimer_ISR
                0x0000044c       0x18 .\CortexM3\ARM_GCC_541\Debug\main.o
                0x0000044c                userModeTimer_ISR
 .text.CYMEMZERO
                0x00000464       0x1c .\CortexM3\ARM_GCC_541\Debug\cyfitter_cfg.o
 .text.CYCONFIGCPY
                0x00000480       0x20 .\CortexM3\ARM_GCC_541\Debug\cyfitter_cfg.o
 .text.CyClockStartupError
                0x000004a0        0xc .\CortexM3\ARM_GCC_541\Debug\cyfitter_cfg.o
 .text.cfg_write_bytes32
                0x000004ac       0x74 .\CortexM3\ARM_GCC_541\Debug\cyfitter_cfg.o
 .text.ClockSetup
                0x00000520      0x12c .\CortexM3\ARM_GCC_541\Debug\cyfitter_cfg.o
 .text.AnalogSetDefault
                0x0000064c       0x58 .\CortexM3\ARM_GCC_541\Debug\cyfitter_cfg.o
 .text.cyfitter_cfg
                0x000006a4      0x198 .\CortexM3\ARM_GCC_541\Debug\cyfitter_cfg.o
                0x000006a4                cyfitter_cfg
 .text.IntDefaultHandler
                0x0000083c       0x14 .\CortexM3\ARM_GCC_541\Debug\Cm3Start.o
                0x0000083c                IntDefaultHandler
 .text._sbrk    0x00000850       0x54 .\CortexM3\ARM_GCC_541\Debug\Cm3Start.o
                0x00000850                _sbrk
 .text.Start_c  0x000008a4       0x98 .\CortexM3\ARM_GCC_541\Debug\Cm3Start.o
                0x000008a4                Start_c
 .text.initialize_psoc
                0x0000093c       0x94 .\CortexM3\ARM_GCC_541\Debug\Cm3Start.o
                0x0000093c                initialize_psoc
 .text.WaveDAC8_1_Init
                0x000009d0       0x54 .\CortexM3\ARM_GCC_541\Debug\PSoC_Audio_MIDI.a(WaveDAC8_1.o)
                0x000009d0                WaveDAC8_1_Init
 .text.WaveDAC8_1_Enable
                0x00000a24       0x38 .\CortexM3\ARM_GCC_541\Debug\PSoC_Audio_MIDI.a(WaveDAC8_1.o)
                0x00000a24                WaveDAC8_1_Enable
 .text.WaveDAC8_1_Start
                0x00000a5c       0x24 .\CortexM3\ARM_GCC_541\Debug\PSoC_Audio_MIDI.a(WaveDAC8_1.o)
                0x00000a5c                WaveDAC8_1_Start
 .text.WaveDAC8_1_Wave1Setup
                0x00000a80       0x68 .\CortexM3\ARM_GCC_541\Debug\PSoC_Audio_MIDI.a(WaveDAC8_1.o)
                0x00000a80                WaveDAC8_1_Wave1Setup
 .text.WaveDAC8_1_Wave2Setup
                0x00000ae8       0x68 .\CortexM3\ARM_GCC_541\Debug\PSoC_Audio_MIDI.a(WaveDAC8_1.o)
                0x00000ae8                WaveDAC8_1_Wave2Setup
 .text.Clock_1_SetDividerRegister
                0x00000b50      0x164 .\CortexM3\ARM_GCC_541\Debug\PSoC_Audio_MIDI.a(Clock_1.o)
                0x00000b50                Clock_1_SetDividerRegister
 .text.Clock_1_GetDividerRegister
                0x00000cb4       0x18 .\CortexM3\ARM_GCC_541\Debug\PSoC_Audio_MIDI.a(Clock_1.o)
                0x00000cb4                Clock_1_GetDividerRegister
 .text.Clock_1_GetSourceRegister
                0x00000ccc       0x1c .\CortexM3\ARM_GCC_541\Debug\PSoC_Audio_MIDI.a(Clock_1.o)
                0x00000ccc                Clock_1_GetSourceRegister
 .text.UART_1_Start
                0x00000ce8       0x24 .\CortexM3\ARM_GCC_541\Debug\PSoC_Audio_MIDI.a(UART_1.o)
                0x00000ce8                UART_1_Start
 .text.UART_1_Init
                0x00000d0c       0x40 .\CortexM3\ARM_GCC_541\Debug\PSoC_Audio_MIDI.a(UART_1.o)
                0x00000d0c                UART_1_Init
 .text.UART_1_Enable
                0x00000d4c       0x60 .\CortexM3\ARM_GCC_541\Debug\PSoC_Audio_MIDI.a(UART_1.o)
                0x00000d4c                UART_1_Enable
 .text.UART_1_PutChar
                0x00000dac       0x34 .\CortexM3\ARM_GCC_541\Debug\PSoC_Audio_MIDI.a(UART_1.o)
                0x00000dac                UART_1_PutChar
 .text.UART_1_PutString
                0x00000de0       0x44 .\CortexM3\ARM_GCC_541\Debug\PSoC_Audio_MIDI.a(UART_1.o)
                0x00000de0                UART_1_PutString
 .text.WaveDAC8_1_Wave1_DMA_DmaInitialize
                0x00000e24       0x64 .\CortexM3\ARM_GCC_541\Debug\PSoC_Audio_MIDI.a(WaveDAC8_1_Wave1_DMA_dma.o)
                0x00000e24                WaveDAC8_1_Wave1_DMA_DmaInitialize
 .text.WaveDAC8_1_Wave2_DMA_DmaInitialize
                0x00000e88       0x64 .\CortexM3\ARM_GCC_541\Debug\PSoC_Audio_MIDI.a(WaveDAC8_1_Wave2_DMA_dma.o)
                0x00000e88                WaveDAC8_1_Wave2_DMA_DmaInitialize
 .text.WaveDAC8_1_VDAC8_Init
                0x00000eec       0x3c .\CortexM3\ARM_GCC_541\Debug\PSoC_Audio_MIDI.a(WaveDAC8_1_VDAC8.o)
                0x00000eec                WaveDAC8_1_VDAC8_Init
 .text.WaveDAC8_1_VDAC8_Enable
                0x00000f28       0x34 .\CortexM3\ARM_GCC_541\Debug\PSoC_Audio_MIDI.a(WaveDAC8_1_VDAC8.o)
                0x00000f28                WaveDAC8_1_VDAC8_Enable
 .text.WaveDAC8_1_VDAC8_SetSpeed
                0x00000f5c       0x40 .\CortexM3\ARM_GCC_541\Debug\PSoC_Audio_MIDI.a(WaveDAC8_1_VDAC8.o)
                0x00000f5c                WaveDAC8_1_VDAC8_SetSpeed
 .text.WaveDAC8_1_VDAC8_SetRange
                0x00000f9c       0x40 .\CortexM3\ARM_GCC_541\Debug\PSoC_Audio_MIDI.a(WaveDAC8_1_VDAC8.o)
                0x00000f9c                WaveDAC8_1_VDAC8_SetRange
 .text.WaveDAC8_1_VDAC8_SetValue
                0x00000fdc       0x20 .\CortexM3\ARM_GCC_541\Debug\PSoC_Audio_MIDI.a(WaveDAC8_1_VDAC8.o)
                0x00000fdc                WaveDAC8_1_VDAC8_SetValue
 .text.WaveDAC8_1_VDAC8_DacTrim
                0x00000ffc       0x3c .\CortexM3\ARM_GCC_541\Debug\PSoC_Audio_MIDI.a(WaveDAC8_1_VDAC8.o)
                0x00000ffc                WaveDAC8_1_VDAC8_DacTrim
 .text.WaveDAC8_1_BuffAmp_Init
                0x00001038       0x10 .\CortexM3\ARM_GCC_541\Debug\PSoC_Audio_MIDI.a(WaveDAC8_1_BuffAmp.o)
                0x00001038                WaveDAC8_1_BuffAmp_Init
 .text.WaveDAC8_1_BuffAmp_Enable
                0x00001048       0x48 .\CortexM3\ARM_GCC_541\Debug\PSoC_Audio_MIDI.a(WaveDAC8_1_BuffAmp.o)
                0x00001048                WaveDAC8_1_BuffAmp_Enable
 .text.WaveDAC8_1_BuffAmp_SetPower
                0x00001090       0x40 .\CortexM3\ARM_GCC_541\Debug\PSoC_Audio_MIDI.a(WaveDAC8_1_BuffAmp.o)
                0x00001090                WaveDAC8_1_BuffAmp_SetPower
 .text.UART_1_IntClock_Start
                0x000010d0       0x34 .\CortexM3\ARM_GCC_541\Debug\PSoC_Audio_MIDI.a(UART_1_IntClock.o)
                0x000010d0                UART_1_IntClock_Start
 .text.CyDmacConfigure
                0x00001104       0x5c .\CortexM3\ARM_GCC_541\Debug\PSoC_Audio_MIDI.a(CyDmac.o)
                0x00001104                CyDmacConfigure
 .text.CyDmaChEnable
                0x00001160       0x8c .\CortexM3\ARM_GCC_541\Debug\PSoC_Audio_MIDI.a(CyDmac.o)
                0x00001160                CyDmaChEnable
 .text.CyDmaChPriority
                0x000011ec       0x64 .\CortexM3\ARM_GCC_541\Debug\PSoC_Audio_MIDI.a(CyDmac.o)
                0x000011ec                CyDmaChPriority
 .text.CyDmaChSetExtendedAddress
                0x00001250       0x78 .\CortexM3\ARM_GCC_541\Debug\PSoC_Audio_MIDI.a(CyDmac.o)
                0x00001250                CyDmaChSetExtendedAddress
 .text.CyDmaChSetInitialTd
                0x000012c8       0x3c .\CortexM3\ARM_GCC_541\Debug\PSoC_Audio_MIDI.a(CyDmac.o)
                0x000012c8                CyDmaChSetInitialTd
 .text.CyDmaChSetConfiguration
                0x00001304       0xa0 .\CortexM3\ARM_GCC_541\Debug\PSoC_Audio_MIDI.a(CyDmac.o)
                0x00001304                CyDmaChSetConfiguration
 .text.CyDmaTdAllocate
                0x000013a4       0x5c .\CortexM3\ARM_GCC_541\Debug\PSoC_Audio_MIDI.a(CyDmac.o)
                0x000013a4                CyDmaTdAllocate
 .text.CyDmaTdSetConfiguration
                0x00001400       0x80 .\CortexM3\ARM_GCC_541\Debug\PSoC_Audio_MIDI.a(CyDmac.o)
                0x00001400                CyDmaTdSetConfiguration
 .text.CyDmaTdSetAddress
                0x00001480       0x5c .\CortexM3\ARM_GCC_541\Debug\PSoC_Audio_MIDI.a(CyDmac.o)
                0x00001480                CyDmaTdSetAddress
 .text.CyDelay  0x000014dc       0x44 .\CortexM3\ARM_GCC_541\Debug\PSoC_Audio_MIDI.a(CyLib.o)
                0x000014dc                CyDelay
 .text.Pin_Dice_1_Read
                0x00001520       0x20 .\CortexM3\ARM_GCC_541\Debug\PSoC_Audio_MIDI.a(Pin_Dice_1.o)
                0x00001520                Pin_Dice_1_Read
 .text.Pin_Dice_2_Read
                0x00001540       0x20 .\CortexM3\ARM_GCC_541\Debug\PSoC_Audio_MIDI.a(Pin_Dice_2.o)
                0x00001540                Pin_Dice_2_Read
 .text.Pin_Dice_LED_1_Write
                0x00001560       0x3c .\CortexM3\ARM_GCC_541\Debug\PSoC_Audio_MIDI.a(Pin_Dice_LED_1.o)
                0x00001560                Pin_Dice_LED_1_Write
 .text.Pin_Dice_LED_2_Write
                0x0000159c       0x3c .\CortexM3\ARM_GCC_541\Debug\PSoC_Audio_MIDI.a(Pin_Dice_LED_2.o)
                0x0000159c                Pin_Dice_LED_2_Write
 .text.isr_checkMode_StartEx
                0x000015d8       0x24 .\CortexM3\ARM_GCC_541\Debug\PSoC_Audio_MIDI.a(isr_checkMode.o)
                0x000015d8                isr_checkMode_StartEx
 .text.isr_checkMode_SetVector
                0x000015fc       0x24 .\CortexM3\ARM_GCC_541\Debug\PSoC_Audio_MIDI.a(isr_checkMode.o)
                0x000015fc                isr_checkMode_SetVector
 .text.isr_checkMode_SetPriority
                0x00001620       0x24 .\CortexM3\ARM_GCC_541\Debug\PSoC_Audio_MIDI.a(isr_checkMode.o)
                0x00001620                isr_checkMode_SetPriority
 .text.isr_checkMode_Enable
                0x00001644       0x18 .\CortexM3\ARM_GCC_541\Debug\PSoC_Audio_MIDI.a(isr_checkMode.o)
                0x00001644                isr_checkMode_Enable
 .text.isr_checkMode_Disable
                0x0000165c       0x18 .\CortexM3\ARM_GCC_541\Debug\PSoC_Audio_MIDI.a(isr_checkMode.o)
                0x0000165c                isr_checkMode_Disable
 .text.Timer_Mode_Init
                0x00001674       0x9c .\CortexM3\ARM_GCC_541\Debug\PSoC_Audio_MIDI.a(Timer_Mode.o)
                0x00001674                Timer_Mode_Init
 .text.Timer_Mode_Enable
                0x00001710       0x48 .\CortexM3\ARM_GCC_541\Debug\PSoC_Audio_MIDI.a(Timer_Mode.o)
                0x00001710                Timer_Mode_Enable
 .text.Timer_Mode_Start
                0x00001758       0x24 .\CortexM3\ARM_GCC_541\Debug\PSoC_Audio_MIDI.a(Timer_Mode.o)
                0x00001758                Timer_Mode_Start
 .text.Timer_Mode_SetInterruptMode
                0x0000177c       0x20 .\CortexM3\ARM_GCC_541\Debug\PSoC_Audio_MIDI.a(Timer_Mode.o)
                0x0000177c                Timer_Mode_SetInterruptMode
 .text.Timer_Mode_ReadStatusRegister
                0x0000179c       0x18 .\CortexM3\ARM_GCC_541\Debug\PSoC_Audio_MIDI.a(Timer_Mode.o)
                0x0000179c                Timer_Mode_ReadStatusRegister
 .text.Timer_Mode_WritePeriod
                0x000017b4       0x24 .\CortexM3\ARM_GCC_541\Debug\PSoC_Audio_MIDI.a(Timer_Mode.o)
                0x000017b4                Timer_Mode_WritePeriod
 .text.Timer_Mode_WriteCounter
                0x000017d8       0x20 .\CortexM3\ARM_GCC_541\Debug\PSoC_Audio_MIDI.a(Timer_Mode.o)
                0x000017d8                Timer_Mode_WriteCounter
 .text.Clock_Mode_Start
                0x000017f8       0x34 .\CortexM3\ARM_GCC_541\Debug\PSoC_Audio_MIDI.a(Clock_Mode.o)
                0x000017f8                Clock_Mode_Start
 *fill*         0x0000182c        0x4 
 .text          0x00001830       0x20 .\CortexM3\ARM_GCC_541\Debug\PSoC_Audio_MIDI.a(CyBootAsmGnu.o)
                0x00001830                CyDelayCycles
                0x00001840                CyEnterCriticalSection
                0x00001848                CyExitCriticalSection
 .text          0x00001850      0x370 c:/program files (x86)/cypress/psoc creator/4.4/psoc creator/import/gnu/arm/5.4.1/bin/../lib/gcc/arm-none-eabi/5.4.1/armv7-m\libgcc.a(_arm_addsubdf3.o)
                0x00001850                __aeabi_drsub
                0x00001858                __aeabi_dsub
                0x00001858                __subdf3
                0x0000185c                __aeabi_dadd
                0x0000185c                __adddf3
                0x00001ad4                __floatunsidf
                0x00001ad4                __aeabi_ui2d
                0x00001af4                __floatsidf
                0x00001af4                __aeabi_i2d
                0x00001b18                __aeabi_f2d
                0x00001b18                __extendsfdf2
                0x00001b54                __floatundidf
                0x00001b54                __aeabi_ul2d
                0x00001b64                __floatdidf
                0x00001b64                __aeabi_l2d
 .text          0x00001bc0       0x40 c:/program files (x86)/cypress/psoc creator/4.4/psoc creator/import/gnu/arm/5.4.1/bin/../lib/gcc/arm-none-eabi/5.4.1/armv7-m\libgcc.a(_arm_fixunsdfsi.o)
                0x00001bc0                __aeabi_d2uiz
                0x00001bc0                __fixunsdfsi
 .text.__errno  0x00001c00        0xc c:/program files (x86)/cypress/psoc creator/4.4/psoc creator/import/gnu/arm/5.4.1/bin/../lib/gcc/arm-none-eabi/5.4.1/../../../../arm-none-eabi/lib/armv7-m\libg_nano.a(lib_a-errno.o)
                0x00001c00                __errno
 .text.__libc_init_array
                0x00001c0c       0x4c c:/program files (x86)/cypress/psoc creator/4.4/psoc creator/import/gnu/arm/5.4.1/bin/../lib/gcc/arm-none-eabi/5.4.1/../../../../arm-none-eabi/lib/armv7-m\libg_nano.a(lib_a-init.o)
                0x00001c0c                __libc_init_array
 .text.memcpy   0x00001c58       0x16 c:/program files (x86)/cypress/psoc creator/4.4/psoc creator/import/gnu/arm/5.4.1/bin/../lib/gcc/arm-none-eabi/5.4.1/../../../../arm-none-eabi/lib/armv7-m\libg_nano.a(lib_a-memcpy-stub.o)
                0x00001c58                memcpy
 .text.memset   0x00001c6e       0x10 c:/program files (x86)/cypress/psoc creator/4.4/psoc creator/import/gnu/arm/5.4.1/bin/../lib/gcc/arm-none-eabi/5.4.1/../../../../arm-none-eabi/lib/armv7-m\libg_nano.a(lib_a-memset.o)
                0x00001c6e                memset
 *fill*         0x00001c7e        0x2 
 .text.sprintf  0x00001c80       0x48 c:/program files (x86)/cypress/psoc creator/4.4/psoc creator/import/gnu/arm/5.4.1/bin/../lib/gcc/arm-none-eabi/5.4.1/../../../../arm-none-eabi/lib/armv7-m\libg_nano.a(lib_a-sprintf.o)
                0x00001c80                siprintf
                0x00001c80                sprintf
 .text.__ssputs_r
                0x00001cc8       0xb2 c:/program files (x86)/cypress/psoc creator/4.4/psoc creator/import/gnu/arm/5.4.1/bin/../lib/gcc/arm-none-eabi/5.4.1/../../../../arm-none-eabi/lib/armv7-m\libg_nano.a(lib_a-nano-svfprintf.o)
                0x00001cc8                __ssputs_r
 *fill*         0x00001d7a        0x2 
 .text._svfprintf_r
                0x00001d7c      0x1e8 c:/program files (x86)/cypress/psoc creator/4.4/psoc creator/import/gnu/arm/5.4.1/bin/../lib/gcc/arm-none-eabi/5.4.1/../../../../arm-none-eabi/lib/armv7-m\libg_nano.a(lib_a-nano-svfprintf.o)
                0x00001d7c                _svfiprintf_r
                0x00001d7c                _svfprintf_r
 .text._printf_common
                0x00001f64       0xec c:/program files (x86)/cypress/psoc creator/4.4/psoc creator/import/gnu/arm/5.4.1/bin/../lib/gcc/arm-none-eabi/5.4.1/../../../../arm-none-eabi/lib/armv7-m\libg_nano.a(lib_a-nano-vfprintf_i.o)
                0x00001f64                _printf_common
 .text._printf_i
                0x00002050      0x24c c:/program files (x86)/cypress/psoc creator/4.4/psoc creator/import/gnu/arm/5.4.1/bin/../lib/gcc/arm-none-eabi/5.4.1/../../../../arm-none-eabi/lib/armv7-m\libg_nano.a(lib_a-nano-vfprintf_i.o)
                0x00002050                _printf_i
 .text.memchr   0x0000229c       0x1c c:/program files (x86)/cypress/psoc creator/4.4/psoc creator/import/gnu/arm/5.4.1/bin/../lib/gcc/arm-none-eabi/5.4.1/../../../../arm-none-eabi/lib/armv7-m\libg_nano.a(lib_a-memchr-stub.o)
                0x0000229c                memchr
 .text.memmove  0x000022b8       0x36 c:/program files (x86)/cypress/psoc creator/4.4/psoc creator/import/gnu/arm/5.4.1/bin/../lib/gcc/arm-none-eabi/5.4.1/../../../../arm-none-eabi/lib/armv7-m\libg_nano.a(lib_a-memmove.o)
                0x000022b8                memmove
 *fill*         0x000022ee        0x2 
 .text._free_r  0x000022f0       0x98 c:/program files (x86)/cypress/psoc creator/4.4/psoc creator/import/gnu/arm/5.4.1/bin/../lib/gcc/arm-none-eabi/5.4.1/../../../../arm-none-eabi/lib/armv7-m\libg_nano.a(lib_a-nano-freer.o)
                0x000022f0                _free_r
 .text._malloc_r
                0x00002388       0xbc c:/program files (x86)/cypress/psoc creator/4.4/psoc creator/import/gnu/arm/5.4.1/bin/../lib/gcc/arm-none-eabi/5.4.1/../../../../arm-none-eabi/lib/armv7-m\libg_nano.a(lib_a-nano-mallocr.o)
                0x00002388                _malloc_r
 .text._realloc_r
                0x00002444       0x4c c:/program files (x86)/cypress/psoc creator/4.4/psoc creator/import/gnu/arm/5.4.1/bin/../lib/gcc/arm-none-eabi/5.4.1/../../../../arm-none-eabi/lib/armv7-m\libg_nano.a(lib_a-nano-reallocr.o)
                0x00002444                _realloc_r
 .text._sbrk_r  0x00002490       0x20 c:/program files (x86)/cypress/psoc creator/4.4/psoc creator/import/gnu/arm/5.4.1/bin/../lib/gcc/arm-none-eabi/5.4.1/../../../../arm-none-eabi/lib/armv7-m\libg_nano.a(lib_a-sbrkr.o)
                0x00002490                _sbrk_r
 .text.__malloc_lock
                0x000024b0        0x2 c:/program files (x86)/cypress/psoc creator/4.4/psoc creator/import/gnu/arm/5.4.1/bin/../lib/gcc/arm-none-eabi/5.4.1/../../../../arm-none-eabi/lib/armv7-m\libg_nano.a(lib_a-mlock.o)
                0x000024b0                __malloc_lock
 .text.__malloc_unlock
                0x000024b2        0x2 c:/program files (x86)/cypress/psoc creator/4.4/psoc creator/import/gnu/arm/5.4.1/bin/../lib/gcc/arm-none-eabi/5.4.1/../../../../arm-none-eabi/lib/armv7-m\libg_nano.a(lib_a-mlock.o)
                0x000024b2                __malloc_unlock
 .text._malloc_usable_size_r
                0x000024b4       0x14 c:/program files (x86)/cypress/psoc creator/4.4/psoc creator/import/gnu/arm/5.4.1/bin/../lib/gcc/arm-none-eabi/5.4.1/../../../../arm-none-eabi/lib/armv7-m\libg_nano.a(lib_a-nano-msizer.o)
                0x000024b4                _malloc_usable_size_r
 *(.plt)
 *(.gnu.warning)
 *(.glue_7t)
 .glue_7t       0x000024c8        0x0 linker stubs
 *(.glue_7)
 .glue_7        0x000024c8        0x0 linker stubs
 *(.vfp11_veneer)
 .vfp11_veneer  0x000024c8        0x0 linker stubs
 *(.bootloader)
 *(.ARM.extab* .gnu.linkonce.armextab.*)
 *(.gcc_except_table)

.v4_bx          0x000024c8        0x0
 .v4_bx         0x000024c8        0x0 linker stubs

.iplt           0x000024c8        0x0
 .iplt          0x000024c8        0x0 c:/program files (x86)/cypress/psoc creator/4.4/psoc creator/import/gnu/arm/5.4.1/bin/../lib/gcc/arm-none-eabi/5.4.1/armv7-m/crtbegin.o

.eh_frame_hdr
 *(.eh_frame_hdr)

.eh_frame       0x000024c8        0x4
 *(.eh_frame)
 .eh_frame      0x000024c8        0x0 c:/program files (x86)/cypress/psoc creator/4.4/psoc creator/import/gnu/arm/5.4.1/bin/../lib/gcc/arm-none-eabi/5.4.1/armv7-m/crtbegin.o
 .eh_frame      0x000024c8        0x4 c:/program files (x86)/cypress/psoc creator/4.4/psoc creator/import/gnu/arm/5.4.1/bin/../lib/gcc/arm-none-eabi/5.4.1/armv7-m/crtend.o
                [!provide]                PROVIDE (__exidx_start, .)

.ARM.exidx
 *(.ARM.exidx* .gnu.linkonce.armexidx.*)
                0x000024cc                __exidx_end = .

.rodata         0x000024d0      0x768
 *(.rodata .rodata.* .gnu.linkonce.r.*)
 .rodata        0x000024d0      0x5e1 .\CortexM3\ARM_GCC_541\Debug\main.o
                0x000024d0                notes
                0x00002614                intFrequency
                0x000026f0                frequency
 *fill*         0x00002ab1        0x3 
 .rodata        0x00002ab4       0x4e .\CortexM3\ARM_GCC_541\Debug\cyfitter_cfg.o
 *fill*         0x00002b02        0x2 
 .rodata        0x00002b04       0xc8 .\CortexM3\ARM_GCC_541\Debug\PSoC_Audio_MIDI.a(WaveDAC8_1.o)
                0x00002b04                WaveDAC8_1_wave1
                0x00002b68                WaveDAC8_1_wave2
 .rodata.str1.1
                0x00002bcc        0x2 c:/program files (x86)/cypress/psoc creator/4.4/psoc creator/import/gnu/arm/5.4.1/bin/../lib/gcc/arm-none-eabi/5.4.1/../../../../arm-none-eabi/lib/armv7-m\libg_nano.a(lib_a-impure.o)
 .rodata.str1.1
                0x00002bce       0x11 c:/program files (x86)/cypress/psoc creator/4.4/psoc creator/import/gnu/arm/5.4.1/bin/../lib/gcc/arm-none-eabi/5.4.1/../../../../arm-none-eabi/lib/armv7-m\libg_nano.a(lib_a-nano-svfprintf.o)
 .rodata.str1.1
                0x00002bdf       0x22 c:/program files (x86)/cypress/psoc creator/4.4/psoc creator/import/gnu/arm/5.4.1/bin/../lib/gcc/arm-none-eabi/5.4.1/../../../../arm-none-eabi/lib/armv7-m\libg_nano.a(lib_a-nano-vfprintf_i.o)
                0x00002c04                . = ALIGN (0x4)
 *fill*         0x00002c01        0x3 
 *(.init)
 .init          0x00002c04        0x4 c:/program files (x86)/cypress/psoc creator/4.4/psoc creator/import/gnu/arm/5.4.1/bin/../lib/gcc/arm-none-eabi/5.4.1/armv7-m/crti.o
                0x00002c04                _init
 .init          0x00002c08        0x8 c:/program files (x86)/cypress/psoc creator/4.4/psoc creator/import/gnu/arm/5.4.1/bin/../lib/gcc/arm-none-eabi/5.4.1/armv7-m/crtn.o
                0x00002c10                . = ALIGN (0x4)
                0x00002c10                __preinit_array_start = .
 *(.preinit_array)
                0x00002c10                __preinit_array_end = .
                0x00002c10                . = ALIGN (0x4)
                0x00002c10                __init_array_start = .
 *(SORT(.init_array.*))
 *(.init_array)
 .init_array    0x00002c10        0x4 c:/program files (x86)/cypress/psoc creator/4.4/psoc creator/import/gnu/arm/5.4.1/bin/../lib/gcc/arm-none-eabi/5.4.1/armv7-m/crtbegin.o
 .init_array    0x00002c14        0x4 .\CortexM3\ARM_GCC_541\Debug\Cm3Start.o
                0x00002c18                __init_array_end = .
                0x00002c18                . = ALIGN (0x4)
 *(.fini)
 .fini          0x00002c18        0x4 c:/program files (x86)/cypress/psoc creator/4.4/psoc creator/import/gnu/arm/5.4.1/bin/../lib/gcc/arm-none-eabi/5.4.1/armv7-m/crti.o
                0x00002c18                _fini
 .fini          0x00002c1c        0x8 c:/program files (x86)/cypress/psoc creator/4.4/psoc creator/import/gnu/arm/5.4.1/bin/../lib/gcc/arm-none-eabi/5.4.1/armv7-m/crtn.o
                0x00002c24                . = ALIGN (0x4)
                0x00002c24                __fini_array_start = .
 *(.fini_array)
 .fini_array    0x00002c24        0x4 c:/program files (x86)/cypress/psoc creator/4.4/psoc creator/import/gnu/arm/5.4.1/bin/../lib/gcc/arm-none-eabi/5.4.1/armv7-m/crtbegin.o
 *(SORT(.fini_array.*))
                0x00002c28                __fini_array_end = .
                0x00002c28                . = ALIGN (0x4)
 *crtbegin.o(.ctors)
 *(EXCLUDE_FILE(*crtend.o) .ctors)
 *(SORT(.ctors.*))
 *crtend.o(.ctors)
                0x00002c28                . = ALIGN (0x4)
 *crtbegin.o(.dtors)
 *(EXCLUDE_FILE(*crtend.o) .dtors)
 *(SORT(.dtors.*))
 *crtend.o(.dtors)
                0x00002c28                . = ALIGN (0x4)
                0x00002c28                __cy_regions = .
                0x00002c28        0x4 LONG 0x2c38 __cy_region_init_ram
                0x00002c2c        0x4 LONG 0x1fff80c8 __cy_region_start_data
                0x00002c30        0x4 LONG 0x90 __cy_region_init_size_ram
                0x00002c34        0x4 LONG 0xb8 __cy_region_zero_size_ram
                0x00002c38                __cy_regions_end = .
                0x00002c38                . = ALIGN (0x8)
                0x00002c38                _etext = .

.cy_checksum_exclude
                0x00002c38        0x0
 *(.cy_checksum_exclude)

.ramvectors     0x1fff8000       0xc0
                0x1fff8000                __cy_region_start_ram = .
 *(.ramvectors)
 .ramvectors    0x1fff8000       0xc0 .\CortexM3\ARM_GCC_541\Debug\Cm3Start.o
                0x1fff8000                CyRamVectors

.noinit         0x1fff80c0        0x5
 *(.noinit)
 .noinit        0x1fff80c0        0x4 .\CortexM3\ARM_GCC_541\Debug\Cm3Start.o
 .noinit        0x1fff80c4        0x1 .\CortexM3\ARM_GCC_541\Debug\PSoC_Audio_MIDI.a(CyLib.o)
                0x1fff80c4                CyResetStatus

.data           0x1fff80c8       0x90 load address 0x00002c38
                0x1fff80c8                __cy_region_start_data = .
 *(.jcr)
 .jcr           0x1fff80c8        0x0 c:/program files (x86)/cypress/psoc creator/4.4/psoc creator/import/gnu/arm/5.4.1/bin/../lib/gcc/arm-none-eabi/5.4.1/armv7-m/crtbegin.o
 .jcr           0x1fff80c8        0x4 c:/program files (x86)/cypress/psoc creator/4.4/psoc creator/import/gnu/arm/5.4.1/bin/../lib/gcc/arm-none-eabi/5.4.1/armv7-m/crtend.o
 *(.got.plt)
 *(.got)
 *(.shdata)
 *(.data .data.* .gnu.linkonce.d.*)
 .data          0x1fff80cc        0x6 .\CortexM3\ARM_GCC_541\Debug\main.o
                0x1fff80cc                delayMS
                0x1fff80ce                checkingMode
                0x1fff80d0                freqClockDivCounter
 *fill*         0x1fff80d2        0x2 
 .data          0x1fff80d4        0x4 .\CortexM3\ARM_GCC_541\Debug\Cm3Start.o
 .data          0x1fff80d8        0x1 .\CortexM3\ARM_GCC_541\Debug\PSoC_Audio_MIDI.a(WaveDAC8_1_Wave1_DMA_dma.o)
                0x1fff80d8                WaveDAC8_1_Wave1_DMA_DmaHandle
 .data          0x1fff80d9        0x1 .\CortexM3\ARM_GCC_541\Debug\PSoC_Audio_MIDI.a(WaveDAC8_1_Wave2_DMA_dma.o)
                0x1fff80d9                WaveDAC8_1_Wave2_DMA_DmaHandle
 *fill*         0x1fff80da        0x2 
 .data          0x1fff80dc        0x8 .\CortexM3\ARM_GCC_541\Debug\PSoC_Audio_MIDI.a(CyDmac.o)
 .data          0x1fff80e4       0x10 .\CortexM3\ARM_GCC_541\Debug\PSoC_Audio_MIDI.a(CyLib.o)
                0x1fff80e4                cydelay_freq_hz
                0x1fff80e8                cydelay_freq_khz
                0x1fff80ec                cydelay_freq_mhz
                0x1fff80f0                cydelay_32k_ms
 .data.impure_data
                0x1fff80f4       0x60 c:/program files (x86)/cypress/psoc creator/4.4/psoc creator/import/gnu/arm/5.4.1/bin/../lib/gcc/arm-none-eabi/5.4.1/../../../../arm-none-eabi/lib/armv7-m\libg_nano.a(lib_a-impure.o)
 .data._impure_ptr
                0x1fff8154        0x4 c:/program files (x86)/cypress/psoc creator/4.4/psoc creator/import/gnu/arm/5.4.1/bin/../lib/gcc/arm-none-eabi/5.4.1/../../../../arm-none-eabi/lib/armv7-m\libg_nano.a(lib_a-impure.o)
                0x1fff8154                _impure_ptr
                0x1fff8158                . = ALIGN (0x8)
 *(.ram)
                0x1fff8158                _edata = .

.igot.plt       0x1fff8158        0x0 load address 0x00002cc8
 .igot.plt      0x1fff8158        0x0 c:/program files (x86)/cypress/psoc creator/4.4/psoc creator/import/gnu/arm/5.4.1/bin/../lib/gcc/arm-none-eabi/5.4.1/armv7-m/crtbegin.o

.bss            0x1fff8158       0xb8 load address 0x00002cc8
                0x1fff8158                PROVIDE (__bss_start__, .)
 *(.shbss)
 *(.bss .bss.* .gnu.linkonce.b.*)
 .bss           0x1fff8158       0x1c c:/program files (x86)/cypress/psoc creator/4.4/psoc creator/import/gnu/arm/5.4.1/bin/../lib/gcc/arm-none-eabi/5.4.1/armv7-m/crtbegin.o
 .bss           0x1fff8174        0x3 .\CortexM3\ARM_GCC_541\Debug\main.o
                0x1fff8174                onOffCount
                0x1fff8175                mode
                0x1fff8176                modeFlag
 .bss           0x1fff8177        0x5 .\CortexM3\ARM_GCC_541\Debug\PSoC_Audio_MIDI.a(WaveDAC8_1.o)
                0x1fff8177                WaveDAC8_1_initVar
 .bss           0x1fff817c        0x2 .\CortexM3\ARM_GCC_541\Debug\PSoC_Audio_MIDI.a(UART_1.o)
                0x1fff817c                UART_1_initVar
 .bss           0x1fff817e        0x1 .\CortexM3\ARM_GCC_541\Debug\PSoC_Audio_MIDI.a(Timer_Mode.o)
                0x1fff817e                Timer_Mode_initVar
 *fill*         0x1fff817f        0x1 
 .bss.__malloc_sbrk_start
                0x1fff8180        0x4 c:/program files (x86)/cypress/psoc creator/4.4/psoc creator/import/gnu/arm/5.4.1/bin/../lib/gcc/arm-none-eabi/5.4.1/../../../../arm-none-eabi/lib/armv7-m\libg_nano.a(lib_a-nano-mallocr.o)
                0x1fff8180                __malloc_sbrk_start
 .bss.__malloc_free_list
                0x1fff8184        0x4 c:/program files (x86)/cypress/psoc creator/4.4/psoc creator/import/gnu/arm/5.4.1/bin/../lib/gcc/arm-none-eabi/5.4.1/../../../../arm-none-eabi/lib/armv7-m\libg_nano.a(lib_a-nano-mallocr.o)
                0x1fff8184                __malloc_free_list
 *(COMMON)
 COMMON         0x1fff8188       0x80 .\CortexM3\ARM_GCC_541\Debug\main.o
                0x1fff8188                intFreq
                0x1fff8190                freq
                0x1fff8198                dice1
                0x1fff819c                note
                0x1fff819f                noteIndex
                0x1fff81a0                transmitBuffer
                0x1fff8204                dice2
 COMMON         0x1fff8208        0x4 c:/program files (x86)/cypress/psoc creator/4.4/psoc creator/import/gnu/arm/5.4.1/bin/../lib/gcc/arm-none-eabi/5.4.1/../../../../arm-none-eabi/lib/armv7-m\libg_nano.a(lib_a-reent.o)
                0x1fff8208                errno
                0x1fff8210                . = ALIGN (0x8)
 *fill*         0x1fff820c        0x4 
 *(.ram.b)
                0x1fff8210                _end = .
                0x1fff8210                __end = .
                0x1fff8210                PROVIDE (end, .)
                0x1fff8210                PROVIDE (__bss_end__, .)
                0x00002c38                __cy_region_init_ram = LOADADDR (.data)
                0x00000090                __cy_region_init_size_ram = (_edata - ADDR (.data))
                0x000000b8                __cy_region_zero_size_ram = (_end - _edata)

.heap           0x1fff8210     0x1000 load address 0x00002cc8
                0x1fff8210                . = _end
                0x1fff9210                . = (. + 0x1000)
 *fill*         0x1fff8210     0x1000 
                0x1fff9210                __cy_heap_limit = .

.stack          0x20004000     0x4000
                0x20004000                __cy_stack_limit = .
                0x20008000                . = (. + 0x4000)
 *fill*         0x20004000     0x4000 
                0x00000001                ASSERT ((__cy_stack_limit >= __cy_heap_limit), region RAM overflowed with stack)
                0x00000000                cy_checksum_exclude_size = (CY_APPL_LOADABLE == 0x1)?SIZEOF (.cy_checksum_exclude):0x0
                0x00000001                ASSERT ((cy_checksum_exclude_size <= CY_CHECKSUM_EXCLUDE_SIZE), CY_BOOT: Section .cy_checksum_exclude size exceedes specified limit.)

.cyloadermeta
 *(.cyloadermeta)

.cyloadablemeta
 *(.cyloadablemeta)

.cyconfigecc    0x80000000      0x414
 *(.cyconfigecc)
 .cyconfigecc   0x80000000      0x414 .\CortexM3\ARM_GCC_541\Debug\cymetadata.o
                0x80000000                cy_meta_configecc

.cycustnvl      0x90000000        0x4
 *(.cycustnvl)
 .cycustnvl     0x90000000        0x4 .\CortexM3\ARM_GCC_541\Debug\cymetadata.o
                0x90000000                cy_meta_custnvl

.cywolatch      0x90100000        0x4
 *(.cywolatch)
 .cywolatch     0x90100000        0x4 .\CortexM3\ARM_GCC_541\Debug\cymetadata.o
                0x90100000                cy_meta_wonvl

.cyeeprom       0x90200000        0x0
 *(.cyeeprom)
                0x00000001                ASSERT ((. <= ((0x90200000 + ee_offset) + ee_size)), .cyeeprom data will not fit in EEPROM)

.cyflashprotect
                0x90400000      0x100
 *(.cyflashprotect)
 .cyflashprotect
                0x90400000      0x100 .\CortexM3\ARM_GCC_541\Debug\cymetadata.o
                0x90400000                cy_meta_flashprotect

.cymeta         0x90500000        0xc
 *(.cymeta)
 .cymeta        0x90500000        0xc .\CortexM3\ARM_GCC_541\Debug\cymetadata.o
                0x90500000                cy_metadata

.rel.dyn        0x00002cc8        0x0 load address 0x9050000c
 .rel.iplt      0x00002cc8        0x0 c:/program files (x86)/cypress/psoc creator/4.4/psoc creator/import/gnu/arm/5.4.1/bin/../lib/gcc/arm-none-eabi/5.4.1/armv7-m/crtbegin.o

.stab
 *(.stab)

.stabstr
 *(.stabstr)

.debug
 *(.debug)

.line
 *(.line)

.debug_srcinfo
 *(.debug_srcinfo)

.debug_sfnames
 *(.debug_sfnames)

.debug_aranges  0x00000000      0xb88
 *(.debug_aranges)
 .debug_aranges
                0x00000000       0x40 .\CortexM3\ARM_GCC_541\Debug\main.o
 .debug_aranges
                0x00000040       0x60 .\CortexM3\ARM_GCC_541\Debug\cyfitter_cfg.o
 .debug_aranges
                0x000000a0       0x18 .\CortexM3\ARM_GCC_541\Debug\cymetadata.o
 .debug_aranges
                0x000000b8       0x48 .\CortexM3\ARM_GCC_541\Debug\Cm3Start.o
 .debug_aranges
                0x00000100       0x50 .\CortexM3\ARM_GCC_541\Debug\PSoC_Audio_MIDI.a(WaveDAC8_1.o)
 .debug_aranges
                0x00000150       0x70 .\CortexM3\ARM_GCC_541\Debug\PSoC_Audio_MIDI.a(Clock_1.o)
 .debug_aranges
                0x000001c0       0xf0 .\CortexM3\ARM_GCC_541\Debug\PSoC_Audio_MIDI.a(UART_1.o)
 .debug_aranges
                0x000002b0       0x28 .\CortexM3\ARM_GCC_541\Debug\PSoC_Audio_MIDI.a(WaveDAC8_1_Wave1_DMA_dma.o)
 .debug_aranges
                0x000002d8       0x28 .\CortexM3\ARM_GCC_541\Debug\PSoC_Audio_MIDI.a(WaveDAC8_1_Wave2_DMA_dma.o)
 .debug_aranges
                0x00000300       0x58 .\CortexM3\ARM_GCC_541\Debug\PSoC_Audio_MIDI.a(WaveDAC8_1_VDAC8.o)
 .debug_aranges
                0x00000358       0x40 .\CortexM3\ARM_GCC_541\Debug\PSoC_Audio_MIDI.a(WaveDAC8_1_BuffAmp.o)
 .debug_aranges
                0x00000398       0x70 .\CortexM3\ARM_GCC_541\Debug\PSoC_Audio_MIDI.a(UART_1_IntClock.o)
 .debug_aranges
                0x00000408       0xd8 .\CortexM3\ARM_GCC_541\Debug\PSoC_Audio_MIDI.a(CyDmac.o)
 .debug_aranges
                0x000004e0      0x2a0 .\CortexM3\ARM_GCC_541\Debug\PSoC_Audio_MIDI.a(CyLib.o)
 .debug_aranges
                0x00000780       0x98 .\CortexM3\ARM_GCC_541\Debug\PSoC_Audio_MIDI.a(cyPm.o)
 .debug_aranges
                0x00000818       0x38 .\CortexM3\ARM_GCC_541\Debug\PSoC_Audio_MIDI.a(Pin_Dice_1.o)
 .debug_aranges
                0x00000850       0x38 .\CortexM3\ARM_GCC_541\Debug\PSoC_Audio_MIDI.a(Pin_Dice_2.o)
 .debug_aranges
                0x00000888       0x38 .\CortexM3\ARM_GCC_541\Debug\PSoC_Audio_MIDI.a(Pin_Dice_LED_1.o)
 .debug_aranges
                0x000008c0       0x38 .\CortexM3\ARM_GCC_541\Debug\PSoC_Audio_MIDI.a(Pin_Dice_LED_2.o)
 .debug_aranges
                0x000008f8       0x80 .\CortexM3\ARM_GCC_541\Debug\PSoC_Audio_MIDI.a(isr_checkMode.o)
 .debug_aranges
                0x00000978       0x88 .\CortexM3\ARM_GCC_541\Debug\PSoC_Audio_MIDI.a(Timer_Mode.o)
 .debug_aranges
                0x00000a00       0x70 .\CortexM3\ARM_GCC_541\Debug\PSoC_Audio_MIDI.a(Clock_Mode.o)
 .debug_aranges
                0x00000a70       0x20 .\CortexM3\ARM_GCC_541\Debug\PSoC_Audio_MIDI.a(CyBootAsmGnu.o)
 .debug_aranges
                0x00000a90       0x80 .\CortexM3\ARM_GCC_541\Debug\PSoC_Audio_MIDI.a(CyFlash.o)
 .debug_aranges
                0x00000b10       0x78 .\CortexM3\ARM_GCC_541\Debug\PSoC_Audio_MIDI.a(CySpc.o)

.debug_pubnames
 *(.debug_pubnames)

.debug_info     0x00000000     0x4d27
 *(.debug_info .gnu.linkonce.wi.*)
 .debug_info    0x00000000      0x334 .\CortexM3\ARM_GCC_541\Debug\main.o
 .debug_info    0x00000334      0x452 .\CortexM3\ARM_GCC_541\Debug\cyfitter_cfg.o
 .debug_info    0x00000786      0x135 .\CortexM3\ARM_GCC_541\Debug\cymetadata.o
 .debug_info    0x000008bb      0x32b .\CortexM3\ARM_GCC_541\Debug\Cm3Start.o
 .debug_info    0x00000be6      0x248 .\CortexM3\ARM_GCC_541\Debug\PSoC_Audio_MIDI.a(WaveDAC8_1.o)
 .debug_info    0x00000e2e      0x25d .\CortexM3\ARM_GCC_541\Debug\PSoC_Audio_MIDI.a(Clock_1.o)
 .debug_info    0x0000108b      0x50a .\CortexM3\ARM_GCC_541\Debug\PSoC_Audio_MIDI.a(UART_1.o)
 .debug_info    0x00001595      0x11b .\CortexM3\ARM_GCC_541\Debug\PSoC_Audio_MIDI.a(WaveDAC8_1_Wave1_DMA_dma.o)
 .debug_info    0x000016b0      0x11b .\CortexM3\ARM_GCC_541\Debug\PSoC_Audio_MIDI.a(WaveDAC8_1_Wave2_DMA_dma.o)
 .debug_info    0x000017cb      0x185 .\CortexM3\ARM_GCC_541\Debug\PSoC_Audio_MIDI.a(WaveDAC8_1_VDAC8.o)
 .debug_info    0x00001950      0x125 .\CortexM3\ARM_GCC_541\Debug\PSoC_Audio_MIDI.a(WaveDAC8_1_BuffAmp.o)
 .debug_info    0x00001a75      0x25d .\CortexM3\ARM_GCC_541\Debug\PSoC_Audio_MIDI.a(UART_1_IntClock.o)
 .debug_info    0x00001cd2      0x8c0 .\CortexM3\ARM_GCC_541\Debug\PSoC_Audio_MIDI.a(CyDmac.o)
 .debug_info    0x00002592      0xe51 .\CortexM3\ARM_GCC_541\Debug\PSoC_Audio_MIDI.a(CyLib.o)
 .debug_info    0x000033e3      0x57a .\CortexM3\ARM_GCC_541\Debug\PSoC_Audio_MIDI.a(cyPm.o)
 .debug_info    0x0000395d      0x11e .\CortexM3\ARM_GCC_541\Debug\PSoC_Audio_MIDI.a(Pin_Dice_1.o)
 .debug_info    0x00003a7b      0x11e .\CortexM3\ARM_GCC_541\Debug\PSoC_Audio_MIDI.a(Pin_Dice_2.o)
 .debug_info    0x00003b99      0x11e .\CortexM3\ARM_GCC_541\Debug\PSoC_Audio_MIDI.a(Pin_Dice_LED_1.o)
 .debug_info    0x00003cb7      0x11e .\CortexM3\ARM_GCC_541\Debug\PSoC_Audio_MIDI.a(Pin_Dice_LED_2.o)
 .debug_info    0x00003dd5      0x241 .\CortexM3\ARM_GCC_541\Debug\PSoC_Audio_MIDI.a(isr_checkMode.o)
 .debug_info    0x00004016      0x245 .\CortexM3\ARM_GCC_541\Debug\PSoC_Audio_MIDI.a(Timer_Mode.o)
 .debug_info    0x0000425b      0x25d .\CortexM3\ARM_GCC_541\Debug\PSoC_Audio_MIDI.a(Clock_Mode.o)
 .debug_info    0x000044b8       0xa4 .\CortexM3\ARM_GCC_541\Debug\PSoC_Audio_MIDI.a(CyBootAsmGnu.o)
 .debug_info    0x0000455c      0x371 .\CortexM3\ARM_GCC_541\Debug\PSoC_Audio_MIDI.a(CyFlash.o)
 .debug_info    0x000048cd      0x45a .\CortexM3\ARM_GCC_541\Debug\PSoC_Audio_MIDI.a(CySpc.o)

.debug_abbrev   0x00000000     0x19c1
 *(.debug_abbrev)
 .debug_abbrev  0x00000000      0x125 .\CortexM3\ARM_GCC_541\Debug\main.o
 .debug_abbrev  0x00000125      0x1b7 .\CortexM3\ARM_GCC_541\Debug\cyfitter_cfg.o
 .debug_abbrev  0x000002dc       0x66 .\CortexM3\ARM_GCC_541\Debug\cymetadata.o
 .debug_abbrev  0x00000342      0x1d6 .\CortexM3\ARM_GCC_541\Debug\Cm3Start.o
 .debug_abbrev  0x00000518       0xe3 .\CortexM3\ARM_GCC_541\Debug\PSoC_Audio_MIDI.a(WaveDAC8_1.o)
 .debug_abbrev  0x000005fb      0x11d .\CortexM3\ARM_GCC_541\Debug\PSoC_Audio_MIDI.a(Clock_1.o)
 .debug_abbrev  0x00000718      0x163 .\CortexM3\ARM_GCC_541\Debug\PSoC_Audio_MIDI.a(UART_1.o)
 .debug_abbrev  0x0000087b       0x8b .\CortexM3\ARM_GCC_541\Debug\PSoC_Audio_MIDI.a(WaveDAC8_1_Wave1_DMA_dma.o)
 .debug_abbrev  0x00000906       0x8b .\CortexM3\ARM_GCC_541\Debug\PSoC_Audio_MIDI.a(WaveDAC8_1_Wave2_DMA_dma.o)
 .debug_abbrev  0x00000991       0xeb .\CortexM3\ARM_GCC_541\Debug\PSoC_Audio_MIDI.a(WaveDAC8_1_VDAC8.o)
 .debug_abbrev  0x00000a7c       0xa8 .\CortexM3\ARM_GCC_541\Debug\PSoC_Audio_MIDI.a(WaveDAC8_1_BuffAmp.o)
 .debug_abbrev  0x00000b24      0x11d .\CortexM3\ARM_GCC_541\Debug\PSoC_Audio_MIDI.a(UART_1_IntClock.o)
 .debug_abbrev  0x00000c41      0x194 .\CortexM3\ARM_GCC_541\Debug\PSoC_Audio_MIDI.a(CyDmac.o)
 .debug_abbrev  0x00000dd5      0x217 .\CortexM3\ARM_GCC_541\Debug\PSoC_Audio_MIDI.a(CyLib.o)
 .debug_abbrev  0x00000fec      0x161 .\CortexM3\ARM_GCC_541\Debug\PSoC_Audio_MIDI.a(cyPm.o)
 .debug_abbrev  0x0000114d       0x90 .\CortexM3\ARM_GCC_541\Debug\PSoC_Audio_MIDI.a(Pin_Dice_1.o)
 .debug_abbrev  0x000011dd       0x90 .\CortexM3\ARM_GCC_541\Debug\PSoC_Audio_MIDI.a(Pin_Dice_2.o)
 .debug_abbrev  0x0000126d       0x90 .\CortexM3\ARM_GCC_541\Debug\PSoC_Audio_MIDI.a(Pin_Dice_LED_1.o)
 .debug_abbrev  0x000012fd       0x90 .\CortexM3\ARM_GCC_541\Debug\PSoC_Audio_MIDI.a(Pin_Dice_LED_2.o)
 .debug_abbrev  0x0000138d      0x172 .\CortexM3\ARM_GCC_541\Debug\PSoC_Audio_MIDI.a(isr_checkMode.o)
 .debug_abbrev  0x000014ff       0xe9 .\CortexM3\ARM_GCC_541\Debug\PSoC_Audio_MIDI.a(Timer_Mode.o)
 .debug_abbrev  0x000015e8      0x11d .\CortexM3\ARM_GCC_541\Debug\PSoC_Audio_MIDI.a(Clock_Mode.o)
 .debug_abbrev  0x00001705       0x14 .\CortexM3\ARM_GCC_541\Debug\PSoC_Audio_MIDI.a(CyBootAsmGnu.o)
 .debug_abbrev  0x00001719      0x13c .\CortexM3\ARM_GCC_541\Debug\PSoC_Audio_MIDI.a(CyFlash.o)
 .debug_abbrev  0x00001855      0x16c .\CortexM3\ARM_GCC_541\Debug\PSoC_Audio_MIDI.a(CySpc.o)

.debug_line     0x00000000     0x2b98
 *(.debug_line)
 .debug_line    0x00000000      0x25c .\CortexM3\ARM_GCC_541\Debug\main.o
 .debug_line    0x0000025c      0x221 .\CortexM3\ARM_GCC_541\Debug\cyfitter_cfg.o
 .debug_line    0x0000047d      0x141 .\CortexM3\ARM_GCC_541\Debug\cymetadata.o
 .debug_line    0x000005be      0x1db .\CortexM3\ARM_GCC_541\Debug\Cm3Start.o
 .debug_line    0x00000799       0xf0 .\CortexM3\ARM_GCC_541\Debug\PSoC_Audio_MIDI.a(WaveDAC8_1.o)
 .debug_line    0x00000889      0x1a6 .\CortexM3\ARM_GCC_541\Debug\PSoC_Audio_MIDI.a(Clock_1.o)
 .debug_line    0x00000a2f      0x2e4 .\CortexM3\ARM_GCC_541\Debug\PSoC_Audio_MIDI.a(UART_1.o)
 .debug_line    0x00000d13       0x87 .\CortexM3\ARM_GCC_541\Debug\PSoC_Audio_MIDI.a(WaveDAC8_1_Wave1_DMA_dma.o)
 .debug_line    0x00000d9a       0x87 .\CortexM3\ARM_GCC_541\Debug\PSoC_Audio_MIDI.a(WaveDAC8_1_Wave2_DMA_dma.o)
 .debug_line    0x00000e21       0xf8 .\CortexM3\ARM_GCC_541\Debug\PSoC_Audio_MIDI.a(WaveDAC8_1_VDAC8.o)
 .debug_line    0x00000f19       0xba .\CortexM3\ARM_GCC_541\Debug\PSoC_Audio_MIDI.a(WaveDAC8_1_BuffAmp.o)
 .debug_line    0x00000fd3      0x1ae .\CortexM3\ARM_GCC_541\Debug\PSoC_Audio_MIDI.a(UART_1_IntClock.o)
 .debug_line    0x00001181      0x2b6 .\CortexM3\ARM_GCC_541\Debug\PSoC_Audio_MIDI.a(CyDmac.o)
 .debug_line    0x00001437      0x883 .\CortexM3\ARM_GCC_541\Debug\PSoC_Audio_MIDI.a(CyLib.o)
 .debug_line    0x00001cba      0x38e .\CortexM3\ARM_GCC_541\Debug\PSoC_Audio_MIDI.a(cyPm.o)
 .debug_line    0x00002048       0x9a .\CortexM3\ARM_GCC_541\Debug\PSoC_Audio_MIDI.a(Pin_Dice_1.o)
 .debug_line    0x000020e2       0x9a .\CortexM3\ARM_GCC_541\Debug\PSoC_Audio_MIDI.a(Pin_Dice_2.o)
 .debug_line    0x0000217c       0x9e .\CortexM3\ARM_GCC_541\Debug\PSoC_Audio_MIDI.a(Pin_Dice_LED_1.o)
 .debug_line    0x0000221a       0x9e .\CortexM3\ARM_GCC_541\Debug\PSoC_Audio_MIDI.a(Pin_Dice_LED_2.o)
 .debug_line    0x000022b8      0x158 .\CortexM3\ARM_GCC_541\Debug\PSoC_Audio_MIDI.a(isr_checkMode.o)
 .debug_line    0x00002410      0x162 .\CortexM3\ARM_GCC_541\Debug\PSoC_Audio_MIDI.a(Timer_Mode.o)
 .debug_line    0x00002572      0x1a9 .\CortexM3\ARM_GCC_541\Debug\PSoC_Audio_MIDI.a(Clock_Mode.o)
 .debug_line    0x0000271b       0x66 .\CortexM3\ARM_GCC_541\Debug\PSoC_Audio_MIDI.a(CyBootAsmGnu.o)
 .debug_line    0x00002781      0x205 .\CortexM3\ARM_GCC_541\Debug\PSoC_Audio_MIDI.a(CyFlash.o)
 .debug_line    0x00002986      0x212 .\CortexM3\ARM_GCC_541\Debug\PSoC_Audio_MIDI.a(CySpc.o)

.debug_frame    0x00000000     0x3064
 *(.debug_frame)
 .debug_frame   0x00000000       0xbc .\CortexM3\ARM_GCC_541\Debug\main.o
 .debug_frame   0x000000bc      0x16c .\CortexM3\ARM_GCC_541\Debug\cyfitter_cfg.o
 .debug_frame   0x00000228       0xd8 .\CortexM3\ARM_GCC_541\Debug\Cm3Start.o
 .debug_frame   0x00000300       0xf8 .\CortexM3\ARM_GCC_541\Debug\PSoC_Audio_MIDI.a(WaveDAC8_1.o)
 .debug_frame   0x000003f8      0x1b4 .\CortexM3\ARM_GCC_541\Debug\PSoC_Audio_MIDI.a(Clock_1.o)
 .debug_frame   0x000005ac      0x42c .\CortexM3\ARM_GCC_541\Debug\PSoC_Audio_MIDI.a(UART_1.o)
 .debug_frame   0x000009d8       0x58 .\CortexM3\ARM_GCC_541\Debug\PSoC_Audio_MIDI.a(WaveDAC8_1_Wave1_DMA_dma.o)
 .debug_frame   0x00000a30       0x58 .\CortexM3\ARM_GCC_541\Debug\PSoC_Audio_MIDI.a(WaveDAC8_1_Wave2_DMA_dma.o)
 .debug_frame   0x00000a88      0x130 .\CortexM3\ARM_GCC_541\Debug\PSoC_Audio_MIDI.a(WaveDAC8_1_VDAC8.o)
 .debug_frame   0x00000bb8       0xb8 .\CortexM3\ARM_GCC_541\Debug\PSoC_Audio_MIDI.a(WaveDAC8_1_BuffAmp.o)
 .debug_frame   0x00000c70      0x1b4 .\CortexM3\ARM_GCC_541\Debug\PSoC_Audio_MIDI.a(UART_1_IntClock.o)
 .debug_frame   0x00000e24      0x3d0 .\CortexM3\ARM_GCC_541\Debug\PSoC_Audio_MIDI.a(CyDmac.o)
 .debug_frame   0x000011f4      0xc0c .\CortexM3\ARM_GCC_541\Debug\PSoC_Audio_MIDI.a(CyLib.o)
 .debug_frame   0x00001e00      0x234 .\CortexM3\ARM_GCC_541\Debug\PSoC_Audio_MIDI.a(cyPm.o)
 .debug_frame   0x00002034       0xa8 .\CortexM3\ARM_GCC_541\Debug\PSoC_Audio_MIDI.a(Pin_Dice_1.o)
 .debug_frame   0x000020dc       0xa8 .\CortexM3\ARM_GCC_541\Debug\PSoC_Audio_MIDI.a(Pin_Dice_2.o)
 .debug_frame   0x00002184       0xa8 .\CortexM3\ARM_GCC_541\Debug\PSoC_Audio_MIDI.a(Pin_Dice_LED_1.o)
 .debug_frame   0x0000222c       0xa8 .\CortexM3\ARM_GCC_541\Debug\PSoC_Audio_MIDI.a(Pin_Dice_LED_2.o)
 .debug_frame   0x000022d4      0x1e8 .\CortexM3\ARM_GCC_541\Debug\PSoC_Audio_MIDI.a(isr_checkMode.o)
 .debug_frame   0x000024bc      0x208 .\CortexM3\ARM_GCC_541\Debug\PSoC_Audio_MIDI.a(Timer_Mode.o)
 .debug_frame   0x000026c4      0x1b4 .\CortexM3\ARM_GCC_541\Debug\PSoC_Audio_MIDI.a(Clock_Mode.o)
 .debug_frame   0x00002878      0x210 .\CortexM3\ARM_GCC_541\Debug\PSoC_Audio_MIDI.a(CyFlash.o)
 .debug_frame   0x00002a88      0x1f8 .\CortexM3\ARM_GCC_541\Debug\PSoC_Audio_MIDI.a(CySpc.o)
 .debug_frame   0x00002c80       0x20 c:/program files (x86)/cypress/psoc creator/4.4/psoc creator/import/gnu/arm/5.4.1/bin/../lib/gcc/arm-none-eabi/5.4.1/../../../../arm-none-eabi/lib/armv7-m\libg_nano.a(lib_a-errno.o)
 .debug_frame   0x00002ca0       0x28 c:/program files (x86)/cypress/psoc creator/4.4/psoc creator/import/gnu/arm/5.4.1/bin/../lib/gcc/arm-none-eabi/5.4.1/../../../../arm-none-eabi/lib/armv7-m\libg_nano.a(lib_a-exit.o)
 .debug_frame   0x00002cc8       0x2c c:/program files (x86)/cypress/psoc creator/4.4/psoc creator/import/gnu/arm/5.4.1/bin/../lib/gcc/arm-none-eabi/5.4.1/../../../../arm-none-eabi/lib/armv7-m\libg_nano.a(lib_a-init.o)
 .debug_frame   0x00002cf4       0x28 c:/program files (x86)/cypress/psoc creator/4.4/psoc creator/import/gnu/arm/5.4.1/bin/../lib/gcc/arm-none-eabi/5.4.1/../../../../arm-none-eabi/lib/armv7-m\libg_nano.a(lib_a-memcpy-stub.o)
 .debug_frame   0x00002d1c       0x20 c:/program files (x86)/cypress/psoc creator/4.4/psoc creator/import/gnu/arm/5.4.1/bin/../lib/gcc/arm-none-eabi/5.4.1/../../../../arm-none-eabi/lib/armv7-m\libg_nano.a(lib_a-memset.o)
 .debug_frame   0x00002d3c       0x70 c:/program files (x86)/cypress/psoc creator/4.4/psoc creator/import/gnu/arm/5.4.1/bin/../lib/gcc/arm-none-eabi/5.4.1/../../../../arm-none-eabi/lib/armv7-m\libg_nano.a(lib_a-sprintf.o)
 .debug_frame   0x00002dac       0x90 c:/program files (x86)/cypress/psoc creator/4.4/psoc creator/import/gnu/arm/5.4.1/bin/../lib/gcc/arm-none-eabi/5.4.1/../../../../arm-none-eabi/lib/armv7-m\libg_nano.a(lib_a-nano-svfprintf.o)
 .debug_frame   0x00002e3c       0x60 c:/program files (x86)/cypress/psoc creator/4.4/psoc creator/import/gnu/arm/5.4.1/bin/../lib/gcc/arm-none-eabi/5.4.1/../../../../arm-none-eabi/lib/armv7-m\libg_nano.a(lib_a-nano-vfprintf_i.o)
 .debug_frame   0x00002e9c       0x28 c:/program files (x86)/cypress/psoc creator/4.4/psoc creator/import/gnu/arm/5.4.1/bin/../lib/gcc/arm-none-eabi/5.4.1/../../../../arm-none-eabi/lib/armv7-m\libg_nano.a(lib_a-memchr-stub.o)
 .debug_frame   0x00002ec4       0x28 c:/program files (x86)/cypress/psoc creator/4.4/psoc creator/import/gnu/arm/5.4.1/bin/../lib/gcc/arm-none-eabi/5.4.1/../../../../arm-none-eabi/lib/armv7-m\libg_nano.a(lib_a-memmove.o)
 .debug_frame   0x00002eec       0x38 c:/program files (x86)/cypress/psoc creator/4.4/psoc creator/import/gnu/arm/5.4.1/bin/../lib/gcc/arm-none-eabi/5.4.1/../../../../arm-none-eabi/lib/armv7-m\libg_nano.a(lib_a-nano-freer.o)
 .debug_frame   0x00002f24       0x2c c:/program files (x86)/cypress/psoc creator/4.4/psoc creator/import/gnu/arm/5.4.1/bin/../lib/gcc/arm-none-eabi/5.4.1/../../../../arm-none-eabi/lib/armv7-m\libg_nano.a(lib_a-nano-mallocr.o)
 .debug_frame   0x00002f50       0x3c c:/program files (x86)/cypress/psoc creator/4.4/psoc creator/import/gnu/arm/5.4.1/bin/../lib/gcc/arm-none-eabi/5.4.1/../../../../arm-none-eabi/lib/armv7-m\libg_nano.a(lib_a-nano-reallocr.o)
 .debug_frame   0x00002f8c       0x2c c:/program files (x86)/cypress/psoc creator/4.4/psoc creator/import/gnu/arm/5.4.1/bin/../lib/gcc/arm-none-eabi/5.4.1/../../../../arm-none-eabi/lib/armv7-m\libg_nano.a(lib_a-sbrkr.o)
 .debug_frame   0x00002fb8       0x30 c:/program files (x86)/cypress/psoc creator/4.4/psoc creator/import/gnu/arm/5.4.1/bin/../lib/gcc/arm-none-eabi/5.4.1/../../../../arm-none-eabi/lib/armv7-m\libg_nano.a(lib_a-mlock.o)
 .debug_frame   0x00002fe8       0x20 c:/program files (x86)/cypress/psoc creator/4.4/psoc creator/import/gnu/arm/5.4.1/bin/../lib/gcc/arm-none-eabi/5.4.1/../../../../arm-none-eabi/lib/armv7-m\libg_nano.a(lib_a-nano-msizer.o)
 .debug_frame   0x00003008       0x5c c:/program files (x86)/cypress/psoc creator/4.4/psoc creator/import/gnu/arm/5.4.1/bin/../lib/gcc/arm-none-eabi/5.4.1/../../../../arm-none-eabi/lib/armv7-m\libg_nano.a(lib_a-reent.o)

.debug_str      0x00000000     0x2747
 *(.debug_str)
 .debug_str     0x00000000      0x26b .\CortexM3\ARM_GCC_541\Debug\main.o
                                0x2b3 (size before relaxing)
 .debug_str     0x0000026b      0x1a3 .\CortexM3\ARM_GCC_541\Debug\cyfitter_cfg.o
                                0x34c (size before relaxing)
 .debug_str     0x0000040e       0x7f .\CortexM3\ARM_GCC_541\Debug\cymetadata.o
                                0x1f8 (size before relaxing)
 .debug_str     0x0000048d      0x123 .\CortexM3\ARM_GCC_541\Debug\Cm3Start.o
                                0x2eb (size before relaxing)
 .debug_str     0x000005b0      0x168 .\CortexM3\ARM_GCC_541\Debug\PSoC_Audio_MIDI.a(WaveDAC8_1.o)
                                0x30b (size before relaxing)
 .debug_str     0x00000718      0x168 .\CortexM3\ARM_GCC_541\Debug\PSoC_Audio_MIDI.a(Clock_1.o)
                                0x302 (size before relaxing)
 .debug_str     0x00000880      0x2ba .\CortexM3\ARM_GCC_541\Debug\PSoC_Audio_MIDI.a(UART_1.o)
                                0x46f (size before relaxing)
 .debug_str     0x00000b3a       0xcf .\CortexM3\ARM_GCC_541\Debug\PSoC_Audio_MIDI.a(WaveDAC8_1_Wave1_DMA_dma.o)
                                0x26b (size before relaxing)
 .debug_str     0x00000c09       0x94 .\CortexM3\ARM_GCC_541\Debug\PSoC_Audio_MIDI.a(WaveDAC8_1_Wave2_DMA_dma.o)
                                0x26b (size before relaxing)
 .debug_str     0x00000c9d      0x111 .\CortexM3\ARM_GCC_541\Debug\PSoC_Audio_MIDI.a(WaveDAC8_1_VDAC8.o)
                                0x2a1 (size before relaxing)
 .debug_str     0x00000dae       0xcc .\CortexM3\ARM_GCC_541\Debug\PSoC_Audio_MIDI.a(WaveDAC8_1_BuffAmp.o)
                                0x266 (size before relaxing)
 .debug_str     0x00000e7a      0x177 .\CortexM3\ARM_GCC_541\Debug\PSoC_Audio_MIDI.a(UART_1_IntClock.o)
                                0x362 (size before relaxing)
 .debug_str     0x00000ff1      0x36f .\CortexM3\ARM_GCC_541\Debug\PSoC_Audio_MIDI.a(CyDmac.o)
                                0x531 (size before relaxing)
 .debug_str     0x00001360      0x7d4 .\CortexM3\ARM_GCC_541\Debug\PSoC_Audio_MIDI.a(CyLib.o)
                                0x9fe (size before relaxing)
 .debug_str     0x00001b34      0x371 .\CortexM3\ARM_GCC_541\Debug\PSoC_Audio_MIDI.a(cyPm.o)
                                0x557 (size before relaxing)
 .debug_str     0x00001ea5       0x7f .\CortexM3\ARM_GCC_541\Debug\PSoC_Audio_MIDI.a(Pin_Dice_1.o)
                                0x20f (size before relaxing)
 .debug_str     0x00001f24       0x74 .\CortexM3\ARM_GCC_541\Debug\PSoC_Audio_MIDI.a(Pin_Dice_2.o)
                                0x20f (size before relaxing)
 .debug_str     0x00001f98       0x88 .\CortexM3\ARM_GCC_541\Debug\PSoC_Audio_MIDI.a(Pin_Dice_LED_1.o)
                                0x223 (size before relaxing)
 .debug_str     0x00002020       0x88 .\CortexM3\ARM_GCC_541\Debug\PSoC_Audio_MIDI.a(Pin_Dice_LED_2.o)
                                0x223 (size before relaxing)
 .debug_str     0x000020a8      0x156 .\CortexM3\ARM_GCC_541\Debug\PSoC_Audio_MIDI.a(isr_checkMode.o)
                                0x32a (size before relaxing)
 .debug_str     0x000021fe      0x1aa .\CortexM3\ARM_GCC_541\Debug\PSoC_Audio_MIDI.a(Timer_Mode.o)
                                0x359 (size before relaxing)
 .debug_str     0x000023a8      0x13b .\CortexM3\ARM_GCC_541\Debug\PSoC_Audio_MIDI.a(Clock_Mode.o)
                                0x326 (size before relaxing)
 .debug_str     0x000024e3      0x145 .\CortexM3\ARM_GCC_541\Debug\PSoC_Audio_MIDI.a(CyFlash.o)
                                0x30a (size before relaxing)
 .debug_str     0x00002628      0x11f .\CortexM3\ARM_GCC_541\Debug\PSoC_Audio_MIDI.a(CySpc.o)
                                0x307 (size before relaxing)

.debug_loc
 *(.debug_loc)

.debug_macinfo
 *(.debug_macinfo)

.debug_ranges   0x00000000      0x9e0
 *(.debug_ranges)
 .debug_ranges  0x00000000       0x30 .\CortexM3\ARM_GCC_541\Debug\main.o
 .debug_ranges  0x00000030       0x50 .\CortexM3\ARM_GCC_541\Debug\cyfitter_cfg.o
 .debug_ranges  0x00000080       0x38 .\CortexM3\ARM_GCC_541\Debug\Cm3Start.o
 .debug_ranges  0x000000b8       0x40 .\CortexM3\ARM_GCC_541\Debug\PSoC_Audio_MIDI.a(WaveDAC8_1.o)
 .debug_ranges  0x000000f8       0x60 .\CortexM3\ARM_GCC_541\Debug\PSoC_Audio_MIDI.a(Clock_1.o)
 .debug_ranges  0x00000158       0xe0 .\CortexM3\ARM_GCC_541\Debug\PSoC_Audio_MIDI.a(UART_1.o)
 .debug_ranges  0x00000238       0x18 .\CortexM3\ARM_GCC_541\Debug\PSoC_Audio_MIDI.a(WaveDAC8_1_Wave1_DMA_dma.o)
 .debug_ranges  0x00000250       0x18 .\CortexM3\ARM_GCC_541\Debug\PSoC_Audio_MIDI.a(WaveDAC8_1_Wave2_DMA_dma.o)
 .debug_ranges  0x00000268       0x48 .\CortexM3\ARM_GCC_541\Debug\PSoC_Audio_MIDI.a(WaveDAC8_1_VDAC8.o)
 .debug_ranges  0x000002b0       0x30 .\CortexM3\ARM_GCC_541\Debug\PSoC_Audio_MIDI.a(WaveDAC8_1_BuffAmp.o)
 .debug_ranges  0x000002e0       0x60 .\CortexM3\ARM_GCC_541\Debug\PSoC_Audio_MIDI.a(UART_1_IntClock.o)
 .debug_ranges  0x00000340       0xc8 .\CortexM3\ARM_GCC_541\Debug\PSoC_Audio_MIDI.a(CyDmac.o)
 .debug_ranges  0x00000408      0x290 .\CortexM3\ARM_GCC_541\Debug\PSoC_Audio_MIDI.a(CyLib.o)
 .debug_ranges  0x00000698       0x88 .\CortexM3\ARM_GCC_541\Debug\PSoC_Audio_MIDI.a(cyPm.o)
 .debug_ranges  0x00000720       0x28 .\CortexM3\ARM_GCC_541\Debug\PSoC_Audio_MIDI.a(Pin_Dice_1.o)
 .debug_ranges  0x00000748       0x28 .\CortexM3\ARM_GCC_541\Debug\PSoC_Audio_MIDI.a(Pin_Dice_2.o)
 .debug_ranges  0x00000770       0x28 .\CortexM3\ARM_GCC_541\Debug\PSoC_Audio_MIDI.a(Pin_Dice_LED_1.o)
 .debug_ranges  0x00000798       0x28 .\CortexM3\ARM_GCC_541\Debug\PSoC_Audio_MIDI.a(Pin_Dice_LED_2.o)
 .debug_ranges  0x000007c0       0x70 .\CortexM3\ARM_GCC_541\Debug\PSoC_Audio_MIDI.a(isr_checkMode.o)
 .debug_ranges  0x00000830       0x78 .\CortexM3\ARM_GCC_541\Debug\PSoC_Audio_MIDI.a(Timer_Mode.o)
 .debug_ranges  0x000008a8       0x60 .\CortexM3\ARM_GCC_541\Debug\PSoC_Audio_MIDI.a(Clock_Mode.o)
 .debug_ranges  0x00000908       0x70 .\CortexM3\ARM_GCC_541\Debug\PSoC_Audio_MIDI.a(CyFlash.o)
 .debug_ranges  0x00000978       0x68 .\CortexM3\ARM_GCC_541\Debug\PSoC_Audio_MIDI.a(CySpc.o)

.comment        0x00000000       0x6e
 .comment       0x00000000       0x6e .\CortexM3\ARM_GCC_541\Debug\main.o
                                 0x6f (size before relaxing)
 .comment       0x0000006e       0x6f .\CortexM3\ARM_GCC_541\Debug\cyfitter_cfg.o
 .comment       0x0000006e       0x6f .\CortexM3\ARM_GCC_541\Debug\cymetadata.o
 .comment       0x0000006e       0x6f .\CortexM3\ARM_GCC_541\Debug\Cm3Start.o
 .comment       0x0000006e       0x6f .\CortexM3\ARM_GCC_541\Debug\PSoC_Audio_MIDI.a(WaveDAC8_1.o)
 .comment       0x0000006e       0x6f .\CortexM3\ARM_GCC_541\Debug\PSoC_Audio_MIDI.a(Clock_1.o)
 .comment       0x0000006e       0x6f .\CortexM3\ARM_GCC_541\Debug\PSoC_Audio_MIDI.a(UART_1.o)
 .comment       0x0000006e       0x6f .\CortexM3\ARM_GCC_541\Debug\PSoC_Audio_MIDI.a(WaveDAC8_1_Wave1_DMA_dma.o)
 .comment       0x0000006e       0x6f .\CortexM3\ARM_GCC_541\Debug\PSoC_Audio_MIDI.a(WaveDAC8_1_Wave2_DMA_dma.o)
 .comment       0x0000006e       0x6f .\CortexM3\ARM_GCC_541\Debug\PSoC_Audio_MIDI.a(WaveDAC8_1_VDAC8.o)
 .comment       0x0000006e       0x6f .\CortexM3\ARM_GCC_541\Debug\PSoC_Audio_MIDI.a(WaveDAC8_1_BuffAmp.o)
 .comment       0x0000006e       0x6f .\CortexM3\ARM_GCC_541\Debug\PSoC_Audio_MIDI.a(UART_1_IntClock.o)
 .comment       0x0000006e       0x6f .\CortexM3\ARM_GCC_541\Debug\PSoC_Audio_MIDI.a(CyDmac.o)
 .comment       0x0000006e       0x6f .\CortexM3\ARM_GCC_541\Debug\PSoC_Audio_MIDI.a(CyLib.o)
 .comment       0x0000006e       0x6f .\CortexM3\ARM_GCC_541\Debug\PSoC_Audio_MIDI.a(cyPm.o)
 .comment       0x0000006e       0x6f .\CortexM3\ARM_GCC_541\Debug\PSoC_Audio_MIDI.a(Pin_Dice_1.o)
 .comment       0x0000006e       0x6f .\CortexM3\ARM_GCC_541\Debug\PSoC_Audio_MIDI.a(Pin_Dice_2.o)
 .comment       0x0000006e       0x6f .\CortexM3\ARM_GCC_541\Debug\PSoC_Audio_MIDI.a(Pin_Dice_LED_1.o)
 .comment       0x0000006e       0x6f .\CortexM3\ARM_GCC_541\Debug\PSoC_Audio_MIDI.a(Pin_Dice_LED_2.o)
 .comment       0x0000006e       0x6f .\CortexM3\ARM_GCC_541\Debug\PSoC_Audio_MIDI.a(isr_checkMode.o)
 .comment       0x0000006e       0x6f .\CortexM3\ARM_GCC_541\Debug\PSoC_Audio_MIDI.a(Timer_Mode.o)
 .comment       0x0000006e       0x6f .\CortexM3\ARM_GCC_541\Debug\PSoC_Audio_MIDI.a(Clock_Mode.o)
 .comment       0x0000006e       0x6f .\CortexM3\ARM_GCC_541\Debug\PSoC_Audio_MIDI.a(CyFlash.o)
 .comment       0x0000006e       0x6f .\CortexM3\ARM_GCC_541\Debug\PSoC_Audio_MIDI.a(CySpc.o)

.debug_weaknames
 *(.debug_weaknames)

.debug_funcnames
 *(.debug_funcnames)

.debug_typenames
 *(.debug_typenames)

.debug_varnames
 *(.debug_varnames)

.note.gnu.arm.ident
 *(.note.gnu.arm.ident)

.ARM.attributes
                0x00000000       0x29
 *(.ARM.attributes)
 .ARM.attributes
                0x00000000       0x1d c:/program files (x86)/cypress/psoc creator/4.4/psoc creator/import/gnu/arm/5.4.1/bin/../lib/gcc/arm-none-eabi/5.4.1/armv7-m/crti.o
 .ARM.attributes
                0x0000001d       0x2d c:/program files (x86)/cypress/psoc creator/4.4/psoc creator/import/gnu/arm/5.4.1/bin/../lib/gcc/arm-none-eabi/5.4.1/armv7-m/crtbegin.o
 .ARM.attributes
                0x0000004a       0x1b c:/program files (x86)/cypress/psoc creator/4.4/psoc creator/import/gnu/arm/5.4.1/bin/../lib/gcc/arm-none-eabi/5.4.1/../../../../arm-none-eabi/lib/armv7-m/crt0.o
 .ARM.attributes
                0x00000065       0x33 .\CortexM3\ARM_GCC_541\Debug\main.o
 .ARM.attributes
                0x00000098       0x33 .\CortexM3\ARM_GCC_541\Debug\cyfitter_cfg.o
 .ARM.attributes
                0x000000cb       0x33 .\CortexM3\ARM_GCC_541\Debug\cymetadata.o
 .ARM.attributes
                0x000000fe       0x33 .\CortexM3\ARM_GCC_541\Debug\Cm3Start.o
 .ARM.attributes
                0x00000131       0x33 .\CortexM3\ARM_GCC_541\Debug\PSoC_Audio_MIDI.a(WaveDAC8_1.o)
 .ARM.attributes
                0x00000164       0x33 .\CortexM3\ARM_GCC_541\Debug\PSoC_Audio_MIDI.a(Clock_1.o)
 .ARM.attributes
                0x00000197       0x33 .\CortexM3\ARM_GCC_541\Debug\PSoC_Audio_MIDI.a(UART_1.o)
 .ARM.attributes
                0x000001ca       0x33 .\CortexM3\ARM_GCC_541\Debug\PSoC_Audio_MIDI.a(WaveDAC8_1_Wave1_DMA_dma.o)
 .ARM.attributes
                0x000001fd       0x33 .\CortexM3\ARM_GCC_541\Debug\PSoC_Audio_MIDI.a(WaveDAC8_1_Wave2_DMA_dma.o)
 .ARM.attributes
                0x00000230       0x33 .\CortexM3\ARM_GCC_541\Debug\PSoC_Audio_MIDI.a(WaveDAC8_1_VDAC8.o)
 .ARM.attributes
                0x00000263       0x33 .\CortexM3\ARM_GCC_541\Debug\PSoC_Audio_MIDI.a(WaveDAC8_1_BuffAmp.o)
 .ARM.attributes
                0x00000296       0x33 .\CortexM3\ARM_GCC_541\Debug\PSoC_Audio_MIDI.a(UART_1_IntClock.o)
 .ARM.attributes
                0x000002c9       0x33 .\CortexM3\ARM_GCC_541\Debug\PSoC_Audio_MIDI.a(CyDmac.o)
 .ARM.attributes
                0x000002fc       0x33 .\CortexM3\ARM_GCC_541\Debug\PSoC_Audio_MIDI.a(CyLib.o)
 .ARM.attributes
                0x0000032f       0x33 .\CortexM3\ARM_GCC_541\Debug\PSoC_Audio_MIDI.a(cyPm.o)
 .ARM.attributes
                0x00000362       0x33 .\CortexM3\ARM_GCC_541\Debug\PSoC_Audio_MIDI.a(Pin_Dice_1.o)
 .ARM.attributes
                0x00000395       0x33 .\CortexM3\ARM_GCC_541\Debug\PSoC_Audio_MIDI.a(Pin_Dice_2.o)
 .ARM.attributes
                0x000003c8       0x33 .\CortexM3\ARM_GCC_541\Debug\PSoC_Audio_MIDI.a(Pin_Dice_LED_1.o)
 .ARM.attributes
                0x000003fb       0x33 .\CortexM3\ARM_GCC_541\Debug\PSoC_Audio_MIDI.a(Pin_Dice_LED_2.o)
 .ARM.attributes
                0x0000042e       0x33 .\CortexM3\ARM_GCC_541\Debug\PSoC_Audio_MIDI.a(isr_checkMode.o)
 .ARM.attributes
                0x00000461       0x33 .\CortexM3\ARM_GCC_541\Debug\PSoC_Audio_MIDI.a(Timer_Mode.o)
 .ARM.attributes
                0x00000494       0x33 .\CortexM3\ARM_GCC_541\Debug\PSoC_Audio_MIDI.a(Clock_Mode.o)
 .ARM.attributes
                0x000004c7       0x21 .\CortexM3\ARM_GCC_541\Debug\PSoC_Audio_MIDI.a(CyBootAsmGnu.o)
 .ARM.attributes
                0x000004e8       0x33 .\CortexM3\ARM_GCC_541\Debug\PSoC_Audio_MIDI.a(CyFlash.o)
 .ARM.attributes
                0x0000051b       0x33 .\CortexM3\ARM_GCC_541\Debug\PSoC_Audio_MIDI.a(CySpc.o)
 .ARM.attributes
                0x0000054e       0x1d c:/program files (x86)/cypress/psoc creator/4.4/psoc creator/import/gnu/arm/5.4.1/bin/../lib/gcc/arm-none-eabi/5.4.1/armv7-m\libgcc.a(_arm_addsubdf3.o)
 .ARM.attributes
                0x0000056b       0x1d c:/program files (x86)/cypress/psoc creator/4.4/psoc creator/import/gnu/arm/5.4.1/bin/../lib/gcc/arm-none-eabi/5.4.1/armv7-m\libgcc.a(_arm_fixunsdfsi.o)
 .ARM.attributes
                0x00000588       0x2d c:/program files (x86)/cypress/psoc creator/4.4/psoc creator/import/gnu/arm/5.4.1/bin/../lib/gcc/arm-none-eabi/5.4.1/../../../../arm-none-eabi/lib/armv7-m\libg_nano.a(lib_a-errno.o)
 .ARM.attributes
                0x000005b5       0x2d c:/program files (x86)/cypress/psoc creator/4.4/psoc creator/import/gnu/arm/5.4.1/bin/../lib/gcc/arm-none-eabi/5.4.1/../../../../arm-none-eabi/lib/armv7-m\libg_nano.a(lib_a-exit.o)
 .ARM.attributes
                0x000005e2       0x2d c:/program files (x86)/cypress/psoc creator/4.4/psoc creator/import/gnu/arm/5.4.1/bin/../lib/gcc/arm-none-eabi/5.4.1/../../../../arm-none-eabi/lib/armv7-m\libg_nano.a(lib_a-impure.o)
 .ARM.attributes
                0x0000060f       0x2d c:/program files (x86)/cypress/psoc creator/4.4/psoc creator/import/gnu/arm/5.4.1/bin/../lib/gcc/arm-none-eabi/5.4.1/../../../../arm-none-eabi/lib/armv7-m\libg_nano.a(lib_a-init.o)
 .ARM.attributes
                0x0000063c       0x2d c:/program files (x86)/cypress/psoc creator/4.4/psoc creator/import/gnu/arm/5.4.1/bin/../lib/gcc/arm-none-eabi/5.4.1/../../../../arm-none-eabi/lib/armv7-m\libg_nano.a(lib_a-memcpy-stub.o)
 .ARM.attributes
                0x00000669       0x2d c:/program files (x86)/cypress/psoc creator/4.4/psoc creator/import/gnu/arm/5.4.1/bin/../lib/gcc/arm-none-eabi/5.4.1/../../../../arm-none-eabi/lib/armv7-m\libg_nano.a(lib_a-memset.o)
 .ARM.attributes
                0x00000696       0x2d c:/program files (x86)/cypress/psoc creator/4.4/psoc creator/import/gnu/arm/5.4.1/bin/../lib/gcc/arm-none-eabi/5.4.1/../../../../arm-none-eabi/lib/armv7-m\libg_nano.a(lib_a-sprintf.o)
 .ARM.attributes
                0x000006c3       0x2d c:/program files (x86)/cypress/psoc creator/4.4/psoc creator/import/gnu/arm/5.4.1/bin/../lib/gcc/arm-none-eabi/5.4.1/../../../../arm-none-eabi/lib/armv7-m\libg_nano.a(lib_a-nano-svfprintf.o)
 .ARM.attributes
                0x000006f0       0x2d c:/program files (x86)/cypress/psoc creator/4.4/psoc creator/import/gnu/arm/5.4.1/bin/../lib/gcc/arm-none-eabi/5.4.1/../../../../arm-none-eabi/lib/armv7-m\libg_nano.a(lib_a-nano-vfprintf_i.o)
 .ARM.attributes
                0x0000071d       0x2d c:/program files (x86)/cypress/psoc creator/4.4/psoc creator/import/gnu/arm/5.4.1/bin/../lib/gcc/arm-none-eabi/5.4.1/../../../../arm-none-eabi/lib/armv7-m\libg_nano.a(lib_a-memchr-stub.o)
 .ARM.attributes
                0x0000074a       0x2d c:/program files (x86)/cypress/psoc creator/4.4/psoc creator/import/gnu/arm/5.4.1/bin/../lib/gcc/arm-none-eabi/5.4.1/../../../../arm-none-eabi/lib/armv7-m\libg_nano.a(lib_a-memmove.o)
 .ARM.attributes
                0x00000777       0x2d c:/program files (x86)/cypress/psoc creator/4.4/psoc creator/import/gnu/arm/5.4.1/bin/../lib/gcc/arm-none-eabi/5.4.1/../../../../arm-none-eabi/lib/armv7-m\libg_nano.a(lib_a-nano-freer.o)
 .ARM.attributes
                0x000007a4       0x2d c:/program files (x86)/cypress/psoc creator/4.4/psoc creator/import/gnu/arm/5.4.1/bin/../lib/gcc/arm-none-eabi/5.4.1/../../../../arm-none-eabi/lib/armv7-m\libg_nano.a(lib_a-nano-mallocr.o)
 .ARM.attributes
                0x000007d1       0x2d c:/program files (x86)/cypress/psoc creator/4.4/psoc creator/import/gnu/arm/5.4.1/bin/../lib/gcc/arm-none-eabi/5.4.1/../../../../arm-none-eabi/lib/armv7-m\libg_nano.a(lib_a-nano-reallocr.o)
 .ARM.attributes
                0x000007fe       0x2d c:/program files (x86)/cypress/psoc creator/4.4/psoc creator/import/gnu/arm/5.4.1/bin/../lib/gcc/arm-none-eabi/5.4.1/../../../../arm-none-eabi/lib/armv7-m\libg_nano.a(lib_a-sbrkr.o)
 .ARM.attributes
                0x0000082b       0x2d c:/program files (x86)/cypress/psoc creator/4.4/psoc creator/import/gnu/arm/5.4.1/bin/../lib/gcc/arm-none-eabi/5.4.1/../../../../arm-none-eabi/lib/armv7-m\libg_nano.a(lib_a-mlock.o)
 .ARM.attributes
                0x00000858       0x2d c:/program files (x86)/cypress/psoc creator/4.4/psoc creator/import/gnu/arm/5.4.1/bin/../lib/gcc/arm-none-eabi/5.4.1/../../../../arm-none-eabi/lib/armv7-m\libg_nano.a(lib_a-nano-msizer.o)
 .ARM.attributes
                0x00000885       0x2d c:/program files (x86)/cypress/psoc creator/4.4/psoc creator/import/gnu/arm/5.4.1/bin/../lib/gcc/arm-none-eabi/5.4.1/../../../../arm-none-eabi/lib/armv7-m\libg_nano.a(lib_a-reent.o)
 .ARM.attributes
                0x000008b2       0x2d c:/program files (x86)/cypress/psoc creator/4.4/psoc creator/import/gnu/arm/5.4.1/bin/../lib/gcc/arm-none-eabi/5.4.1/armv7-m/crtend.o
 .ARM.attributes
                0x000008df       0x1d c:/program files (x86)/cypress/psoc creator/4.4/psoc creator/import/gnu/arm/5.4.1/bin/../lib/gcc/arm-none-eabi/5.4.1/armv7-m/crtn.o

/DISCARD/
 *(.note.GNU-stack)
OUTPUT(C:\Users\Silvan\OneDrive\Dokumente\PSoC Creator\PSoC_Audio_MIDI\PSoC_Audio_MIDI.cydsn\CortexM3\ARM_GCC_541\Debug\PSoC_Audio_MIDI.elf elf32-littlearm)
